{
  "baseline": {
    "baseline_median_bps": 377918233.50676876,
    "bytes_completed": [
      50331648,
      50331648
    ],
    "duration_s": [
      1.065841285,
      1.065060071
    ],
    "fault_period_retention": 1.0,
    "iqr_throughput_bps": 138549.35801672935,
    "median_throughput_bps": 377918233.50676876,
    "post_recovery_retention": 1.0,
    "round_count": 2,
    "throughput_bps": [
      377779684.14875203,
      378056782.8647855
    ]
  },
  "condition": "C3",
  "correctness_status": "pass",
  "detector_interface": "sA-eth3",
  "detector_interface_operstate_after": "up",
  "experiment_family": "active_active_v1",
  "fault_applied": true,
  "fault_interface": "w2-eth0",
  "fault_interface_operstate_after": "up",
  "fault_observation_isolation": {
    "detector_location": "switch-facing peer interface counters",
    "detector_reads_injector_qdisc": false,
    "injector_location": "worker-side egress qdisc",
    "observed_counter": "rx_bytes",
    "same_interface": false
  },
  "fault_period_retention": 0.37743951343581966,
  "fault_to_restoration_window": {
    "baseline_median_bps": 377918233.50676876,
    "interval_retention": 0.3740243541563673,
    "interval_throughput_bps": 141350623.2112844,
    "round_count": 21,
    "total_bytes_completed": 1056964608,
    "total_duration_s": 59.82086723
  },
  "fault_window": {
    "baseline_median_bps": 377918233.50676876,
    "bytes_completed": [
      50331648,
      50331648,
      50331648,
      50331648,
      50331648,
      50331648,
      50331648,
      50331648,
      50331648,
      50331648,
      50331648,
      50331648,
      50331648,
      50331648,
      50331648,
      50331648,
      50331648,
      50331648,
      50331648,
      50331648,
      50331648
    ],
    "duration_s": [
      2.854262509,
      2.878083241,
      2.873768266,
      2.840303861,
      2.821858108,
      2.821748997,
      2.822624842,
      2.943519925,
      2.848588137,
      2.822753033,
      2.822658583,
      2.823216036,
      2.943640696,
      2.84735682,
      2.822837824,
      2.822551323,
      2.822449292,
      2.922733399,
      2.82219633,
      2.821888789,
      2.821827219
    ],
    "fault_period_retention": 0.37743951343581966,
    "iqr_throughput_bps": 1590078.862101823,
    "median_throughput_bps": 142641274.17331928,
    "post_recovery_retention": 0.37743951343581966,
    "round_count": 21,
    "throughput_bps": [
      141070830.98711577,
      139903244.72342113,
      140113310.02706537,
      141764122.3281779,
      142690797.54877597,
      142696315.09680307,
      142652037.21324012,
      136793089.31465787,
      141351843.31142217,
      142645558.88974223,
      142650332.0043932,
      142622165.24190927,
      136787476.99987635,
      141412969.8012348,
      142641274.17331928,
      142655752.871141,
      142660909.8492176,
      137765963.92191157,
      142673696.9784097,
      142689246.14236453,
      142692359.50693408
    ]
  },
  "host_refinement": {
    "action": "defer",
    "baseline_p95_s": 1.0658022243,
    "confidence": null,
    "decision_t_monotonic_ns": 3012650749867878,
    "enabled": true,
    "gate_mode": "step",
    "l_host_ms": 1026.274946,
    "reasons": [
      "The alternate fabric health probe failed, so reroute is unsafe."
    ]
  },
  "interpretation_boundary": "CPU/Mininet framed AllReduce-like workload; not NCCL, RDMA, a real GPU cluster, or production switch hardware.",
  "latency": {
    "l_commit_to_recovered_round_ms": null,
    "l_coordination_ms": null,
    "l_detection_ms": null,
    "l_fault_to_commit_ms": null,
    "l_fault_to_recovered_round_complete_ms": null,
    "l_host_ms": 1026.274946,
    "l_switch_ms": 44.318076,
    "latency_target": {
      "numeric_target_ms": null,
      "source": "Review feedback requests millisecond-level detection and recovery without a numeric threshold.",
      "status": "not_formally_specified",
      "unit": "ms"
    }
  },
  "post_fault": {
    "baseline_median_bps": 377918233.50676876,
    "bytes_completed": [
      50331648,
      50331648,
      50331648,
      50331648,
      50331648,
      50331648,
      50331648,
      50331648,
      50331648,
      50331648,
      50331648,
      50331648,
      50331648,
      50331648,
      50331648,
      50331648,
      50331648,
      50331648,
      50331648,
      50331648,
      50331648
    ],
    "duration_s": [
      2.854262509,
      2.878083241,
      2.873768266,
      2.840303861,
      2.821858108,
      2.821748997,
      2.822624842,
      2.943519925,
      2.848588137,
      2.822753033,
      2.822658583,
      2.823216036,
      2.943640696,
      2.84735682,
      2.822837824,
      2.822551323,
      2.822449292,
      2.922733399,
      2.82219633,
      2.821888789,
      2.821827219
    ],
    "fault_period_retention": 0.37743951343581966,
    "iqr_throughput_bps": 1590078.862101823,
    "median_throughput_bps": 142641274.17331928,
    "post_recovery_retention": 0.37743951343581966,
    "round_count": 21,
    "throughput_bps": [
      141070830.98711577,
      139903244.72342113,
      140113310.02706537,
      141764122.3281779,
      142690797.54877597,
      142696315.09680307,
      142652037.21324012,
      136793089.31465787,
      141351843.31142217,
      142645558.88974223,
      142650332.0043932,
      142622165.24190927,
      136787476.99987635,
      141412969.8012348,
      142641274.17331928,
      142655752.871141,
      142660909.8492176,
      137765963.92191157,
      142673696.9784097,
      142689246.14236453,
      142692359.50693408
    ]
  },
  "post_recovery": null,
  "post_recovery_retention": null,
  "recovery": {
    "commit_t_monotonic_ns": null,
    "committed": false,
    "decision": null,
    "enabled": true,
    "first_recovered_round_id": null,
    "l_commit_to_recovered_round_ms": null,
    "l_coordination_ms": null,
    "l_fault_to_commit_ms": null,
    "l_fault_to_recovered_round_complete_ms": null,
    "oracle": false
  },
  "routing": {
    "changed_slots": [],
    "initial_plan_fingerprint": "6b25bbb30fb02f988d2e6e22ba2dc06d94a582024c487c8e3e27c9bb1843c83e",
    "initial_policy": "balanced_active_active",
    "recovered_plan_fingerprint": null,
    "recovery_policy": "localized"
  },
  "run_id": "aa6_stepdetect_rep03",
  "scenario_id": "AA6_STEPDETECT",
  "status": "complete",
  "switch_detection": {
    "baseline_median_bps": 100697858.64413977,
    "detector_rule": "burst",
    "enabled": true,
    "execution_boundary": {
      "claim_boundary": "Demonstrates a switch-counter-first interface and closed-loop control scaffold; does not satisfy the final switch-hardware placement or ASIC resource-footprint requirement.",
      "data_source": "switch-facing Linux interface counters",
      "process_placement": "orchestrator/root namespace management-plane proxy",
      "resource_budget_enforced": false,
      "switch_resident": false
    },
    "fault_t_monotonic_ns": 3012649679274856,
    "first_suspect_t_monotonic_ns": 3012649723592932,
    "interface": "sA-eth3",
    "l_switch_ms": 44.318076,
    "rule_version": "l1-v0.3-burst-aware-rx-rate",
    "state_proxy": {
      "calibration_rate_samples": 70,
      "max_consecutive_evidence_samples": 2,
      "monitored_ports": 1,
      "rss_isolated_or_budgeted": false
    },
    "suspect_count": 1,
    "triggered": true
  },
  "switch_sampling": {
    "max_actual_interval_ms": 21.964042,
    "median_actual_interval_ms": 19.999831,
    "sample_count": 3158,
    "target_interval_ms": 20.0
  },
  "topology": "dual"
}
