*** Error setting resource limits. Mininet's performance may be affected.
{
  "baseline": {
    "baseline_median_bps": 371648616.05974334,
    "bytes_completed": [
      50331648,
      50331648
    ],
    "duration_s": [
      1.081457276,
      1.085398721
    ],
    "fault_period_retention": 1.0,
    "iqr_throughput_bps": 676017.5025722384,
    "median_throughput_bps": 371648616.05974334,
    "post_recovery_retention": 1.0,
    "round_count": 2,
    "throughput_bps": [
      372324633.5623156,
      370972598.5571711
    ]
  },
  "condition": "C2",
  "correctness_status": "pass",
  "detector_interface": "sA-eth3",
  "detector_interface_operstate_after": "up",
  "experiment_family": "active_active_v1",
  "fault_applied": true,
  "fault_interface": "w2-eth0",
  "fault_interface_operstate_after": "up",
  "fault_kind": "rate_cap",
  "fault_observation_isolation": {
    "detector_location": "switch-facing peer interface counters",
    "detector_reads_injector_qdisc": false,
    "injector_location": "worker-side egress qdisc",
    "observed_counter": "rx_bytes",
    "same_interface": false
  },
  "fault_period_retention": 0.9905795109721355,
  "fault_to_restoration_window": {
    "baseline_median_bps": 371648616.05974334,
    "interval_retention": 0.9568359113991032,
    "interval_throughput_bps": 355606742.2677399,
    "round_count": 8,
    "total_bytes_completed": 402653184,
    "total_duration_s": 9.05839257
  },
  "fault_window": {
    "baseline_median_bps": 371648616.05974334,
    "bytes_completed": [
      50331648,
      50331648,
      50331648,
      50331648,
      50331648,
      50331648,
      50331648,
      50331648
    ],
    "duration_s": [
      1.094408349,
      1.090573896,
      1.093386948,
      1.091047321,
      1.098661275,
      1.094068995,
      1.40821286,
      1.088032926
    ],
    "fault_period_retention": 0.9905795109721355,
    "iqr_throughput_bps": 1529498.2239797115,
    "median_throughput_bps": 368147504.3499315,
    "post_recovery_retention": 0.9905795109721355,
    "round_count": 8,
    "throughput_bps": [
      367918596.71750367,
      369212196.87803715,
      368262292.44507134,
      369051989.0841655,
      366494381.0821038,
      368032716.2547916,
      285932045.81301725,
      370074447.54479796
    ]
  },
  "host_refinement": {
    "action": null,
    "baseline_p95_s": 1.0852016487499998,
    "confidence": null,
    "decision_t_monotonic_ns": null,
    "enabled": false,
    "gate_mode": "round",
    "l_host_ms": null,
    "reasons": []
  },
  "interpretation_boundary": "CPU/Mininet framed AllReduce-like workload; not NCCL, RDMA, a real GPU cluster, or production switch hardware.",
  "latency": {
    "l_commit_to_recovered_round_ms": null,
    "l_coordination_ms": null,
    "l_detection_ms": null,
    "l_fault_to_commit_ms": null,
    "l_fault_to_first_recovered_step_ms": null,
    "l_fault_to_recovered_round_complete_ms": null,
    "l_host_ms": null,
    "l_suspect_to_commit_ms": null,
    "l_suspect_to_first_recovered_step_ms": null,
    "l_switch_ms": 383.570169,
    "latency_target": {
      "numeric_target_ms": null,
      "source": "Review feedback requests millisecond-level detection and recovery without a numeric threshold.",
      "status": "not_formally_specified",
      "unit": "ms"
    }
  },
  "post_fault": {
    "baseline_median_bps": 371648616.05974334,
    "bytes_completed": [
      50331648,
      50331648,
      50331648,
      50331648,
      50331648,
      50331648,
      50331648,
      50331648
    ],
    "duration_s": [
      1.094408349,
      1.090573896,
      1.093386948,
      1.091047321,
      1.098661275,
      1.094068995,
      1.40821286,
      1.088032926
    ],
    "fault_period_retention": 0.9905795109721355,
    "iqr_throughput_bps": 1529498.2239797115,
    "median_throughput_bps": 368147504.3499315,
    "post_recovery_retention": 0.9905795109721355,
    "round_count": 8,
    "throughput_bps": [
      367918596.71750367,
      369212196.87803715,
      368262292.44507134,
      369051989.0841655,
      366494381.0821038,
      368032716.2547916,
      285932045.81301725,
      370074447.54479796
    ]
  },
  "post_recovery": null,
  "post_recovery_retention": null,
  "recovery": {
    "commit_t_monotonic_ns": null,
    "committed": false,
    "decision": null,
    "enabled": false,
    "first_recovered_round_id": null,
    "l_commit_to_recovered_round_ms": null,
    "l_coordination_ms": null,
    "l_fault_to_commit_ms": null,
    "l_fault_to_recovered_round_complete_ms": null,
    "oracle": false
  },
  "routing": {
    "changed_slots": [],
    "initial_plan_fingerprint": "6b25bbb30fb02f988d2e6e22ba2dc06d94a582024c487c8e3e27c9bb1843c83e",
    "initial_policy": "balanced_active_active",
    "recovered_plan_fingerprint": null,
    "recovery_policy": "none"
  },
  "run_id": "aa13_lossfast_rep02",
  "scenario_id": "AA13_LOSSFAST",
  "status": "complete",
  "switch_detection": {
    "baseline_median_bps": 95312339.00617337,
    "detector_rule": "burst",
    "enabled": true,
    "execution_boundary": {
      "claim_boundary": "Demonstrates a switch-counter-first interface and closed-loop control scaffold; does not satisfy the final switch-hardware placement or ASIC resource-footprint requirement.",
      "data_source": "switch-facing Linux interface counters",
      "process_placement": "orchestrator/root namespace management-plane proxy",
      "resource_budget_enforced": false,
      "switch_resident": false
    },
    "fault_t_monotonic_ns": 41914689423196,
    "first_suspect_t_monotonic_ns": 41915072993365,
    "interface": "sA-eth3",
    "l_switch_ms": 383.570169,
    "rule_version": "l1-v0.3-burst-aware-rx-rate",
    "state_proxy": {
      "calibration_rate_samples": 85,
      "max_consecutive_evidence_samples": 2,
      "monitored_ports": 1,
      "rss_isolated_or_budgeted": false
    },
    "suspect_count": 1,
    "triggered": true
  },
  "switch_sampling": {
    "max_actual_interval_ms": 20.104464,
    "median_actual_interval_ms": 19.9995275,
    "sample_count": 623,
    "target_interval_ms": 20.0
  },
  "topology": "dual"
}
