{
  "baseline": {
    "baseline_median_bps": 377874891.89993984,
    "bytes_completed": [
      50331648,
      50331648
    ],
    "duration_s": [
      1.066206375,
      1.064939858
    ],
    "fault_period_retention": 1.0,
    "iqr_throughput_bps": 224566.933537364,
    "median_throughput_bps": 377874891.89993984,
    "post_recovery_retention": 1.0,
    "round_count": 2,
    "throughput_bps": [
      377650324.96640253,
      378099458.83347714
    ]
  },
  "condition": "C5",
  "correctness_status": "pass",
  "detector_interface": "sA-eth3",
  "detector_interface_operstate_after": "up",
  "experiment_family": "active_active_v1",
  "fault_applied": true,
  "fault_interface": "w2-eth0",
  "fault_interface_operstate_after": "up",
  "fault_observation_isolation": {
    "detector_location": "switch-facing peer interface counters",
    "detector_reads_injector_qdisc": false,
    "injector_location": "worker-side egress qdisc",
    "observed_counter": "rx_bytes",
    "same_interface": false
  },
  "fault_period_retention": 0.9930839358124774,
  "fault_to_restoration_window": {
    "baseline_median_bps": 377874891.89993984,
    "interval_retention": 0.8702870319762386,
    "interval_throughput_bps": 328859618.1299406,
    "round_count": 3,
    "total_bytes_completed": 150994944,
    "total_duration_s": 3.6731768980000004
  },
  "fault_window": {
    "baseline_median_bps": 377874891.89993984,
    "bytes_completed": [
      50331648,
      50331648,
      50331648
    ],
    "duration_s": [
      1.530164,
      1.072993633,
      1.070019265
    ],
    "fault_period_retention": 0.9930839358124774,
    "iqr_throughput_bps": 56580401.12635487,
    "median_throughput_bps": 375261484.8927067,
    "post_recovery_retention": 0.9930839358124774,
    "round_count": 3,
    "throughput_bps": [
      263143809.42173517,
      375261484.8927067,
      376304611.674445
    ]
  },
  "host_refinement": {
    "action": "suppress",
    "baseline_p95_s": 1.06614304915,
    "confidence": null,
    "decision_t_monotonic_ns": 3013026402495427,
    "enabled": true,
    "gate_mode": "step",
    "l_host_ms": 1497.953672,
    "reasons": [
      "Step-level impact did not persist: 6 slow steps were observed but only 0 completed while the switch-side burst symptom was active (fewer than 2)."
    ]
  },
  "interpretation_boundary": "CPU/Mininet framed AllReduce-like workload; not NCCL, RDMA, a real GPU cluster, or production switch hardware.",
  "latency": {
    "l_commit_to_recovered_round_ms": null,
    "l_coordination_ms": null,
    "l_detection_ms": null,
    "l_fault_to_commit_ms": null,
    "l_fault_to_recovered_round_complete_ms": null,
    "l_host_ms": 1497.953672,
    "l_switch_ms": 36.599492,
    "latency_target": {
      "numeric_target_ms": null,
      "source": "Review feedback requests millisecond-level detection and recovery without a numeric threshold.",
      "status": "not_formally_specified",
      "unit": "ms"
    }
  },
  "post_fault": {
    "baseline_median_bps": 377874891.89993984,
    "bytes_completed": [
      50331648,
      50331648,
      50331648
    ],
    "duration_s": [
      1.530164,
      1.072993633,
      1.070019265
    ],
    "fault_period_retention": 0.9930839358124774,
    "iqr_throughput_bps": 56580401.12635487,
    "median_throughput_bps": 375261484.8927067,
    "post_recovery_retention": 0.9930839358124774,
    "round_count": 3,
    "throughput_bps": [
      263143809.42173517,
      375261484.8927067,
      376304611.674445
    ]
  },
  "post_recovery": null,
  "post_recovery_retention": null,
  "recovery": {
    "commit_t_monotonic_ns": null,
    "committed": false,
    "decision": null,
    "enabled": true,
    "first_recovered_round_id": null,
    "l_commit_to_recovered_round_ms": null,
    "l_coordination_ms": null,
    "l_fault_to_commit_ms": null,
    "l_fault_to_recovered_round_complete_ms": null,
    "oracle": false
  },
  "routing": {
    "changed_slots": [],
    "initial_plan_fingerprint": "6b25bbb30fb02f988d2e6e22ba2dc06d94a582024c487c8e3e27c9bb1843c83e",
    "initial_policy": "balanced_active_active",
    "recovered_plan_fingerprint": null,
    "recovery_policy": "localized"
  },
  "run_id": "aa5_transient_rep02",
  "scenario_id": "AA5_TRANSIENT",
  "status": "complete",
  "switch_detection": {
    "baseline_median_bps": 100690042.83613047,
    "detector_rule": "burst",
    "enabled": true,
    "execution_boundary": {
      "claim_boundary": "Demonstrates a switch-counter-first interface and closed-loop control scaffold; does not satisfy the final switch-hardware placement or ASIC resource-footprint requirement.",
      "data_source": "switch-facing Linux interface counters",
      "process_placement": "orchestrator/root namespace management-plane proxy",
      "resource_budget_enforced": false,
      "switch_resident": false
    },
    "fault_t_monotonic_ns": 3013024867942263,
    "first_suspect_t_monotonic_ns": 3013024904541755,
    "interface": "sA-eth3",
    "l_switch_ms": 36.599492,
    "rule_version": "l1-v0.3-burst-aware-rx-rate",
    "state_proxy": {
      "calibration_rate_samples": 70,
      "max_consecutive_evidence_samples": 2,
      "monitored_ports": 1,
      "rss_isolated_or_budgeted": false
    },
    "suspect_count": 1,
    "triggered": true
  },
  "switch_sampling": {
    "max_actual_interval_ms": 20.060671,
    "median_actual_interval_ms": 19.999775999999997,
    "sample_count": 347,
    "target_interval_ms": 20.0
  },
  "topology": "dual"
}
