{
  "baseline": {
    "baseline_median_bps": 371152714.64244723,
    "bytes_completed": [
      50331648,
      50331648
    ],
    "duration_s": [
      1.086618251,
      1.083131332
    ],
    "fault_period_retention": 1.0,
    "iqr_throughput_bps": 596464.8928743601,
    "median_throughput_bps": 371152714.64244723,
    "post_recovery_retention": 1.0,
    "round_count": 2,
    "throughput_bps": [
      370556249.7495728,
      371749179.5353216
    ]
  },
  "condition": "C1",
  "correctness_status": "pass",
  "detector_interface": "sA-eth3",
  "detector_interface_operstate_after": "up",
  "experiment_family": "active_active_v1",
  "fault_applied": true,
  "fault_interface": "w2-eth0",
  "fault_interface_operstate_after": "up",
  "fault_kind": "rate_cap",
  "fault_observation_isolation": {
    "detector_location": "switch-facing peer interface counters",
    "detector_reads_injector_qdisc": false,
    "injector_location": "worker-side egress qdisc",
    "observed_counter": "rx_bytes",
    "same_interface": false
  },
  "fault_period_retention": 0.14938246562952046,
  "fault_to_restoration_window": {
    "baseline_median_bps": 371152714.64244723,
    "interval_retention": 0.15642192993225718,
    "interval_throughput_bps": 58056423.92396793,
    "round_count": 8,
    "total_bytes_completed": 402653184,
    "total_duration_s": 55.484393531
  },
  "fault_window": {
    "baseline_median_bps": 371152714.64244723,
    "bytes_completed": [
      50331648,
      50331648,
      50331648,
      50331648,
      50331648,
      50331648,
      50331648,
      50331648
    ],
    "duration_s": [
      8.730086875,
      7.292564019,
      6.456509898,
      7.232441614,
      7.859306716,
      5.00249382,
      5.146513487,
      7.764477102
    ],
    "fault_period_retention": 0.14938246562952046,
    "iqr_throughput_bps": 14630495.194790855,
    "median_throughput_bps": 55443707.63837859,
    "post_recovery_retention": 0.14938246562952046,
    "round_count": 8,
    "throughput_bps": [
      46122471.604843,
      55214213.12873359,
      62363907.1822267,
      55673202.14802359,
      51232659.38715402,
      80490491.04072657,
      78238050.87018515,
      51858377.41684926
    ]
  },
  "host_refinement": {
    "action": null,
    "baseline_p95_s": 1.0864439050499999,
    "confidence": null,
    "decision_t_monotonic_ns": null,
    "enabled": false,
    "gate_mode": "round",
    "l_host_ms": null,
    "reasons": []
  },
  "interpretation_boundary": "CPU/Mininet framed AllReduce-like workload; not NCCL, RDMA, a real GPU cluster, or production switch hardware.",
  "latency": {
    "l_commit_to_recovered_round_ms": null,
    "l_coordination_ms": null,
    "l_detection_ms": null,
    "l_fault_to_commit_ms": null,
    "l_fault_to_first_recovered_step_ms": null,
    "l_fault_to_recovered_round_complete_ms": null,
    "l_host_ms": null,
    "l_suspect_to_commit_ms": null,
    "l_suspect_to_first_recovered_step_ms": null,
    "l_switch_ms": null,
    "latency_target": {
      "numeric_target_ms": null,
      "source": "Review feedback requests millisecond-level detection and recovery without a numeric threshold.",
      "status": "not_formally_specified",
      "unit": "ms"
    }
  },
  "post_fault": {
    "baseline_median_bps": 371152714.64244723,
    "bytes_completed": [
      50331648,
      50331648,
      50331648,
      50331648,
      50331648,
      50331648,
      50331648,
      50331648
    ],
    "duration_s": [
      8.730086875,
      7.292564019,
      6.456509898,
      7.232441614,
      7.859306716,
      5.00249382,
      5.146513487,
      7.764477102
    ],
    "fault_period_retention": 0.14938246562952046,
    "iqr_throughput_bps": 14630495.194790855,
    "median_throughput_bps": 55443707.63837859,
    "post_recovery_retention": 0.14938246562952046,
    "round_count": 8,
    "throughput_bps": [
      46122471.604843,
      55214213.12873359,
      62363907.1822267,
      55673202.14802359,
      51232659.38715402,
      80490491.04072657,
      78238050.87018515,
      51858377.41684926
    ]
  },
  "post_recovery": null,
  "post_recovery_retention": null,
  "recovery": {
    "commit_t_monotonic_ns": null,
    "committed": false,
    "decision": null,
    "enabled": false,
    "first_recovered_round_id": null,
    "l_commit_to_recovered_round_ms": null,
    "l_coordination_ms": null,
    "l_fault_to_commit_ms": null,
    "l_fault_to_recovered_round_complete_ms": null,
    "oracle": false
  },
  "routing": {
    "changed_slots": [],
    "initial_plan_fingerprint": "6b25bbb30fb02f988d2e6e22ba2dc06d94a582024c487c8e3e27c9bb1843c83e",
    "initial_policy": "balanced_active_active",
    "recovered_plan_fingerprint": null,
    "recovery_policy": "none"
  },
  "run_id": "aa9_stay_rep01",
  "scenario_id": "AA9_STAY",
  "status": "complete",
  "switch_detection": {
    "baseline_median_bps": null,
    "detector_rule": "legacy",
    "enabled": false,
    "execution_boundary": {
      "claim_boundary": "Demonstrates a switch-counter-first interface and closed-loop control scaffold; does not satisfy the final switch-hardware placement or ASIC resource-footprint requirement.",
      "data_source": "switch-facing Linux interface counters",
      "process_placement": "orchestrator/root namespace management-plane proxy",
      "resource_budget_enforced": false,
      "switch_resident": false
    },
    "fault_t_monotonic_ns": 1153293359940,
    "first_suspect_t_monotonic_ns": null,
    "interface": "sA-eth3",
    "l_switch_ms": null,
    "rule_version": null,
    "state_proxy": {
      "calibration_rate_samples": 0,
      "max_consecutive_evidence_samples": 0,
      "monitored_ports": 1,
      "rss_isolated_or_budgeted": false
    },
    "suspect_count": 0,
    "triggered": false
  },
  "switch_sampling": {
    "max_actual_interval_ms": 22.430247,
    "median_actual_interval_ms": 19.999986999999997,
    "sample_count": 2945,
    "target_interval_ms": 20.0
  },
  "topology": "dual"
}
