*** Error setting resource limits. Mininet's performance may be affected.
{
  "baseline": {
    "baseline_median_bps": 71442807.38379753,
    "bytes_completed": [
      50331648,
      50331648
    ],
    "duration_s": [
      5.595777807,
      5.676847825
    ],
    "fault_period_retention": 1.0,
    "iqr_throughput_bps": 513799.523700431,
    "median_throughput_bps": 71442807.38379753,
    "post_recovery_retention": 1.0,
    "round_count": 2,
    "throughput_bps": [
      71956606.90749796,
      70929007.86009708
    ]
  },
  "condition": "C3",
  "correctness_status": "pass",
  "detector_interface": "sA-eth3",
  "detector_interface_operstate_after": "up",
  "experiment_family": "active_active_v1",
  "fault_applied": true,
  "fault_interface": "w2-eth0",
  "fault_interface_operstate_after": "up",
  "fault_kind": "rate_cap",
  "fault_observation_isolation": {
    "detector_location": "switch-facing peer interface counters",
    "detector_reads_injector_qdisc": false,
    "injector_location": "worker-side egress qdisc",
    "observed_counter": "rx_bytes",
    "same_interface": false
  },
  "fault_period_retention": 0.8679764618067358,
  "fault_to_restoration_window": {
    "baseline_median_bps": 71442807.38379753,
    "interval_retention": 0.8077191315752947,
    "interval_throughput_bps": 57705722.337341994,
    "round_count": 8,
    "total_bytes_completed": 402653184,
    "total_duration_s": 55.821595182
  },
  "fault_window": {
    "baseline_median_bps": 71442807.38379753,
    "bytes_completed": [
      50331648,
      50331648,
      50331648,
      50331648,
      50331648,
      50331648,
      50331648,
      50331648
    ],
    "duration_s": [
      5.61291481,
      8.915333648,
      6.56739624,
      5.469750551,
      7.594222942,
      9.761512872,
      6.420833959,
      5.47963016
    ],
    "fault_period_retention": 0.8679764618067358,
    "iqr_throughput_bps": 21116370.836574115,
    "median_throughput_bps": 62010675.17452872,
    "post_recovery_retention": 0.8679764618067358,
    "round_count": 8,
    "throughput_bps": [
      71736913.4629713,
      45164118.34910163,
      61310931.95619334,
      73614542.42668991,
      53020985.43527325,
      41249055.27246433,
      62710418.39286409,
      73481817.61230396
    ]
  },
  "host_refinement": {
    "action": "suppress",
    "baseline_p95_s": 5.672794324100001,
    "confidence": null,
    "decision_t_monotonic_ns": 34994892109532,
    "enabled": true,
    "gate_mode": "policy",
    "l_host_ms": 519.605486,
    "reasons": [
      "Impact confirmed, but the surviving plane lacks the headroom to absorb the displaced traffic; staying on the degraded path is the lesser cost.",
      "{\"faulted_fabric\": {\"burst_rate_bps\": 91252222.75714509, \"busy_fraction\": 0.09375, \"demand_bps\": 8554895.883482352, \"interface\": \"sA-eth3\", \"sample_count\": 256, \"spare_bps\": 82697326.87366274}, \"reuse_factor\": 1.25, \"rule\": \"switch iff surviving spare x reuse_factor >= faulted pre-fault demand\", \"surviving_fabric\": {\"burst_rate_bps\": 9423105.764430655, \"busy_fraction\": 0.953125, \"demand_bps\": 8981397.681722969, \"interface\": \"sB-eth3\", \"sample_count\": 256, \"spare_bps\": 441708.08270768693}}"
    ]
  },
  "interpretation_boundary": "CPU/Mininet framed AllReduce-like workload; not NCCL, RDMA, a real GPU cluster, or production switch hardware.",
  "latency": {
    "l_commit_to_recovered_round_ms": null,
    "l_coordination_ms": null,
    "l_detection_ms": null,
    "l_fault_to_commit_ms": null,
    "l_fault_to_first_recovered_step_ms": null,
    "l_fault_to_recovered_round_complete_ms": null,
    "l_host_ms": 519.605486,
    "l_suspect_to_commit_ms": null,
    "l_suspect_to_first_recovered_step_ms": null,
    "l_switch_ms": 154.148866,
    "latency_target": {
      "numeric_target_ms": null,
      "source": "Review feedback requests millisecond-level detection and recovery without a numeric threshold.",
      "status": "not_formally_specified",
      "unit": "ms"
    }
  },
  "post_fault": {
    "baseline_median_bps": 71442807.38379753,
    "bytes_completed": [
      50331648,
      50331648,
      50331648,
      50331648,
      50331648,
      50331648,
      50331648,
      50331648
    ],
    "duration_s": [
      5.61291481,
      8.915333648,
      6.56739624,
      5.469750551,
      7.594222942,
      9.761512872,
      6.420833959,
      5.47963016
    ],
    "fault_period_retention": 0.8679764618067358,
    "iqr_throughput_bps": 21116370.836574115,
    "median_throughput_bps": 62010675.17452872,
    "post_recovery_retention": 0.8679764618067358,
    "round_count": 8,
    "throughput_bps": [
      71736913.4629713,
      45164118.34910163,
      61310931.95619334,
      73614542.42668991,
      53020985.43527325,
      41249055.27246433,
      62710418.39286409,
      73481817.61230396
    ]
  },
  "post_recovery": null,
  "post_recovery_retention": null,
  "recovery": {
    "commit_t_monotonic_ns": null,
    "committed": false,
    "decision": null,
    "enabled": true,
    "first_recovered_round_id": null,
    "l_commit_to_recovered_round_ms": null,
    "l_coordination_ms": null,
    "l_fault_to_commit_ms": null,
    "l_fault_to_recovered_round_complete_ms": null,
    "oracle": false
  },
  "routing": {
    "changed_slots": [],
    "initial_plan_fingerprint": "6b25bbb30fb02f988d2e6e22ba2dc06d94a582024c487c8e3e27c9bb1843c83e",
    "initial_policy": "balanced_active_active",
    "recovered_plan_fingerprint": null,
    "recovery_policy": "localized"
  },
  "run_id": "aa12_policy_rep03",
  "scenario_id": "AA12_POLICY",
  "status": "complete",
  "switch_detection": {
    "baseline_median_bps": 93525966.23497975,
    "detector_rule": "burst",
    "enabled": true,
    "execution_boundary": {
      "claim_boundary": "Demonstrates a switch-counter-first interface and closed-loop control scaffold; does not satisfy the final switch-hardware placement or ASIC resource-footprint requirement.",
      "data_source": "switch-facing Linux interface counters",
      "process_placement": "orchestrator/root namespace management-plane proxy",
      "resource_budget_enforced": false,
      "switch_resident": false
    },
    "fault_t_monotonic_ns": 34994218355180,
    "first_suspect_t_monotonic_ns": 34994372504046,
    "interface": "sA-eth3",
    "l_switch_ms": 154.148866,
    "rule_version": "l1-v0.3-burst-aware-rx-rate",
    "state_proxy": {
      "calibration_rate_samples": 98,
      "max_consecutive_evidence_samples": 2,
      "monitored_ports": 1,
      "rss_isolated_or_budgeted": false
    },
    "suspect_count": 1,
    "triggered": true
  },
  "switch_sampling": {
    "max_actual_interval_ms": 26.623134,
    "median_actual_interval_ms": 19.999944,
    "sample_count": 7278,
    "target_interval_ms": 20.0
  },
  "topology": "dual"
}
