*** Error setting resource limits. Mininet's performance may be affected.
{
  "baseline": {
    "baseline_median_bps": 370546688.04655224,
    "bytes_completed": [
      50331648,
      50331648
    ],
    "duration_s": [
      1.082523189,
      1.09080092
    ],
    "fault_period_retention": 1.0,
    "iqr_throughput_bps": 1411333.8152778149,
    "median_throughput_bps": 370546688.04655224,
    "post_recovery_retention": 1.0,
    "round_count": 2,
    "throughput_bps": [
      371958021.86183006,
      369135354.2312744
    ]
  },
  "condition": "C3",
  "correctness_status": "pass",
  "detector_interface": "sA-eth3",
  "detector_interface_operstate_after": "up",
  "experiment_family": "active_active_v1",
  "fault_applied": true,
  "fault_interface": "w2-eth0",
  "fault_interface_operstate_after": "up",
  "fault_kind": "rate_cap",
  "fault_observation_isolation": {
    "detector_location": "switch-facing peer interface counters",
    "detector_reads_injector_qdisc": false,
    "injector_location": "worker-side egress qdisc",
    "observed_counter": "rx_bytes",
    "same_interface": false
  },
  "fault_period_retention": 0.2635665775836153,
  "fault_to_restoration_window": {
    "baseline_median_bps": 370546688.04655224,
    "interval_retention": 0.238759997082887,
    "interval_throughput_bps": 88471726.15706825,
    "round_count": 8,
    "total_bytes_completed": 402653184,
    "total_duration_s": 36.409660034
  },
  "fault_window": {
    "baseline_median_bps": 370546688.04655224,
    "bytes_completed": [
      50331648,
      50331648,
      50331648,
      50331648,
      50331648,
      50331648,
      50331648,
      50331648
    ],
    "duration_s": [
      2.468332919,
      5.006991213,
      6.797830199,
      2.959925049,
      6.905945392,
      2.485575077,
      3.504097159,
      6.280963026
    ],
    "fault_period_retention": 0.2635665775836153,
    "iqr_throughput_bps": 79636850.83700451,
    "median_throughput_bps": 97663722.4033733,
    "post_recovery_retention": 0.2635665775836153,
    "round_count": 8,
    "throughput_bps": [
      163127583.35821554,
      80418192.65721168,
      59232603.96519357,
      136034925.6600382,
      58305295.096373394,
      161995985.44655025,
      114909252.14953493,
      64106918.37115107
    ]
  },
  "host_refinement": {
    "action": "suppress",
    "baseline_p95_s": 1.0903870334499999,
    "confidence": null,
    "decision_t_monotonic_ns": 34262542812707,
    "enabled": true,
    "gate_mode": "policy",
    "l_host_ms": 341.618203,
    "reasons": [
      "Impact confirmed, but the surviving plane lacks the headroom to absorb the displaced traffic; staying on the degraded path is the lesser cost.",
      "{\"faulted_fabric\": {\"burst_rate_bps\": 96261511.48188978, \"busy_fraction\": 0.514792899408284, \"demand_bps\": 49554742.597185865, \"interface\": \"sA-eth3\", \"sample_count\": 169, \"spare_bps\": 46706768.88470392}, \"rule\": \"switch iff surviving spare >= faulted demand\", \"surviving_fabric\": {\"burst_rate_bps\": 94403096.31194071, \"busy_fraction\": 0.5051020408163265, \"demand_bps\": 47683196.60654148, \"interface\": \"sB-eth3\", \"sample_count\": 196, \"spare_bps\": 46719899.70539924}}"
    ]
  },
  "interpretation_boundary": "CPU/Mininet framed AllReduce-like workload; not NCCL, RDMA, a real GPU cluster, or production switch hardware.",
  "latency": {
    "l_commit_to_recovered_round_ms": null,
    "l_coordination_ms": null,
    "l_detection_ms": null,
    "l_fault_to_commit_ms": null,
    "l_fault_to_first_recovered_step_ms": null,
    "l_fault_to_recovered_round_complete_ms": null,
    "l_host_ms": 341.618203,
    "l_suspect_to_commit_ms": null,
    "l_suspect_to_first_recovered_step_ms": null,
    "l_switch_ms": 214.549851,
    "latency_target": {
      "numeric_target_ms": null,
      "source": "Review feedback requests millisecond-level detection and recovery without a numeric threshold.",
      "status": "not_formally_specified",
      "unit": "ms"
    }
  },
  "post_fault": {
    "baseline_median_bps": 370546688.04655224,
    "bytes_completed": [
      50331648,
      50331648,
      50331648,
      50331648,
      50331648,
      50331648,
      50331648,
      50331648
    ],
    "duration_s": [
      2.468332919,
      5.006991213,
      6.797830199,
      2.959925049,
      6.905945392,
      2.485575077,
      3.504097159,
      6.280963026
    ],
    "fault_period_retention": 0.2635665775836153,
    "iqr_throughput_bps": 79636850.83700451,
    "median_throughput_bps": 97663722.4033733,
    "post_recovery_retention": 0.2635665775836153,
    "round_count": 8,
    "throughput_bps": [
      163127583.35821554,
      80418192.65721168,
      59232603.96519357,
      136034925.6600382,
      58305295.096373394,
      161995985.44655025,
      114909252.14953493,
      64106918.37115107
    ]
  },
  "post_recovery": null,
  "post_recovery_retention": null,
  "recovery": {
    "commit_t_monotonic_ns": null,
    "committed": false,
    "decision": null,
    "enabled": true,
    "first_recovered_round_id": null,
    "l_commit_to_recovered_round_ms": null,
    "l_coordination_ms": null,
    "l_fault_to_commit_ms": null,
    "l_fault_to_recovered_round_complete_ms": null,
    "oracle": false
  },
  "routing": {
    "changed_slots": [],
    "initial_plan_fingerprint": "6b25bbb30fb02f988d2e6e22ba2dc06d94a582024c487c8e3e27c9bb1843c83e",
    "initial_policy": "balanced_active_active",
    "recovered_plan_fingerprint": null,
    "recovery_policy": "localized"
  },
  "run_id": "aa12_policy_rep03",
  "scenario_id": "AA12_POLICY",
  "status": "complete",
  "switch_detection": {
    "baseline_median_bps": 96261511.48188978,
    "detector_rule": "burst",
    "enabled": true,
    "execution_boundary": {
      "claim_boundary": "Demonstrates a switch-counter-first interface and closed-loop control scaffold; does not satisfy the final switch-hardware placement or ASIC resource-footprint requirement.",
      "data_source": "switch-facing Linux interface counters",
      "process_placement": "orchestrator/root namespace management-plane proxy",
      "resource_budget_enforced": false,
      "switch_resident": false
    },
    "fault_t_monotonic_ns": 34261986644653,
    "first_suspect_t_monotonic_ns": 34262201194504,
    "interface": "sA-eth3",
    "l_switch_ms": 214.549851,
    "rule_version": "l1-v0.3-burst-aware-rx-rate",
    "state_proxy": {
      "calibration_rate_samples": 87,
      "max_consecutive_evidence_samples": 2,
      "monitored_ports": 1,
      "rss_isolated_or_budgeted": false
    },
    "suspect_count": 1,
    "triggered": true
  },
  "switch_sampling": {
    "max_actual_interval_ms": 28.016239,
    "median_actual_interval_ms": 19.9999515,
    "sample_count": 3982,
    "target_interval_ms": 20.0
  },
  "topology": "dual"
}
