*** Error setting resource limits. Mininet's performance may be affected.
{
  "baseline": {
    "baseline_median_bps": 371729536.70148563,
    "bytes_completed": [
      50331648,
      50331648
    ],
    "duration_s": [
      1.084140697,
      1.082238107
    ],
    "fault_period_retention": 1.0,
    "iqr_throughput_bps": 326465.94304156303,
    "median_throughput_bps": 371729536.70148563,
    "post_recovery_retention": 1.0,
    "round_count": 2,
    "throughput_bps": [
      371403070.7584442,
      372056002.6445271
    ]
  },
  "condition": "C3",
  "correctness_status": "pass",
  "detector_interface": "sA-eth3",
  "detector_interface_operstate_after": "up",
  "experiment_family": "active_active_v1",
  "fault_applied": true,
  "fault_interface": "w2-eth0",
  "fault_interface_operstate_after": "up",
  "fault_kind": "rate_cap",
  "fault_observation_isolation": {
    "detector_location": "switch-facing peer interface counters",
    "detector_reads_injector_qdisc": false,
    "injector_location": "worker-side egress qdisc",
    "observed_counter": "rx_bytes",
    "same_interface": false
  },
  "fault_period_retention": 0.13365126844133593,
  "fault_to_restoration_window": {
    "baseline_median_bps": 371729536.70148563,
    "interval_retention": 0.14498807767849275,
    "interval_throughput_bps": 53896350.94266512,
    "round_count": 8,
    "total_bytes_completed": 402653184,
    "total_duration_s": 59.767042028999995
  },
  "fault_window": {
    "baseline_median_bps": 371729536.70148563,
    "bytes_completed": [
      50331648,
      50331648,
      50331648,
      50331648,
      50331648,
      50331648,
      50331648,
      50331648
    ],
    "duration_s": [
      10.215650885,
      10.733501442,
      4.354833801,
      3.845077868,
      8.770114793,
      7.532946083,
      10.448441503,
      3.866475654
    ],
    "fault_period_retention": 0.13365126844133593,
    "iqr_throughput_bps": 56185020.721585944,
    "median_throughput_bps": 49682124.097263694,
    "post_recovery_retention": 0.13365126844133593,
    "round_count": 8,
    "throughput_bps": [
      39415323.46130092,
      37513684.2507353,
      92461205.73132752,
      104719123.46717656,
      45911962.78541117,
      53452285.40911621,
      38537152.53938959,
      104139588.61565354
    ]
  },
  "host_refinement": {
    "action": "suppress",
    "baseline_p95_s": 1.0840455675,
    "confidence": null,
    "decision_t_monotonic_ns": 34195411499243,
    "enabled": true,
    "gate_mode": "policy",
    "l_host_ms": 498.637159,
    "reasons": [
      "Impact confirmed, but the surviving plane lacks the headroom to absorb the displaced traffic; staying on the degraded path is the lesser cost.",
      "{\"faulted_fabric\": {\"burst_rate_bps\": 95565272.52300002, \"busy_fraction\": 0.5178571428571429, \"demand_bps\": 49489158.98512501, \"interface\": \"sA-eth3\", \"sample_count\": 168, \"spare_bps\": 46076113.537875004}, \"rule\": \"switch iff surviving spare >= faulted demand\", \"surviving_fabric\": {\"burst_rate_bps\": 95092672.70204403, \"busy_fraction\": 0.517948717948718, \"demand_bps\": 49253127.91234075, \"interface\": \"sB-eth3\", \"sample_count\": 195, \"spare_bps\": 45839544.78970327}}"
    ]
  },
  "interpretation_boundary": "CPU/Mininet framed AllReduce-like workload; not NCCL, RDMA, a real GPU cluster, or production switch hardware.",
  "latency": {
    "l_commit_to_recovered_round_ms": null,
    "l_coordination_ms": null,
    "l_detection_ms": null,
    "l_fault_to_commit_ms": null,
    "l_fault_to_first_recovered_step_ms": null,
    "l_fault_to_recovered_round_complete_ms": null,
    "l_host_ms": 498.637159,
    "l_suspect_to_commit_ms": null,
    "l_suspect_to_first_recovered_step_ms": null,
    "l_switch_ms": 42.119415,
    "latency_target": {
      "numeric_target_ms": null,
      "source": "Review feedback requests millisecond-level detection and recovery without a numeric threshold.",
      "status": "not_formally_specified",
      "unit": "ms"
    }
  },
  "post_fault": {
    "baseline_median_bps": 371729536.70148563,
    "bytes_completed": [
      50331648,
      50331648,
      50331648,
      50331648,
      50331648,
      50331648,
      50331648,
      50331648
    ],
    "duration_s": [
      10.215650885,
      10.733501442,
      4.354833801,
      3.845077868,
      8.770114793,
      7.532946083,
      10.448441503,
      3.866475654
    ],
    "fault_period_retention": 0.13365126844133593,
    "iqr_throughput_bps": 56185020.721585944,
    "median_throughput_bps": 49682124.097263694,
    "post_recovery_retention": 0.13365126844133593,
    "round_count": 8,
    "throughput_bps": [
      39415323.46130092,
      37513684.2507353,
      92461205.73132752,
      104719123.46717656,
      45911962.78541117,
      53452285.40911621,
      38537152.53938959,
      104139588.61565354
    ]
  },
  "post_recovery": null,
  "post_recovery_retention": null,
  "recovery": {
    "commit_t_monotonic_ns": null,
    "committed": false,
    "decision": null,
    "enabled": true,
    "first_recovered_round_id": null,
    "l_commit_to_recovered_round_ms": null,
    "l_coordination_ms": null,
    "l_fault_to_commit_ms": null,
    "l_fault_to_recovered_round_complete_ms": null,
    "oracle": false
  },
  "routing": {
    "changed_slots": [],
    "initial_plan_fingerprint": "6b25bbb30fb02f988d2e6e22ba2dc06d94a582024c487c8e3e27c9bb1843c83e",
    "initial_policy": "balanced_active_active",
    "recovered_plan_fingerprint": null,
    "recovery_policy": "localized"
  },
  "run_id": "aa12_policy_rep02",
  "scenario_id": "AA12_POLICY",
  "status": "complete",
  "switch_detection": {
    "baseline_median_bps": 95565272.52300002,
    "detector_rule": "burst",
    "enabled": true,
    "execution_boundary": {
      "claim_boundary": "Demonstrates a switch-counter-first interface and closed-loop control scaffold; does not satisfy the final switch-hardware placement or ASIC resource-footprint requirement.",
      "data_source": "switch-facing Linux interface counters",
      "process_placement": "orchestrator/root namespace management-plane proxy",
      "resource_budget_enforced": false,
      "switch_resident": false
    },
    "fault_t_monotonic_ns": 34194870742669,
    "first_suspect_t_monotonic_ns": 34194912862084,
    "interface": "sA-eth3",
    "l_switch_ms": 42.119415,
    "rule_version": "l1-v0.3-burst-aware-rx-rate",
    "state_proxy": {
      "calibration_rate_samples": 87,
      "max_consecutive_evidence_samples": 2,
      "monitored_ports": 1,
      "rss_isolated_or_budgeted": false
    },
    "suspect_count": 1,
    "triggered": true
  },
  "switch_sampling": {
    "max_actual_interval_ms": 27.246931,
    "median_actual_interval_ms": 19.999996000000003,
    "sample_count": 6318,
    "target_interval_ms": 20.0
  },
  "topology": "dual"
}
