*** Error setting resource limits. Mininet's performance may be affected.
{
  "baseline": {
    "baseline_median_bps": 371194838.08157885,
    "bytes_completed": [
      50331648,
      50331648
    ],
    "duration_s": [
      1.087847554,
      1.081667804
    ],
    "fault_period_retention": 1.0,
    "iqr_throughput_bps": 1057328.9062812924,
    "median_throughput_bps": 371194838.08157885,
    "post_recovery_retention": 1.0,
    "round_count": 2,
    "throughput_bps": [
      370137509.1752975,
      372252166.98786014
    ]
  },
  "condition": "C2",
  "correctness_status": "pass",
  "detector_interface": "sA-eth3",
  "detector_interface_operstate_after": "up",
  "experiment_family": "active_active_v1",
  "fault_applied": true,
  "fault_interface": "w2-eth0",
  "fault_interface_operstate_after": "up",
  "fault_kind": "rate_cap",
  "fault_observation_isolation": {
    "detector_location": "switch-facing peer interface counters",
    "detector_reads_injector_qdisc": false,
    "injector_location": "worker-side egress qdisc",
    "observed_counter": "rx_bytes",
    "same_interface": false
  },
  "fault_period_retention": 0.9863984883268885,
  "fault_to_restoration_window": {
    "baseline_median_bps": 371194838.08157885,
    "interval_retention": 0.9535861606056278,
    "interval_throughput_bps": 353966260.4828405,
    "round_count": 8,
    "total_bytes_completed": 402653184,
    "total_duration_s": 9.100374334
  },
  "fault_window": {
    "baseline_median_bps": 371194838.08157885,
    "bytes_completed": [
      50331648,
      50331648,
      50331648,
      50331648,
      50331648,
      50331648,
      50331648,
      50331648
    ],
    "duration_s": [
      1.104577588,
      1.10105157,
      1.095462177,
      1.089765724,
      1.09933609,
      1.093569247,
      1.41653468,
      1.100077258
    ],
    "fault_period_retention": 0.9863984883268885,
    "iqr_throughput_bps": 2316815.255484998,
    "median_throughput_bps": 366146027.1584135,
    "post_recovery_retention": 0.9863984883268885,
    "round_count": 8,
    "throughput_bps": [
      364531372.3312663,
      365698751.05849946,
      367564661.2489114,
      369486005.232442,
      366269412.65978086,
      368200902.7819708,
      284252259.8881942,
      366022641.65704626
    ]
  },
  "host_refinement": {
    "action": null,
    "baseline_p95_s": 1.0875385665,
    "confidence": null,
    "decision_t_monotonic_ns": null,
    "enabled": false,
    "gate_mode": "round",
    "l_host_ms": null,
    "reasons": []
  },
  "interpretation_boundary": "CPU/Mininet framed AllReduce-like workload; not NCCL, RDMA, a real GPU cluster, or production switch hardware.",
  "latency": {
    "l_commit_to_recovered_round_ms": null,
    "l_coordination_ms": null,
    "l_detection_ms": null,
    "l_fault_to_commit_ms": null,
    "l_fault_to_first_recovered_step_ms": null,
    "l_fault_to_recovered_round_complete_ms": null,
    "l_host_ms": null,
    "l_suspect_to_commit_ms": null,
    "l_suspect_to_first_recovered_step_ms": null,
    "l_switch_ms": 18.503816,
    "latency_target": {
      "numeric_target_ms": null,
      "source": "Review feedback requests millisecond-level detection and recovery without a numeric threshold.",
      "status": "not_formally_specified",
      "unit": "ms"
    }
  },
  "post_fault": {
    "baseline_median_bps": 371194838.08157885,
    "bytes_completed": [
      50331648,
      50331648,
      50331648,
      50331648,
      50331648,
      50331648,
      50331648,
      50331648
    ],
    "duration_s": [
      1.104577588,
      1.10105157,
      1.095462177,
      1.089765724,
      1.09933609,
      1.093569247,
      1.41653468,
      1.100077258
    ],
    "fault_period_retention": 0.9863984883268885,
    "iqr_throughput_bps": 2316815.255484998,
    "median_throughput_bps": 366146027.1584135,
    "post_recovery_retention": 0.9863984883268885,
    "round_count": 8,
    "throughput_bps": [
      364531372.3312663,
      365698751.05849946,
      367564661.2489114,
      369486005.232442,
      366269412.65978086,
      368200902.7819708,
      284252259.8881942,
      366022641.65704626
    ]
  },
  "post_recovery": null,
  "post_recovery_retention": null,
  "recovery": {
    "commit_t_monotonic_ns": null,
    "committed": false,
    "decision": null,
    "enabled": false,
    "first_recovered_round_id": null,
    "l_commit_to_recovered_round_ms": null,
    "l_coordination_ms": null,
    "l_fault_to_commit_ms": null,
    "l_fault_to_recovered_round_complete_ms": null,
    "oracle": false
  },
  "routing": {
    "changed_slots": [],
    "initial_plan_fingerprint": "6b25bbb30fb02f988d2e6e22ba2dc06d94a582024c487c8e3e27c9bb1843c83e",
    "initial_policy": "balanced_active_active",
    "recovered_plan_fingerprint": null,
    "recovery_policy": "none"
  },
  "run_id": "aa13_lossfast_rep01",
  "scenario_id": "AA13_LOSSFAST",
  "status": "complete",
  "switch_detection": {
    "baseline_median_bps": 95407323.12877539,
    "detector_rule": "burst",
    "enabled": true,
    "execution_boundary": {
      "claim_boundary": "Demonstrates a switch-counter-first interface and closed-loop control scaffold; does not satisfy the final switch-hardware placement or ASIC resource-footprint requirement.",
      "data_source": "switch-facing Linux interface counters",
      "process_placement": "orchestrator/root namespace management-plane proxy",
      "resource_budget_enforced": false,
      "switch_resident": false
    },
    "fault_t_monotonic_ns": 41950122258965,
    "first_suspect_t_monotonic_ns": 41950140762781,
    "interface": "sA-eth3",
    "l_switch_ms": 18.503816,
    "rule_version": "l1-v0.3-burst-aware-rx-rate",
    "state_proxy": {
      "calibration_rate_samples": 88,
      "max_consecutive_evidence_samples": 2,
      "monitored_ports": 1,
      "rss_isolated_or_budgeted": false
    },
    "suspect_count": 1,
    "triggered": true
  },
  "switch_sampling": {
    "max_actual_interval_ms": 28.004291,
    "median_actual_interval_ms": 19.999792,
    "sample_count": 626,
    "target_interval_ms": 20.0
  },
  "topology": "dual"
}
