*** Error setting resource limits. Mininet's performance may be affected.
{
  "baseline": {
    "baseline_median_bps": 370875582.41824126,
    "bytes_completed": [
      50331648,
      50331648
    ],
    "duration_s": [
      1.082413737,
      1.088971361
    ],
    "fault_period_retention": 1.0,
    "iqr_throughput_bps": 1120051.2624498606,
    "median_throughput_bps": 370875582.41824126,
    "post_recovery_retention": 1.0,
    "round_count": 2,
    "throughput_bps": [
      371995633.6806912,
      369755531.15579134
    ]
  },
  "condition": "C2",
  "correctness_status": "pass",
  "detector_interface": "sA-eth3",
  "detector_interface_operstate_after": "up",
  "experiment_family": "active_active_v1",
  "fault_applied": true,
  "fault_interface": "w2-eth0",
  "fault_interface_operstate_after": "up",
  "fault_kind": "rate_cap",
  "fault_observation_isolation": {
    "detector_location": "switch-facing peer interface counters",
    "detector_reads_injector_qdisc": false,
    "injector_location": "worker-side egress qdisc",
    "observed_counter": "rx_bytes",
    "same_interface": false
  },
  "fault_period_retention": 0.9710393044871841,
  "fault_to_restoration_window": {
    "baseline_median_bps": 370875582.41824126,
    "interval_retention": 0.9310352351536312,
    "interval_throughput_bps": 345298235.08950716,
    "round_count": 8,
    "total_bytes_completed": 402653184,
    "total_duration_s": 9.328821131
  },
  "fault_window": {
    "baseline_median_bps": 370875582.41824126,
    "bytes_completed": [
      50331648,
      50331648,
      50331648,
      50331648,
      50331648,
      50331648,
      50331648,
      50331648
    ],
    "duration_s": [
      1.11233343,
      1.122038388,
      1.1303615,
      1.099188194,
      1.099726919,
      1.114114719,
      1.293669796,
      1.357388185
    ],
    "fault_period_retention": 0.9710393044871841,
    "iqr_throughput_bps": 18052622.78773129,
    "median_throughput_bps": 360134767.6026883,
    "post_recovery_retention": 0.9710393044871841,
    "round_count": 8,
    "throughput_bps": [
      361989645.4968543,
      358858652.52588844,
      356216293.6370356,
      366318694.2853937,
      366139245.1556421,
      361410882.67948824,
      311248809.584173,
      296638197.1270805
    ]
  },
  "host_refinement": {
    "action": null,
    "baseline_p95_s": 1.0886434798,
    "confidence": null,
    "decision_t_monotonic_ns": null,
    "enabled": false,
    "gate_mode": "round",
    "l_host_ms": null,
    "reasons": []
  },
  "interpretation_boundary": "CPU/Mininet framed AllReduce-like workload; not NCCL, RDMA, a real GPU cluster, or production switch hardware.",
  "latency": {
    "l_commit_to_recovered_round_ms": null,
    "l_coordination_ms": null,
    "l_detection_ms": null,
    "l_fault_to_commit_ms": null,
    "l_fault_to_first_recovered_step_ms": null,
    "l_fault_to_recovered_round_complete_ms": null,
    "l_host_ms": null,
    "l_suspect_to_commit_ms": null,
    "l_suspect_to_first_recovered_step_ms": null,
    "l_switch_ms": 17.714817,
    "latency_target": {
      "numeric_target_ms": null,
      "source": "Review feedback requests millisecond-level detection and recovery without a numeric threshold.",
      "status": "not_formally_specified",
      "unit": "ms"
    }
  },
  "post_fault": {
    "baseline_median_bps": 370875582.41824126,
    "bytes_completed": [
      50331648,
      50331648,
      50331648,
      50331648,
      50331648,
      50331648,
      50331648,
      50331648
    ],
    "duration_s": [
      1.11233343,
      1.122038388,
      1.1303615,
      1.099188194,
      1.099726919,
      1.114114719,
      1.293669796,
      1.357388185
    ],
    "fault_period_retention": 0.9710393044871841,
    "iqr_throughput_bps": 18052622.78773129,
    "median_throughput_bps": 360134767.6026883,
    "post_recovery_retention": 0.9710393044871841,
    "round_count": 8,
    "throughput_bps": [
      361989645.4968543,
      358858652.52588844,
      356216293.6370356,
      366318694.2853937,
      366139245.1556421,
      361410882.67948824,
      311248809.584173,
      296638197.1270805
    ]
  },
  "post_recovery": null,
  "post_recovery_retention": null,
  "recovery": {
    "commit_t_monotonic_ns": null,
    "committed": false,
    "decision": null,
    "enabled": false,
    "first_recovered_round_id": null,
    "l_commit_to_recovered_round_ms": null,
    "l_coordination_ms": null,
    "l_fault_to_commit_ms": null,
    "l_fault_to_recovered_round_complete_ms": null,
    "oracle": false
  },
  "routing": {
    "changed_slots": [],
    "initial_plan_fingerprint": "6b25bbb30fb02f988d2e6e22ba2dc06d94a582024c487c8e3e27c9bb1843c83e",
    "initial_policy": "balanced_active_active",
    "recovered_plan_fingerprint": null,
    "recovery_policy": "none"
  },
  "run_id": "aa13_lossfast_rep03",
  "scenario_id": "AA13_LOSSFAST",
  "status": "complete",
  "switch_detection": {
    "baseline_median_bps": 96123888.8539693,
    "detector_rule": "burst",
    "enabled": true,
    "execution_boundary": {
      "claim_boundary": "Demonstrates a switch-counter-first interface and closed-loop control scaffold; does not satisfy the final switch-hardware placement or ASIC resource-footprint requirement.",
      "data_source": "switch-facing Linux interface counters",
      "process_placement": "orchestrator/root namespace management-plane proxy",
      "resource_budget_enforced": false,
      "switch_resident": false
    },
    "fault_t_monotonic_ns": 42036203787151,
    "first_suspect_t_monotonic_ns": 42036221501968,
    "interface": "sA-eth3",
    "l_switch_ms": 17.714817,
    "rule_version": "l1-v0.3-burst-aware-rx-rate",
    "state_proxy": {
      "calibration_rate_samples": 88,
      "max_consecutive_evidence_samples": 2,
      "monitored_ports": 1,
      "rss_isolated_or_budgeted": false
    },
    "suspect_count": 1,
    "triggered": true
  },
  "switch_sampling": {
    "max_actual_interval_ms": 20.113883,
    "median_actual_interval_ms": 19.9999425,
    "sample_count": 637,
    "target_interval_ms": 20.0
  },
  "topology": "dual"
}
