*** Error setting resource limits. Mininet's performance may be affected.
{
  "baseline": {
    "baseline_median_bps": 372164844.2725983,
    "bytes_completed": [
      50331648,
      50331648
    ],
    "duration_s": [
      1.081744783,
      1.082098476
    ],
    "fault_period_retention": 1.0,
    "iqr_throughput_bps": 60832.5486228466,
    "median_throughput_bps": 372164844.2725983,
    "post_recovery_retention": 1.0,
    "round_count": 2,
    "throughput_bps": [
      372225676.8212212,
      372104011.7239755
    ]
  },
  "condition": "C2",
  "correctness_status": "pass",
  "detector_interface": "sA-eth3",
  "detector_interface_operstate_after": "up",
  "experiment_family": "active_active_v1",
  "fault_applied": true,
  "fault_interface": "w2-eth0",
  "fault_interface_operstate_after": "up",
  "fault_kind": "rate_cap",
  "fault_observation_isolation": {
    "detector_location": "switch-facing peer interface counters",
    "detector_reads_injector_qdisc": false,
    "injector_location": "worker-side egress qdisc",
    "observed_counter": "rx_bytes",
    "same_interface": false
  },
  "fault_period_retention": 0.9694993575877516,
  "fault_to_restoration_window": {
    "baseline_median_bps": 372164844.2725983,
    "interval_retention": 0.9204055691683001,
    "interval_throughput_bps": 342542595.3171526,
    "round_count": 8,
    "total_bytes_completed": 402653184,
    "total_duration_s": 9.403868354
  },
  "fault_window": {
    "baseline_median_bps": 372164844.2725983,
    "bytes_completed": [
      50331648,
      50331648,
      50331648,
      50331648,
      50331648,
      50331648,
      50331648,
      50331648
    ],
    "duration_s": [
      1.112112961,
      1.114586077,
      1.108150066,
      1.121077409,
      1.117335448,
      1.104423013,
      1.418777239,
      1.307406141
    ],
    "fault_period_retention": 0.9694993575877516,
    "iqr_throughput_bps": 16015741.56057036,
    "median_throughput_bps": 360813577.4390297,
    "post_recovery_retention": 0.9694993575877516,
    "round_count": 8,
    "throughput_bps": [
      362061407.5371791,
      361258042.16375476,
      363356188.2583509,
      359166263.4243663,
      360369112.71430457,
      364582392.127318,
      283802962.81310725,
      307978654.35450786
    ]
  },
  "host_refinement": {
    "action": null,
    "baseline_p95_s": 1.0820807913500001,
    "confidence": null,
    "decision_t_monotonic_ns": null,
    "enabled": false,
    "gate_mode": "round",
    "l_host_ms": null,
    "reasons": []
  },
  "interpretation_boundary": "CPU/Mininet framed AllReduce-like workload; not NCCL, RDMA, a real GPU cluster, or production switch hardware.",
  "latency": {
    "l_commit_to_recovered_round_ms": null,
    "l_coordination_ms": null,
    "l_detection_ms": null,
    "l_fault_to_commit_ms": null,
    "l_fault_to_first_recovered_step_ms": null,
    "l_fault_to_recovered_round_complete_ms": null,
    "l_host_ms": null,
    "l_suspect_to_commit_ms": null,
    "l_suspect_to_first_recovered_step_ms": null,
    "l_switch_ms": 585.052168,
    "latency_target": {
      "numeric_target_ms": null,
      "source": "Review feedback requests millisecond-level detection and recovery without a numeric threshold.",
      "status": "not_formally_specified",
      "unit": "ms"
    }
  },
  "post_fault": {
    "baseline_median_bps": 372164844.2725983,
    "bytes_completed": [
      50331648,
      50331648,
      50331648,
      50331648,
      50331648,
      50331648,
      50331648,
      50331648
    ],
    "duration_s": [
      1.112112961,
      1.114586077,
      1.108150066,
      1.121077409,
      1.117335448,
      1.104423013,
      1.418777239,
      1.307406141
    ],
    "fault_period_retention": 0.9694993575877516,
    "iqr_throughput_bps": 16015741.56057036,
    "median_throughput_bps": 360813577.4390297,
    "post_recovery_retention": 0.9694993575877516,
    "round_count": 8,
    "throughput_bps": [
      362061407.5371791,
      361258042.16375476,
      363356188.2583509,
      359166263.4243663,
      360369112.71430457,
      364582392.127318,
      283802962.81310725,
      307978654.35450786
    ]
  },
  "post_recovery": null,
  "post_recovery_retention": null,
  "recovery": {
    "commit_t_monotonic_ns": null,
    "committed": false,
    "decision": null,
    "enabled": false,
    "first_recovered_round_id": null,
    "l_commit_to_recovered_round_ms": null,
    "l_coordination_ms": null,
    "l_fault_to_commit_ms": null,
    "l_fault_to_recovered_round_complete_ms": null,
    "oracle": false
  },
  "routing": {
    "changed_slots": [],
    "initial_plan_fingerprint": "6b25bbb30fb02f988d2e6e22ba2dc06d94a582024c487c8e3e27c9bb1843c83e",
    "initial_policy": "balanced_active_active",
    "recovered_plan_fingerprint": null,
    "recovery_policy": "none"
  },
  "run_id": "aa13_lossfast_rep01",
  "scenario_id": "AA13_LOSSFAST",
  "status": "complete",
  "switch_detection": {
    "baseline_median_bps": 95561348.12075567,
    "detector_rule": "burst",
    "enabled": true,
    "execution_boundary": {
      "claim_boundary": "Demonstrates a switch-counter-first interface and closed-loop control scaffold; does not satisfy the final switch-hardware placement or ASIC resource-footprint requirement.",
      "data_source": "switch-facing Linux interface counters",
      "process_placement": "orchestrator/root namespace management-plane proxy",
      "resource_budget_enforced": false,
      "switch_resident": false
    },
    "fault_t_monotonic_ns": 42002242992537,
    "first_suspect_t_monotonic_ns": 42002828044705,
    "interface": "sA-eth3",
    "l_switch_ms": 585.052168,
    "rule_version": "l1-v0.3-burst-aware-rx-rate",
    "state_proxy": {
      "calibration_rate_samples": 88,
      "max_consecutive_evidence_samples": 2,
      "monitored_ports": 1,
      "rss_isolated_or_budgeted": false
    },
    "suspect_count": 1,
    "triggered": true
  },
  "switch_sampling": {
    "max_actual_interval_ms": 20.111554,
    "median_actual_interval_ms": 19.999953,
    "sample_count": 641,
    "target_interval_ms": 20.0
  },
  "topology": "dual"
}
