{
  "baseline": {
    "baseline_median_bps": 377355060.00945985,
    "bytes_completed": [
      50331648,
      50331648
    ],
    "duration_s": [
      1.06719021,
      1.066891108
    ],
    "fault_period_retention": 1.0,
    "iqr_throughput_bps": 52888.16888409853,
    "median_throughput_bps": 377355060.00945985,
    "post_recovery_retention": 1.0,
    "round_count": 2,
    "throughput_bps": [
      377302171.8405757,
      377407948.17834395
    ]
  },
  "condition": "C5",
  "correctness_status": "pass",
  "detector_interface": "sA-eth3",
  "detector_interface_operstate_after": "up",
  "experiment_family": "active_active_v1",
  "fault_applied": true,
  "fault_interface": "w2-eth0",
  "fault_interface_operstate_after": "up",
  "fault_kind": "rate_cap",
  "fault_observation_isolation": {
    "detector_location": "switch-facing peer interface counters",
    "detector_reads_injector_qdisc": false,
    "injector_location": "worker-side egress qdisc",
    "observed_counter": "rx_bytes",
    "same_interface": false
  },
  "fault_period_retention": 0.9934443651053921,
  "fault_to_restoration_window": {
    "baseline_median_bps": 377355060.00945985,
    "interval_retention": 0.8709300623874957,
    "interval_throughput_bps": 328649865.95627606,
    "round_count": 3,
    "total_bytes_completed": 150994944,
    "total_duration_s": 3.675521207
  },
  "fault_window": {
    "baseline_median_bps": 377355060.00945985,
    "bytes_completed": [
      50331648,
      50331648,
      50331648
    ],
    "duration_s": [
      1.529448954,
      1.074081927,
      1.071990326
    ],
    "fault_period_retention": 0.9934443651053921,
    "iqr_throughput_bps": 56172934.49072695,
    "median_throughput_bps": 374881258.010405,
    "post_recovery_retention": 0.9934443651053921,
    "round_count": 3,
    "throughput_bps": [
      263266834.075719,
      374881258.010405,
      375612703.0571729
    ]
  },
  "host_refinement": {
    "action": "suppress",
    "baseline_p95_s": 1.0671752549,
    "confidence": null,
    "decision_t_monotonic_ns": 3864623911064219,
    "enabled": true,
    "gate_mode": "step_cutover",
    "l_host_ms": 1493.510709,
    "reasons": [
      "Step-level impact did not persist: 6 slow steps were observed but only 0 completed while the switch-side burst symptom was active (fewer than 1)."
    ]
  },
  "interpretation_boundary": "CPU/Mininet framed AllReduce-like workload; not NCCL, RDMA, a real GPU cluster, or production switch hardware.",
  "latency": {
    "l_commit_to_recovered_round_ms": null,
    "l_coordination_ms": null,
    "l_detection_ms": null,
    "l_fault_to_commit_ms": null,
    "l_fault_to_first_recovered_step_ms": null,
    "l_fault_to_recovered_round_complete_ms": null,
    "l_host_ms": 1493.510709,
    "l_suspect_to_commit_ms": null,
    "l_suspect_to_first_recovered_step_ms": null,
    "l_switch_ms": 40.871801,
    "latency_target": {
      "numeric_target_ms": null,
      "source": "Review feedback requests millisecond-level detection and recovery without a numeric threshold.",
      "status": "not_formally_specified",
      "unit": "ms"
    }
  },
  "post_fault": {
    "baseline_median_bps": 377355060.00945985,
    "bytes_completed": [
      50331648,
      50331648,
      50331648
    ],
    "duration_s": [
      1.529448954,
      1.074081927,
      1.071990326
    ],
    "fault_period_retention": 0.9934443651053921,
    "iqr_throughput_bps": 56172934.49072695,
    "median_throughput_bps": 374881258.010405,
    "post_recovery_retention": 0.9934443651053921,
    "round_count": 3,
    "throughput_bps": [
      263266834.075719,
      374881258.010405,
      375612703.0571729
    ]
  },
  "post_recovery": null,
  "post_recovery_retention": null,
  "recovery": {
    "commit_t_monotonic_ns": null,
    "committed": false,
    "decision": null,
    "enabled": true,
    "first_recovered_round_id": null,
    "l_commit_to_recovered_round_ms": null,
    "l_coordination_ms": null,
    "l_fault_to_commit_ms": null,
    "l_fault_to_recovered_round_complete_ms": null,
    "oracle": false
  },
  "routing": {
    "changed_slots": [],
    "initial_plan_fingerprint": "6b25bbb30fb02f988d2e6e22ba2dc06d94a582024c487c8e3e27c9bb1843c83e",
    "initial_policy": "balanced_active_active",
    "recovered_plan_fingerprint": null,
    "recovery_policy": "localized"
  },
  "run_id": "aa5_transient_rep03",
  "scenario_id": "AA5_TRANSIENT",
  "status": "complete",
  "switch_detection": {
    "baseline_median_bps": 100113940.77465552,
    "detector_rule": "burst",
    "enabled": true,
    "execution_boundary": {
      "claim_boundary": "Demonstrates a switch-counter-first interface and closed-loop control scaffold; does not satisfy the final switch-hardware placement or ASIC resource-footprint requirement.",
      "data_source": "switch-facing Linux interface counters",
      "process_placement": "orchestrator/root namespace management-plane proxy",
      "resource_budget_enforced": false,
      "switch_resident": false
    },
    "fault_t_monotonic_ns": 3864622376681709,
    "first_suspect_t_monotonic_ns": 3864622417553510,
    "interface": "sA-eth3",
    "l_switch_ms": 40.871801,
    "rule_version": "l1-v0.3-burst-aware-rx-rate",
    "state_proxy": {
      "calibration_rate_samples": 70,
      "max_consecutive_evidence_samples": 2,
      "monitored_ports": 1,
      "rss_isolated_or_budgeted": false
    },
    "suspect_count": 1,
    "triggered": true
  },
  "switch_sampling": {
    "max_actual_interval_ms": 20.064218,
    "median_actual_interval_ms": 19.999888,
    "sample_count": 350,
    "target_interval_ms": 20.0
  },
  "topology": "dual"
}
