{
  "baseline": {
    "baseline_median_bps": 377322522.0376634,
    "bytes_completed": [
      50331648,
      50331648
    ],
    "duration_s": [
      1.066829018,
      1.067436461
    ],
    "fault_period_retention": 1.0,
    "iqr_throughput_bps": 107391.478243649,
    "median_throughput_bps": 377322522.0376634,
    "post_recovery_retention": 1.0,
    "round_count": 2,
    "throughput_bps": [
      377429913.51590705,
      377215130.55941975
    ]
  },
  "condition": "C5",
  "correctness_status": "pass",
  "detector_interface": "sA-eth3",
  "detector_interface_operstate_after": "up",
  "experiment_family": "active_active_v1",
  "fault_applied": true,
  "fault_interface": "w2-eth0",
  "fault_interface_operstate_after": "up",
  "fault_kind": "rate_cap",
  "fault_observation_isolation": {
    "detector_location": "switch-facing peer interface counters",
    "detector_reads_injector_qdisc": false,
    "injector_location": "worker-side egress qdisc",
    "observed_counter": "rx_bytes",
    "same_interface": false
  },
  "fault_period_retention": 0.9933289220643614,
  "fault_to_restoration_window": {
    "baseline_median_bps": 377322522.0376634,
    "interval_retention": 0.8705022786691917,
    "interval_throughput_bps": 328460115.2269923,
    "round_count": 3,
    "total_bytes_completed": 150994944,
    "total_duration_s": 3.677644548
  },
  "fault_window": {
    "baseline_median_bps": 377322522.0376634,
    "bytes_completed": [
      50331648,
      50331648,
      50331648
    ],
    "duration_s": [
      1.532040907,
      1.074299388,
      1.071304253
    ],
    "fault_period_retention": 0.9933289220643614,
    "iqr_throughput_bps": 56515908.77250755,
    "median_throughput_bps": 374805374.08627844,
    "post_recovery_retention": 0.9933289220643614,
    "round_count": 3,
    "throughput_bps": [
      262821431.30790436,
      374805374.08627844,
      375853248.85291946
    ]
  },
  "host_refinement": {
    "action": "suppress",
    "baseline_p95_s": 1.0674060888499999,
    "confidence": null,
    "decision_t_monotonic_ns": 3864602936755513,
    "enabled": true,
    "gate_mode": "step_cutover",
    "l_host_ms": 1495.777811,
    "reasons": [
      "Step-level impact did not persist: 6 slow steps were observed but only 0 completed while the switch-side burst symptom was active (fewer than 1)."
    ]
  },
  "interpretation_boundary": "CPU/Mininet framed AllReduce-like workload; not NCCL, RDMA, a real GPU cluster, or production switch hardware.",
  "latency": {
    "l_commit_to_recovered_round_ms": null,
    "l_coordination_ms": null,
    "l_detection_ms": null,
    "l_fault_to_commit_ms": null,
    "l_fault_to_first_recovered_step_ms": null,
    "l_fault_to_recovered_round_complete_ms": null,
    "l_host_ms": 1495.777811,
    "l_suspect_to_commit_ms": null,
    "l_suspect_to_first_recovered_step_ms": null,
    "l_switch_ms": 40.997492,
    "latency_target": {
      "numeric_target_ms": null,
      "source": "Review feedback requests millisecond-level detection and recovery without a numeric threshold.",
      "status": "not_formally_specified",
      "unit": "ms"
    }
  },
  "post_fault": {
    "baseline_median_bps": 377322522.0376634,
    "bytes_completed": [
      50331648,
      50331648,
      50331648
    ],
    "duration_s": [
      1.532040907,
      1.074299388,
      1.071304253
    ],
    "fault_period_retention": 0.9933289220643614,
    "iqr_throughput_bps": 56515908.77250755,
    "median_throughput_bps": 374805374.08627844,
    "post_recovery_retention": 0.9933289220643614,
    "round_count": 3,
    "throughput_bps": [
      262821431.30790436,
      374805374.08627844,
      375853248.85291946
    ]
  },
  "post_recovery": null,
  "post_recovery_retention": null,
  "recovery": {
    "commit_t_monotonic_ns": null,
    "committed": false,
    "decision": null,
    "enabled": true,
    "first_recovered_round_id": null,
    "l_commit_to_recovered_round_ms": null,
    "l_coordination_ms": null,
    "l_fault_to_commit_ms": null,
    "l_fault_to_recovered_round_complete_ms": null,
    "oracle": false
  },
  "routing": {
    "changed_slots": [],
    "initial_plan_fingerprint": "6b25bbb30fb02f988d2e6e22ba2dc06d94a582024c487c8e3e27c9bb1843c83e",
    "initial_policy": "balanced_active_active",
    "recovered_plan_fingerprint": null,
    "recovery_policy": "localized"
  },
  "run_id": "aa5_transient_rep01",
  "scenario_id": "AA5_TRANSIENT",
  "status": "complete",
  "switch_detection": {
    "baseline_median_bps": 100538451.83133672,
    "detector_rule": "burst",
    "enabled": true,
    "execution_boundary": {
      "claim_boundary": "Demonstrates a switch-counter-first interface and closed-loop control scaffold; does not satisfy the final switch-hardware placement or ASIC resource-footprint requirement.",
      "data_source": "switch-facing Linux interface counters",
      "process_placement": "orchestrator/root namespace management-plane proxy",
      "resource_budget_enforced": false,
      "switch_resident": false
    },
    "fault_t_monotonic_ns": 3864601399980210,
    "first_suspect_t_monotonic_ns": 3864601440977702,
    "interface": "sA-eth3",
    "l_switch_ms": 40.997492,
    "rule_version": "l1-v0.3-burst-aware-rx-rate",
    "state_proxy": {
      "calibration_rate_samples": 69,
      "max_consecutive_evidence_samples": 2,
      "monitored_ports": 1,
      "rss_isolated_or_budgeted": false
    },
    "suspect_count": 1,
    "triggered": true
  },
  "switch_sampling": {
    "max_actual_interval_ms": 20.058249,
    "median_actual_interval_ms": 19.999978,
    "sample_count": 350,
    "target_interval_ms": 20.0
  },
  "topology": "dual"
}
