*** Error setting resource limits. Mininet's performance may be affected.
{
  "baseline": {
    "baseline_median_bps": 370629176.76699793,
    "bytes_completed": [
      50331648,
      50331648
    ],
    "duration_s": [
      1.083094626,
      1.089734549
    ],
    "fault_period_retention": 1.0,
    "iqr_throughput_bps": 1132601.3216323853,
    "median_throughput_bps": 370629176.76699793,
    "post_recovery_retention": 1.0,
    "round_count": 2,
    "throughput_bps": [
      371761778.08863026,
      369496575.4453656
    ]
  },
  "condition": "C2",
  "correctness_status": "pass",
  "detector_interface": "sA-eth3",
  "detector_interface_operstate_after": "up",
  "experiment_family": "active_active_v1",
  "fault_applied": true,
  "fault_interface": "w2-eth0",
  "fault_interface_operstate_after": "up",
  "fault_kind": "rate_cap",
  "fault_observation_isolation": {
    "detector_location": "switch-facing peer interface counters",
    "detector_reads_injector_qdisc": false,
    "injector_location": "worker-side egress qdisc",
    "observed_counter": "rx_bytes",
    "same_interface": false
  },
  "fault_period_retention": 0.9646024464071383,
  "fault_to_restoration_window": {
    "baseline_median_bps": 370629176.76699793,
    "interval_retention": 0.9303833434867723,
    "interval_throughput_bps": 344827212.6742295,
    "round_count": 8,
    "total_bytes_completed": 402653184,
    "total_duration_s": 9.341563988
  },
  "fault_window": {
    "baseline_median_bps": 370629176.76699793,
    "bytes_completed": [
      50331648,
      50331648,
      50331648,
      50331648,
      50331648,
      50331648,
      50331648,
      50331648
    ],
    "duration_s": [
      1.140886291,
      1.112026805,
      1.100066693,
      1.104266709,
      1.10356812,
      1.157735228,
      1.31696039,
      1.306053752
    ],
    "fault_period_retention": 0.9646024464071383,
    "iqr_throughput_bps": 26771930.984487116,
    "median_throughput_bps": 357509810.6193099,
    "post_recovery_retention": 0.9646024464071383,
    "round_count": 8,
    "throughput_bps": [
      352930162.4328134,
      362089458.8058064,
      366026156.92501473,
      364633997.1297641,
      364864820.4879278,
      347793842.8941026,
      305744339.05335605,
      308297559.2569639
    ]
  },
  "host_refinement": {
    "action": null,
    "baseline_p95_s": 1.0894025528500002,
    "confidence": null,
    "decision_t_monotonic_ns": null,
    "enabled": false,
    "gate_mode": "round",
    "l_host_ms": null,
    "reasons": []
  },
  "interpretation_boundary": "CPU/Mininet framed AllReduce-like workload; not NCCL, RDMA, a real GPU cluster, or production switch hardware.",
  "latency": {
    "l_commit_to_recovered_round_ms": null,
    "l_coordination_ms": null,
    "l_detection_ms": null,
    "l_fault_to_commit_ms": null,
    "l_fault_to_first_recovered_step_ms": null,
    "l_fault_to_recovered_round_complete_ms": null,
    "l_host_ms": null,
    "l_suspect_to_commit_ms": null,
    "l_suspect_to_first_recovered_step_ms": null,
    "l_switch_ms": 2275.406514,
    "latency_target": {
      "numeric_target_ms": null,
      "source": "Review feedback requests millisecond-level detection and recovery without a numeric threshold.",
      "status": "not_formally_specified",
      "unit": "ms"
    }
  },
  "post_fault": {
    "baseline_median_bps": 370629176.76699793,
    "bytes_completed": [
      50331648,
      50331648,
      50331648,
      50331648,
      50331648,
      50331648,
      50331648,
      50331648
    ],
    "duration_s": [
      1.140886291,
      1.112026805,
      1.100066693,
      1.104266709,
      1.10356812,
      1.157735228,
      1.31696039,
      1.306053752
    ],
    "fault_period_retention": 0.9646024464071383,
    "iqr_throughput_bps": 26771930.984487116,
    "median_throughput_bps": 357509810.6193099,
    "post_recovery_retention": 0.9646024464071383,
    "round_count": 8,
    "throughput_bps": [
      352930162.4328134,
      362089458.8058064,
      366026156.92501473,
      364633997.1297641,
      364864820.4879278,
      347793842.8941026,
      305744339.05335605,
      308297559.2569639
    ]
  },
  "post_recovery": null,
  "post_recovery_retention": null,
  "recovery": {
    "commit_t_monotonic_ns": null,
    "committed": false,
    "decision": null,
    "enabled": false,
    "first_recovered_round_id": null,
    "l_commit_to_recovered_round_ms": null,
    "l_coordination_ms": null,
    "l_fault_to_commit_ms": null,
    "l_fault_to_recovered_round_complete_ms": null,
    "oracle": false
  },
  "routing": {
    "changed_slots": [],
    "initial_plan_fingerprint": "6b25bbb30fb02f988d2e6e22ba2dc06d94a582024c487c8e3e27c9bb1843c83e",
    "initial_policy": "balanced_active_active",
    "recovered_plan_fingerprint": null,
    "recovery_policy": "none"
  },
  "run_id": "aa11_lossdetect_rep02",
  "scenario_id": "AA11_LOSSDETECT",
  "status": "complete",
  "switch_detection": {
    "baseline_median_bps": 96014786.71704818,
    "detector_rule": "burst",
    "enabled": true,
    "execution_boundary": {
      "claim_boundary": "Demonstrates a switch-counter-first interface and closed-loop control scaffold; does not satisfy the final switch-hardware placement or ASIC resource-footprint requirement.",
      "data_source": "switch-facing Linux interface counters",
      "process_placement": "orchestrator/root namespace management-plane proxy",
      "resource_budget_enforced": false,
      "switch_resident": false
    },
    "fault_t_monotonic_ns": 32737529136977,
    "first_suspect_t_monotonic_ns": 32739804543491,
    "interface": "sA-eth3",
    "l_switch_ms": 2275.406514,
    "rule_version": "l1-v0.3-burst-aware-rx-rate",
    "state_proxy": {
      "calibration_rate_samples": 88,
      "max_consecutive_evidence_samples": 2,
      "monitored_ports": 1,
      "rss_isolated_or_budgeted": false
    },
    "suspect_count": 1,
    "triggered": true
  },
  "switch_sampling": {
    "max_actual_interval_ms": 20.221424,
    "median_actual_interval_ms": 19.999671,
    "sample_count": 638,
    "target_interval_ms": 20.0
  },
  "topology": "dual"
}
