*** Error setting resource limits. Mininet's performance may be affected.
{
  "baseline": {
    "baseline_median_bps": 371978805.45290285,
    "bytes_completed": [
      50331648,
      50331648
    ],
    "duration_s": [
      1.081944962,
      1.082980944
    ],
    "fault_period_retention": 1.0,
    "iqr_throughput_bps": 178003.01883900166,
    "median_throughput_bps": 371978805.45290285,
    "post_recovery_retention": 1.0,
    "round_count": 2,
    "throughput_bps": [
      372156808.47174186,
      371800802.43406385
    ]
  },
  "condition": "C3",
  "correctness_status": "pass",
  "detector_interface": "sA-eth3",
  "detector_interface_operstate_after": "up",
  "experiment_family": "active_active_v1",
  "fault_applied": true,
  "fault_interface": "w2-eth0",
  "fault_interface_operstate_after": "up",
  "fault_kind": "rate_cap",
  "fault_observation_isolation": {
    "detector_location": "switch-facing peer interface counters",
    "detector_reads_injector_qdisc": false,
    "injector_location": "worker-side egress qdisc",
    "observed_counter": "rx_bytes",
    "same_interface": false
  },
  "fault_period_retention": 0.17059341312383733,
  "fault_to_restoration_window": {
    "baseline_median_bps": 371978805.45290285,
    "interval_retention": 0.18848197976432257,
    "interval_throughput_bps": 70111301.68213092,
    "round_count": 8,
    "total_bytes_completed": 402653184,
    "total_duration_s": 45.94445395699999
  },
  "fault_window": {
    "baseline_median_bps": 371978805.45290285,
    "bytes_completed": [
      50331648,
      50331648,
      50331648,
      50331648,
      50331648,
      50331648,
      50331648,
      50331648
    ],
    "duration_s": [
      1.518440068,
      7.423740447,
      6.102038715,
      4.270502194,
      7.28403068,
      6.127738326,
      6.578832791,
      6.639130736
    ],
    "fault_period_retention": 0.17059341312383733,
    "iqr_throughput_bps": 13755684.889464006,
    "median_throughput_bps": 63457134.03193857,
    "post_recovery_retention": 0.17059341312383733,
    "round_count": 8,
    "throughput_bps": [
      265175552.51973236,
      54238585.908902,
      65986664.91744801,
      94287080.46695831,
      55278897.31513322,
      65709918.175118886,
      61204349.88875826,
      60648479.448771015
    ]
  },
  "host_refinement": {
    "action": "suppress",
    "baseline_p95_s": 1.0829291449,
    "confidence": null,
    "decision_t_monotonic_ns": 33735750162514,
    "enabled": true,
    "gate_mode": "policy",
    "l_host_ms": 1454.874355,
    "reasons": [
      "Step-level impact did not persist: 0 slow steps were observed but only 0 completed while the switch-side burst symptom was active (fewer than 2)."
    ]
  },
  "interpretation_boundary": "CPU/Mininet framed AllReduce-like workload; not NCCL, RDMA, a real GPU cluster, or production switch hardware.",
  "latency": {
    "l_commit_to_recovered_round_ms": null,
    "l_coordination_ms": null,
    "l_detection_ms": null,
    "l_fault_to_commit_ms": null,
    "l_fault_to_first_recovered_step_ms": null,
    "l_fault_to_recovered_round_complete_ms": null,
    "l_host_ms": 1454.874355,
    "l_suspect_to_commit_ms": null,
    "l_suspect_to_first_recovered_step_ms": null,
    "l_switch_ms": 76.394024,
    "latency_target": {
      "numeric_target_ms": null,
      "source": "Review feedback requests millisecond-level detection and recovery without a numeric threshold.",
      "status": "not_formally_specified",
      "unit": "ms"
    }
  },
  "post_fault": {
    "baseline_median_bps": 371978805.45290285,
    "bytes_completed": [
      50331648,
      50331648,
      50331648,
      50331648,
      50331648,
      50331648,
      50331648,
      50331648
    ],
    "duration_s": [
      1.518440068,
      7.423740447,
      6.102038715,
      4.270502194,
      7.28403068,
      6.127738326,
      6.578832791,
      6.639130736
    ],
    "fault_period_retention": 0.17059341312383733,
    "iqr_throughput_bps": 13755684.889464006,
    "median_throughput_bps": 63457134.03193857,
    "post_recovery_retention": 0.17059341312383733,
    "round_count": 8,
    "throughput_bps": [
      265175552.51973236,
      54238585.908902,
      65986664.91744801,
      94287080.46695831,
      55278897.31513322,
      65709918.175118886,
      61204349.88875826,
      60648479.448771015
    ]
  },
  "post_recovery": null,
  "post_recovery_retention": null,
  "recovery": {
    "commit_t_monotonic_ns": null,
    "committed": false,
    "decision": null,
    "enabled": true,
    "first_recovered_round_id": null,
    "l_commit_to_recovered_round_ms": null,
    "l_coordination_ms": null,
    "l_fault_to_commit_ms": null,
    "l_fault_to_recovered_round_complete_ms": null,
    "oracle": false
  },
  "routing": {
    "changed_slots": [],
    "initial_plan_fingerprint": "6b25bbb30fb02f988d2e6e22ba2dc06d94a582024c487c8e3e27c9bb1843c83e",
    "initial_policy": "balanced_active_active",
    "recovered_plan_fingerprint": null,
    "recovery_policy": "localized"
  },
  "run_id": "aa12_policy_rep03",
  "scenario_id": "AA12_POLICY",
  "status": "complete",
  "switch_detection": {
    "baseline_median_bps": 95859862.56621999,
    "detector_rule": "burst",
    "enabled": true,
    "execution_boundary": {
      "claim_boundary": "Demonstrates a switch-counter-first interface and closed-loop control scaffold; does not satisfy the final switch-hardware placement or ASIC resource-footprint requirement.",
      "data_source": "switch-facing Linux interface counters",
      "process_placement": "orchestrator/root namespace management-plane proxy",
      "resource_budget_enforced": false,
      "switch_resident": false
    },
    "fault_t_monotonic_ns": 33734218894135,
    "first_suspect_t_monotonic_ns": 33734295288159,
    "interface": "sA-eth3",
    "l_switch_ms": 76.394024,
    "rule_version": "l1-v0.3-burst-aware-rx-rate",
    "state_proxy": {
      "calibration_rate_samples": 90,
      "max_consecutive_evidence_samples": 2,
      "monitored_ports": 1,
      "rss_isolated_or_budgeted": false
    },
    "suspect_count": 1,
    "triggered": true
  },
  "switch_sampling": {
    "max_actual_interval_ms": 29.981361,
    "median_actual_interval_ms": 19.999861,
    "sample_count": 4930,
    "target_interval_ms": 20.0
  },
  "topology": "dual"
}
