*** Error setting resource limits. Mininet's performance may be affected.
{
  "baseline": {
    "baseline_median_bps": 371622372.0421643,
    "bytes_completed": [
      50331648,
      50331648
    ],
    "duration_s": [
      1.082627561,
      1.0843757
    ],
    "fault_period_retention": 1.0,
    "iqr_throughput_bps": 299790.76336950064,
    "median_throughput_bps": 371622372.0421643,
    "post_recovery_retention": 1.0,
    "round_count": 2,
    "throughput_bps": [
      371922162.8055338,
      371322581.27879477
    ]
  },
  "condition": "C3",
  "correctness_status": "pass",
  "detector_interface": "sA-eth3",
  "detector_interface_operstate_after": "up",
  "experiment_family": "active_active_v1",
  "fault_applied": true,
  "fault_interface": "w2-eth0",
  "fault_interface_operstate_after": "up",
  "fault_kind": "rate_cap",
  "fault_observation_isolation": {
    "detector_location": "switch-facing peer interface counters",
    "detector_reads_injector_qdisc": false,
    "injector_location": "worker-side egress qdisc",
    "observed_counter": "rx_bytes",
    "same_interface": false
  },
  "fault_period_retention": 0.31755672254328593,
  "fault_to_restoration_window": {
    "baseline_median_bps": 371622372.0421643,
    "interval_retention": 0.2722053050138128,
    "interval_throughput_bps": 101157581.13169396,
    "round_count": 8,
    "total_bytes_completed": 402653184,
    "total_duration_s": 31.843638766
  },
  "fault_window": {
    "baseline_median_bps": 371622372.0421643,
    "bytes_completed": [
      50331648,
      50331648,
      50331648,
      50331648,
      50331648,
      50331648,
      50331648,
      50331648
    ],
    "duration_s": [
      3.331294225,
      3.803349355,
      3.293657998,
      2.21940351,
      2.152333639,
      3.759323487,
      9.78758052,
      3.496696032
    ],
    "fault_period_retention": 0.31755672254328593,
    "iqr_throughput_bps": 30246383.46838203,
    "median_throughput_bps": 118011182.48947135,
    "post_recovery_retention": 0.31755672254328593,
    "round_count": 8,
    "throughput_bps": [
      120869895.24319185,
      105868051.13515532,
      122251060.74902195,
      181424054.79028913,
      187077494.26203156,
      107107884.00955717,
      41139195.041840635,
      115152469.73575082
    ]
  },
  "host_refinement": {
    "action": "suppress",
    "baseline_p95_s": 1.08428829305,
    "confidence": null,
    "decision_t_monotonic_ns": 33698428189502,
    "enabled": true,
    "gate_mode": "policy",
    "l_host_ms": 3246.989073,
    "reasons": [
      "Step-level impact did not persist: 0 slow steps were observed but only 0 completed while the switch-side burst symptom was active (fewer than 2)."
    ]
  },
  "interpretation_boundary": "CPU/Mininet framed AllReduce-like workload; not NCCL, RDMA, a real GPU cluster, or production switch hardware.",
  "latency": {
    "l_commit_to_recovered_round_ms": null,
    "l_coordination_ms": null,
    "l_detection_ms": null,
    "l_fault_to_commit_ms": null,
    "l_fault_to_first_recovered_step_ms": null,
    "l_fault_to_recovered_round_complete_ms": null,
    "l_host_ms": 3246.989073,
    "l_suspect_to_commit_ms": null,
    "l_suspect_to_first_recovered_step_ms": null,
    "l_switch_ms": 98.158446,
    "latency_target": {
      "numeric_target_ms": null,
      "source": "Review feedback requests millisecond-level detection and recovery without a numeric threshold.",
      "status": "not_formally_specified",
      "unit": "ms"
    }
  },
  "post_fault": {
    "baseline_median_bps": 371622372.0421643,
    "bytes_completed": [
      50331648,
      50331648,
      50331648,
      50331648,
      50331648,
      50331648,
      50331648,
      50331648
    ],
    "duration_s": [
      3.331294225,
      3.803349355,
      3.293657998,
      2.21940351,
      2.152333639,
      3.759323487,
      9.78758052,
      3.496696032
    ],
    "fault_period_retention": 0.31755672254328593,
    "iqr_throughput_bps": 30246383.46838203,
    "median_throughput_bps": 118011182.48947135,
    "post_recovery_retention": 0.31755672254328593,
    "round_count": 8,
    "throughput_bps": [
      120869895.24319185,
      105868051.13515532,
      122251060.74902195,
      181424054.79028913,
      187077494.26203156,
      107107884.00955717,
      41139195.041840635,
      115152469.73575082
    ]
  },
  "post_recovery": null,
  "post_recovery_retention": null,
  "recovery": {
    "commit_t_monotonic_ns": null,
    "committed": false,
    "decision": null,
    "enabled": true,
    "first_recovered_round_id": null,
    "l_commit_to_recovered_round_ms": null,
    "l_coordination_ms": null,
    "l_fault_to_commit_ms": null,
    "l_fault_to_recovered_round_complete_ms": null,
    "oracle": false
  },
  "routing": {
    "changed_slots": [],
    "initial_plan_fingerprint": "6b25bbb30fb02f988d2e6e22ba2dc06d94a582024c487c8e3e27c9bb1843c83e",
    "initial_policy": "balanced_active_active",
    "recovered_plan_fingerprint": null,
    "recovery_policy": "localized"
  },
  "run_id": "aa12_policy_rep02",
  "scenario_id": "AA12_POLICY",
  "status": "complete",
  "switch_detection": {
    "baseline_median_bps": 95704676.43070258,
    "detector_rule": "burst",
    "enabled": true,
    "execution_boundary": {
      "claim_boundary": "Demonstrates a switch-counter-first interface and closed-loop control scaffold; does not satisfy the final switch-hardware placement or ASIC resource-footprint requirement.",
      "data_source": "switch-facing Linux interface counters",
      "process_placement": "orchestrator/root namespace management-plane proxy",
      "resource_budget_enforced": false,
      "switch_resident": false
    },
    "fault_t_monotonic_ns": 33695083041983,
    "first_suspect_t_monotonic_ns": 33695181200429,
    "interface": "sA-eth3",
    "l_switch_ms": 98.158446,
    "rule_version": "l1-v0.3-burst-aware-rx-rate",
    "state_proxy": {
      "calibration_rate_samples": 88,
      "max_consecutive_evidence_samples": 2,
      "monitored_ports": 1,
      "rss_isolated_or_budgeted": false
    },
    "suspect_count": 1,
    "triggered": true
  },
  "switch_sampling": {
    "max_actual_interval_ms": 25.30732,
    "median_actual_interval_ms": 19.999562,
    "sample_count": 3526,
    "target_interval_ms": 20.0
  },
  "topology": "dual"
}
