*** Error setting resource limits. Mininet's performance may be affected.
{
  "baseline": {
    "baseline_median_bps": 370866951.79211533,
    "bytes_completed": [
      50331648,
      50331648
    ],
    "duration_s": [
      1.086121094,
      1.085295045
    ],
    "fault_period_retention": 1.0,
    "iqr_throughput_bps": 141085.0132126212,
    "median_throughput_bps": 370866951.79211533,
    "post_recovery_retention": 1.0,
    "round_count": 2,
    "throughput_bps": [
      370725866.7789027,
      371008036.8053279
    ]
  },
  "condition": "C3",
  "correctness_status": "pass",
  "detector_interface": "sA-eth3",
  "detector_interface_operstate_after": "up",
  "experiment_family": "active_active_v1",
  "fault_applied": true,
  "fault_interface": "w2-eth0",
  "fault_interface_operstate_after": "up",
  "fault_kind": "rate_cap",
  "fault_observation_isolation": {
    "detector_location": "switch-facing peer interface counters",
    "detector_reads_injector_qdisc": false,
    "injector_location": "worker-side egress qdisc",
    "observed_counter": "rx_bytes",
    "same_interface": false
  },
  "fault_period_retention": 0.23540327110125125,
  "fault_to_restoration_window": {
    "baseline_median_bps": 370866951.79211533,
    "interval_retention": 0.1534357264514974,
    "interval_throughput_bps": 56904240.16507568,
    "round_count": 8,
    "total_bytes_completed": 402653184,
    "total_duration_s": 56.607828567
  },
  "fault_window": {
    "baseline_median_bps": 370866951.79211533,
    "bytes_completed": [
      50331648,
      50331648,
      50331648,
      50331648,
      50331648,
      50331648,
      50331648,
      50331648
    ],
    "duration_s": [
      1.676942736,
      5.675876862,
      14.527089185,
      2.964683661,
      3.884160065,
      1.657148273,
      17.837644625,
      8.38428316
    ],
    "fault_period_retention": 0.23540327110125125,
    "iqr_throughput_bps": 118942378.8447581,
    "median_throughput_bps": 87303293.59521401,
    "post_recovery_retention": 0.23540327110125125,
    "round_count": 8,
    "throughput_bps": [
      240111469.13725024,
      70941141.56981865,
      27717402.90654793,
      135816576.08089742,
      103665445.62060936,
      242979575.55183718,
      22573226.03207765,
      48024759.69812069
    ]
  },
  "host_refinement": {
    "action": "suppress",
    "baseline_p95_s": 1.08607979155,
    "confidence": null,
    "decision_t_monotonic_ns": 33113116260211,
    "enabled": true,
    "gate_mode": "policy",
    "l_host_ms": 1415.82482,
    "reasons": [
      "Step-level impact did not persist: 0 slow steps were observed but only 0 completed while the switch-side burst symptom was active (fewer than 2)."
    ]
  },
  "interpretation_boundary": "CPU/Mininet framed AllReduce-like workload; not NCCL, RDMA, a real GPU cluster, or production switch hardware.",
  "latency": {
    "l_commit_to_recovered_round_ms": null,
    "l_coordination_ms": null,
    "l_detection_ms": null,
    "l_fault_to_commit_ms": null,
    "l_fault_to_first_recovered_step_ms": null,
    "l_fault_to_recovered_round_complete_ms": null,
    "l_host_ms": 1415.82482,
    "l_suspect_to_commit_ms": null,
    "l_suspect_to_first_recovered_step_ms": null,
    "l_switch_ms": 275.588937,
    "latency_target": {
      "numeric_target_ms": null,
      "source": "Review feedback requests millisecond-level detection and recovery without a numeric threshold.",
      "status": "not_formally_specified",
      "unit": "ms"
    }
  },
  "post_fault": {
    "baseline_median_bps": 370866951.79211533,
    "bytes_completed": [
      50331648,
      50331648,
      50331648,
      50331648,
      50331648,
      50331648,
      50331648,
      50331648
    ],
    "duration_s": [
      1.676942736,
      5.675876862,
      14.527089185,
      2.964683661,
      3.884160065,
      1.657148273,
      17.837644625,
      8.38428316
    ],
    "fault_period_retention": 0.23540327110125125,
    "iqr_throughput_bps": 118942378.8447581,
    "median_throughput_bps": 87303293.59521401,
    "post_recovery_retention": 0.23540327110125125,
    "round_count": 8,
    "throughput_bps": [
      240111469.13725024,
      70941141.56981865,
      27717402.90654793,
      135816576.08089742,
      103665445.62060936,
      242979575.55183718,
      22573226.03207765,
      48024759.69812069
    ]
  },
  "post_recovery": null,
  "post_recovery_retention": null,
  "recovery": {
    "commit_t_monotonic_ns": null,
    "committed": false,
    "decision": null,
    "enabled": true,
    "first_recovered_round_id": null,
    "l_commit_to_recovered_round_ms": null,
    "l_coordination_ms": null,
    "l_fault_to_commit_ms": null,
    "l_fault_to_recovered_round_complete_ms": null,
    "oracle": false
  },
  "routing": {
    "changed_slots": [],
    "initial_plan_fingerprint": "6b25bbb30fb02f988d2e6e22ba2dc06d94a582024c487c8e3e27c9bb1843c83e",
    "initial_policy": "balanced_active_active",
    "recovered_plan_fingerprint": null,
    "recovery_policy": "localized"
  },
  "run_id": "aa12_policy_rep01",
  "scenario_id": "AA12_POLICY",
  "status": "complete",
  "switch_detection": {
    "baseline_median_bps": 95271221.65435939,
    "detector_rule": "burst",
    "enabled": true,
    "execution_boundary": {
      "claim_boundary": "Demonstrates a switch-counter-first interface and closed-loop control scaffold; does not satisfy the final switch-hardware placement or ASIC resource-footprint requirement.",
      "data_source": "switch-facing Linux interface counters",
      "process_placement": "orchestrator/root namespace management-plane proxy",
      "resource_budget_enforced": false,
      "switch_resident": false
    },
    "fault_t_monotonic_ns": 33111424846454,
    "first_suspect_t_monotonic_ns": 33111700435391,
    "interface": "sA-eth3",
    "l_switch_ms": 275.588937,
    "rule_version": "l1-v0.3-burst-aware-rx-rate",
    "state_proxy": {
      "calibration_rate_samples": 88,
      "max_consecutive_evidence_samples": 2,
      "monitored_ports": 1,
      "rss_isolated_or_budgeted": false
    },
    "suspect_count": 1,
    "triggered": true
  },
  "switch_sampling": {
    "max_actual_interval_ms": 20.104773,
    "median_actual_interval_ms": 20.0001015,
    "sample_count": 6002,
    "target_interval_ms": 20.0
  },
  "topology": "dual"
}
