*** Error setting resource limits. Mininet's performance may be affected.
{
  "baseline": {
    "baseline_median_bps": 71434320.65038925,
    "bytes_completed": [
      50331648,
      50331648
    ],
    "duration_s": [
      5.596094453,
      5.677880626
    ],
    "fault_period_retention": 1.0,
    "iqr_throughput_bps": 518214.7082915455,
    "median_throughput_bps": 71434320.65038925,
    "post_recovery_retention": 1.0,
    "round_count": 2,
    "throughput_bps": [
      71952535.3586808,
      70916105.9420977
    ]
  },
  "condition": "C3",
  "correctness_status": "pass",
  "detector_interface": "sA-eth3",
  "detector_interface_operstate_after": "up",
  "experiment_family": "active_active_v1",
  "fault_applied": true,
  "fault_interface": "w2-eth0",
  "fault_interface_operstate_after": "up",
  "fault_kind": "rate_cap",
  "fault_observation_isolation": {
    "detector_location": "switch-facing peer interface counters",
    "detector_reads_injector_qdisc": false,
    "injector_location": "worker-side egress qdisc",
    "observed_counter": "rx_bytes",
    "same_interface": false
  },
  "fault_period_retention": 0.7465206329637447,
  "fault_to_restoration_window": {
    "baseline_median_bps": 71434320.65038925,
    "interval_retention": 0.7457557713722741,
    "interval_throughput_bps": 53272556.89908541,
    "round_count": 8,
    "total_bytes_completed": 402653184,
    "total_duration_s": 60.466883128999996
  },
  "fault_window": {
    "baseline_median_bps": 71434320.65038925,
    "bytes_completed": [
      50331648,
      50331648,
      50331648,
      50331648,
      50331648,
      50331648,
      50331648,
      50331648
    ],
    "duration_s": [
      5.528453244,
      5.450676974,
      9.607589154,
      7.142005977,
      8.008819028,
      9.39074186,
      9.858468469,
      5.480128423
    ],
    "fault_period_retention": 0.7465206329637447,
    "iqr_throughput_bps": 30357711.85810101,
    "median_throughput_bps": 53327194.26726369,
    "post_recovery_retention": 0.7465206329637447,
    "round_count": 8,
    "throughput_bps": [
      72832882.2237933,
      73872142.10650818,
      41909908.671767086,
      56378163.96355558,
      50276224.570971794,
      42877675.69409048,
      40843381.024765134,
      73475136.51506265
    ]
  },
  "host_refinement": {
    "action": "suppress",
    "baseline_p95_s": 5.67379131735,
    "confidence": null,
    "decision_t_monotonic_ns": 33809228568161,
    "enabled": true,
    "gate_mode": "policy",
    "l_host_ms": 5295.68349,
    "reasons": [
      "Step-level impact did not persist: 0 slow steps were observed but only 0 completed while the switch-side burst symptom was active (fewer than 2)."
    ]
  },
  "interpretation_boundary": "CPU/Mininet framed AllReduce-like workload; not NCCL, RDMA, a real GPU cluster, or production switch hardware.",
  "latency": {
    "l_commit_to_recovered_round_ms": null,
    "l_coordination_ms": null,
    "l_detection_ms": null,
    "l_fault_to_commit_ms": null,
    "l_fault_to_first_recovered_step_ms": null,
    "l_fault_to_recovered_round_complete_ms": null,
    "l_host_ms": 5295.68349,
    "l_suspect_to_commit_ms": null,
    "l_suspect_to_first_recovered_step_ms": null,
    "l_switch_ms": 246.208042,
    "latency_target": {
      "numeric_target_ms": null,
      "source": "Review feedback requests millisecond-level detection and recovery without a numeric threshold.",
      "status": "not_formally_specified",
      "unit": "ms"
    }
  },
  "post_fault": {
    "baseline_median_bps": 71434320.65038925,
    "bytes_completed": [
      50331648,
      50331648,
      50331648,
      50331648,
      50331648,
      50331648,
      50331648,
      50331648
    ],
    "duration_s": [
      5.528453244,
      5.450676974,
      9.607589154,
      7.142005977,
      8.008819028,
      9.39074186,
      9.858468469,
      5.480128423
    ],
    "fault_period_retention": 0.7465206329637447,
    "iqr_throughput_bps": 30357711.85810101,
    "median_throughput_bps": 53327194.26726369,
    "post_recovery_retention": 0.7465206329637447,
    "round_count": 8,
    "throughput_bps": [
      72832882.2237933,
      73872142.10650818,
      41909908.671767086,
      56378163.96355558,
      50276224.570971794,
      42877675.69409048,
      40843381.024765134,
      73475136.51506265
    ]
  },
  "post_recovery": null,
  "post_recovery_retention": null,
  "recovery": {
    "commit_t_monotonic_ns": null,
    "committed": false,
    "decision": null,
    "enabled": true,
    "first_recovered_round_id": null,
    "l_commit_to_recovered_round_ms": null,
    "l_coordination_ms": null,
    "l_fault_to_commit_ms": null,
    "l_fault_to_recovered_round_complete_ms": null,
    "oracle": false
  },
  "routing": {
    "changed_slots": [],
    "initial_plan_fingerprint": "6b25bbb30fb02f988d2e6e22ba2dc06d94a582024c487c8e3e27c9bb1843c83e",
    "initial_policy": "balanced_active_active",
    "recovered_plan_fingerprint": null,
    "recovery_policy": "localized"
  },
  "run_id": "aa12_policy_rep01",
  "scenario_id": "AA12_POLICY",
  "status": "complete",
  "switch_detection": {
    "baseline_median_bps": 89761974.15136594,
    "detector_rule": "burst",
    "enabled": true,
    "execution_boundary": {
      "claim_boundary": "Demonstrates a switch-counter-first interface and closed-loop control scaffold; does not satisfy the final switch-hardware placement or ASIC resource-footprint requirement.",
      "data_source": "switch-facing Linux interface counters",
      "process_placement": "orchestrator/root namespace management-plane proxy",
      "resource_budget_enforced": false,
      "switch_resident": false
    },
    "fault_t_monotonic_ns": 33803686676629,
    "first_suspect_t_monotonic_ns": 33803932884671,
    "interface": "sA-eth3",
    "l_switch_ms": 246.208042,
    "rule_version": "l1-v0.3-burst-aware-rx-rate",
    "state_proxy": {
      "calibration_rate_samples": 110,
      "max_consecutive_evidence_samples": 2,
      "monitored_ports": 1,
      "rss_isolated_or_budgeted": false
    },
    "suspect_count": 1,
    "triggered": true
  },
  "switch_sampling": {
    "max_actual_interval_ms": 29.333994,
    "median_actual_interval_ms": 19.999971000000002,
    "sample_count": 7742,
    "target_interval_ms": 20.0
  },
  "topology": "dual"
}
