*** Error setting resource limits. Mininet's performance may be affected.
{
  "baseline": {
    "baseline_median_bps": 371881631.9581728,
    "bytes_completed": [
      50331648,
      50331648
    ],
    "duration_s": [
      1.082325009,
      1.083166428
    ],
    "fault_period_retention": 1.0,
    "iqr_throughput_bps": 144497.57941043377,
    "median_throughput_bps": 371881631.9581728,
    "post_recovery_retention": 1.0,
    "round_count": 2,
    "throughput_bps": [
      372026129.5375833,
      371737134.37876236
    ]
  },
  "condition": "C3",
  "correctness_status": "pass",
  "detector_interface": "sA-eth3",
  "detector_interface_operstate_after": "up",
  "experiment_family": "active_active_v1",
  "fault_applied": true,
  "fault_interface": "w2-eth0",
  "fault_interface_operstate_after": "up",
  "fault_kind": "rate_cap",
  "fault_observation_isolation": {
    "detector_location": "switch-facing peer interface counters",
    "detector_reads_injector_qdisc": false,
    "injector_location": "worker-side egress qdisc",
    "observed_counter": "rx_bytes",
    "same_interface": false
  },
  "fault_period_retention": 0.9995598670176548,
  "fault_to_restoration_window": {
    "baseline_median_bps": 371881631.9581728,
    "interval_retention": 0.7504397087265925,
    "interval_throughput_bps": 279074743.5674611,
    "round_count": 1,
    "total_bytes_completed": 50331648,
    "total_duration_s": 1.442814849
  },
  "fault_window": null,
  "host_refinement": {
    "action": "confirm",
    "baseline_p95_s": 1.08312435705,
    "confidence": null,
    "decision_t_monotonic_ns": 35330141397701,
    "enabled": true,
    "gate_mode": "policy",
    "l_host_ms": 349.401204,
    "reasons": [
      "Switch-side burst-rate degradation was active at each slow step.",
      "2 steps exceeded 1.5x the fault-free step p95 (0.181626s): rank 3 round 3 step 0 (0.310s), rank 0 round 3 step 1 (0.310s).",
      "The alternate fabric health probe passed."
    ]
  },
  "interpretation_boundary": "CPU/Mininet framed AllReduce-like workload; not NCCL, RDMA, a real GPU cluster, or production switch hardware.",
  "latency": {
    "l_commit_to_recovered_round_ms": 942.164215,
    "l_coordination_ms": 1.882162,
    "l_detection_ms": 511.610575,
    "l_fault_to_commit_ms": 513.492737,
    "l_fault_to_first_recovered_step_ms": 840.027573,
    "l_fault_to_recovered_round_complete_ms": 1455.656952,
    "l_host_ms": 349.401204,
    "l_suspect_to_commit_ms": 351.283366,
    "l_suspect_to_first_recovered_step_ms": 677.818202,
    "l_switch_ms": 162.209371,
    "latency_target": {
      "numeric_target_ms": null,
      "source": "Review feedback requests millisecond-level detection and recovery without a numeric threshold.",
      "status": "not_formally_specified",
      "unit": "ms"
    }
  },
  "post_fault": {
    "baseline_median_bps": 371881631.9581728,
    "bytes_completed": [
      50331648,
      50331648,
      50331648,
      50331648,
      50331648,
      50331648,
      50331648,
      50331648
    ],
    "duration_s": [
      1.442814849,
      1.083402919,
      1.0853047,
      1.083041775,
      1.081633649,
      1.72502671,
      1.08274664,
      1.082995133
    ],
    "fault_period_retention": 0.9995598670176548,
    "iqr_throughput_bps": 23795025.15968615,
    "median_throughput_bps": 371717954.58641964,
    "post_recovery_retention": 0.9995598670176548,
    "round_count": 8,
    "throughput_bps": [
      279074743.5674611,
      371655989.60325485,
      371004736.2736013,
      371779919.5695844,
      372263921.6820445,
      233418521.38625726,
      371881259.31288964,
      371795931.23804
    ]
  },
  "post_recovery": {
    "baseline_median_bps": 371881631.9581728,
    "bytes_completed": [
      50331648,
      50331648,
      50331648,
      50331648,
      50331648,
      50331648,
      50331648,
      50331648
    ],
    "duration_s": [
      1.442814849,
      1.083402919,
      1.0853047,
      1.083041775,
      1.081633649,
      1.72502671,
      1.08274664,
      1.082995133
    ],
    "fault_period_retention": 0.9995598670176548,
    "iqr_throughput_bps": 23795025.15968615,
    "median_throughput_bps": 371717954.58641964,
    "post_recovery_retention": 0.9995598670176548,
    "round_count": 8,
    "throughput_bps": [
      279074743.5674611,
      371655989.60325485,
      371004736.2736013,
      371779919.5695844,
      372263921.6820445,
      233418521.38625726,
      371881259.31288964,
      371795931.23804
    ]
  },
  "post_recovery_retention": 0.9995598670176548,
  "recovery": {
    "commit_t_monotonic_ns": 35330143279863,
    "committed": true,
    "decision": {
      "action": "commit",
      "changed_slots": [
        {
          "new_route": "B",
          "old_route": "A",
          "sender_rank": 2,
          "step_id": 0
        },
        {
          "new_route": "B",
          "old_route": "A",
          "sender_rank": 2,
          "step_id": 2
        },
        {
          "new_route": "B",
          "old_route": "A",
          "sender_rank": 2,
          "step_id": 4
        }
      ],
      "effective_round": 3,
      "effective_step": 2,
      "missing_ranks": [],
      "plan": {
        "policy": "localized_reroute",
        "routes": [
          [
            "A",
            "B",
            "A",
            "B",
            "A",
            "B"
          ],
          [
            "B",
            "A",
            "B",
            "A",
            "B",
            "A"
          ],
          [
            "B",
            "B",
            "B",
            "B",
            "B",
            "B"
          ],
          [
            "B",
            "A",
            "B",
            "A",
            "B",
            "A"
          ]
        ],
        "world_size": 4
      },
      "plan_fingerprint": "1bfb1dcf1307edd96378fc48925c69ede943200d20aa6b7442cd956c46b3d3f5",
      "policy": "localized_reroute",
      "ready_ranks": [
        0,
        1,
        2,
        3
      ],
      "version": 1
    },
    "enabled": true,
    "first_recovered_round_id": 3,
    "l_commit_to_recovered_round_ms": 942.164215,
    "l_coordination_ms": 1.882162,
    "l_fault_to_commit_ms": 513.492737,
    "l_fault_to_recovered_round_complete_ms": 1455.656952,
    "oracle": false
  },
  "routing": {
    "changed_slots": [
      {
        "new_route": "B",
        "old_route": "A",
        "sender_rank": 2,
        "step_id": 0
      },
      {
        "new_route": "B",
        "old_route": "A",
        "sender_rank": 2,
        "step_id": 2
      },
      {
        "new_route": "B",
        "old_route": "A",
        "sender_rank": 2,
        "step_id": 4
      }
    ],
    "initial_plan_fingerprint": "6b25bbb30fb02f988d2e6e22ba2dc06d94a582024c487c8e3e27c9bb1843c83e",
    "initial_policy": "balanced_active_active",
    "recovered_plan_fingerprint": "1bfb1dcf1307edd96378fc48925c69ede943200d20aa6b7442cd956c46b3d3f5",
    "recovery_policy": "localized"
  },
  "run_id": "aa12_policy_rep02",
  "scenario_id": "AA12_POLICY",
  "status": "complete",
  "switch_detection": {
    "baseline_median_bps": 95736710.41470295,
    "detector_rule": "burst",
    "enabled": true,
    "execution_boundary": {
      "claim_boundary": "Demonstrates a switch-counter-first interface and closed-loop control scaffold; does not satisfy the final switch-hardware placement or ASIC resource-footprint requirement.",
      "data_source": "switch-facing Linux interface counters",
      "process_placement": "orchestrator/root namespace management-plane proxy",
      "resource_budget_enforced": false,
      "switch_resident": false
    },
    "fault_t_monotonic_ns": 35329629787126,
    "first_suspect_t_monotonic_ns": 35329791996497,
    "interface": "sA-eth3",
    "l_switch_ms": 162.209371,
    "rule_version": "l1-v0.3-burst-aware-rx-rate",
    "state_proxy": {
      "calibration_rate_samples": 88,
      "max_consecutive_evidence_samples": 2,
      "monitored_ports": 1,
      "rss_isolated_or_budgeted": false
    },
    "suspect_count": 1,
    "triggered": true
  },
  "switch_sampling": {
    "max_actual_interval_ms": 20.091796,
    "median_actual_interval_ms": 19.999695,
    "sample_count": 1308,
    "target_interval_ms": 20.0
  },
  "topology": "dual"
}
