{
  "baseline": {
    "baseline_median_bps": 377752828.22778505,
    "bytes_completed": [
      50331648,
      50331648
    ],
    "duration_s": [
      1.066077655,
      1.065756513
    ],
    "fault_period_retention": 1.0,
    "iqr_throughput_bps": 56905.12919986248,
    "median_throughput_bps": 377752828.22778505,
    "post_recovery_retention": 1.0,
    "round_count": 2,
    "throughput_bps": [
      377695923.0985852,
      377809733.3569849
    ]
  },
  "condition": "C0",
  "correctness_status": "pass",
  "detector_interface": "sA-eth3",
  "detector_interface_operstate_after": "up",
  "experiment_family": "active_active_v1",
  "fault_applied": false,
  "fault_interface": "w2-eth0",
  "fault_interface_operstate_after": "up",
  "fault_observation_isolation": {
    "detector_location": "switch-facing peer interface counters",
    "detector_reads_injector_qdisc": false,
    "injector_location": "worker-side egress qdisc",
    "observed_counter": "rx_bytes",
    "same_interface": false
  },
  "fault_period_retention": 1.0004505651732012,
  "fault_to_restoration_window": {
    "baseline_median_bps": 377752828.22778505,
    "interval_retention": 1.0004614389680322,
    "interval_throughput_bps": 377927138.10301375,
    "round_count": 3,
    "total_bytes_completed": 150994944,
    "total_duration_s": 3.1962762930000004
  },
  "fault_window": {
    "baseline_median_bps": 377752828.22778505,
    "bytes_completed": [
      50331648,
      50331648,
      50331648
    ],
    "duration_s": [
      1.065437011,
      1.065574282,
      1.065265
    ],
    "fault_period_retention": 1.0004505651732012,
    "iqr_throughput_bps": 54854.770038962364,
    "median_throughput_bps": 377923030.4962627,
    "post_recovery_retention": 1.0004505651732012,
    "round_count": 3,
    "throughput_bps": [
      377923030.4962627,
      377874345.13176435,
      377984054.6718423
    ]
  },
  "host_refinement": {
    "action": null,
    "baseline_p95_s": 1.0660615978999999,
    "confidence": null,
    "decision_t_monotonic_ns": null,
    "enabled": false,
    "l_host_ms": null,
    "reasons": []
  },
  "interpretation_boundary": "CPU/Mininet framed AllReduce-like workload; not NCCL, RDMA, a real GPU cluster, or production switch hardware.",
  "latency": {
    "l_commit_to_recovered_round_ms": null,
    "l_coordination_ms": null,
    "l_detection_ms": null,
    "l_fault_to_commit_ms": null,
    "l_fault_to_recovered_round_complete_ms": null,
    "l_host_ms": null,
    "l_switch_ms": null,
    "latency_target": {
      "numeric_target_ms": null,
      "source": "Review feedback requests millisecond-level detection and recovery without a numeric threshold.",
      "status": "not_formally_specified",
      "unit": "ms"
    }
  },
  "post_fault": {
    "baseline_median_bps": 377752828.22778505,
    "bytes_completed": [
      50331648,
      50331648,
      50331648
    ],
    "duration_s": [
      1.065437011,
      1.065574282,
      1.065265
    ],
    "fault_period_retention": 1.0004505651732012,
    "iqr_throughput_bps": 54854.770038962364,
    "median_throughput_bps": 377923030.4962627,
    "post_recovery_retention": 1.0004505651732012,
    "round_count": 3,
    "throughput_bps": [
      377923030.4962627,
      377874345.13176435,
      377984054.6718423
    ]
  },
  "post_recovery": null,
  "post_recovery_retention": null,
  "recovery": {
    "commit_t_monotonic_ns": null,
    "committed": false,
    "decision": null,
    "enabled": false,
    "first_recovered_round_id": null,
    "l_commit_to_recovered_round_ms": null,
    "l_coordination_ms": null,
    "l_fault_to_commit_ms": null,
    "l_fault_to_recovered_round_complete_ms": null,
    "oracle": false
  },
  "routing": {
    "changed_slots": [],
    "initial_plan_fingerprint": "6b25bbb30fb02f988d2e6e22ba2dc06d94a582024c487c8e3e27c9bb1843c83e",
    "initial_policy": "balanced_active_active",
    "recovered_plan_fingerprint": null,
    "recovery_policy": "none"
  },
  "run_id": "aa0_healthy_rep01",
  "scenario_id": "AA0_HEALTHY",
  "status": "complete",
  "switch_detection": {
    "baseline_median_bps": null,
    "enabled": false,
    "execution_boundary": {
      "claim_boundary": "Demonstrates a switch-counter-first interface and closed-loop control scaffold; does not satisfy the final switch-hardware placement or ASIC resource-footprint requirement.",
      "data_source": "switch-facing Linux interface counters",
      "process_placement": "orchestrator/root namespace management-plane proxy",
      "resource_budget_enforced": false,
      "switch_resident": false
    },
    "fault_t_monotonic_ns": null,
    "first_suspect_t_monotonic_ns": null,
    "interface": "sA-eth3",
    "l_switch_ms": null,
    "rule_version": null,
    "state_proxy": {
      "calibration_rate_samples": 0,
      "max_consecutive_evidence_samples": 0,
      "monitored_ports": 1,
      "rss_isolated_or_budgeted": false
    },
    "suspect_count": 0,
    "triggered": false
  },
  "switch_sampling": {
    "max_actual_interval_ms": 20.060235,
    "median_actual_interval_ms": 19.9997595,
    "sample_count": 323,
    "target_interval_ms": 20.0
  },
  "topology": "dual"
}
