{
  "baseline": {
    "baseline_median_bps": 377903250.651846,
    "bytes_completed": [
      50331648,
      50331648
    ],
    "duration_s": [
      1.065810073,
      1.06517567
    ],
    "fault_period_retention": 1.0,
    "iqr_throughput_bps": 112503.31294369698,
    "median_throughput_bps": 377903250.651846,
    "post_recovery_retention": 1.0,
    "round_count": 2,
    "throughput_bps": [
      377790747.3389023,
      378015753.9647897
    ]
  },
  "condition": "C0",
  "correctness_status": "pass",
  "detector_interface": "sA-eth3",
  "detector_interface_operstate_after": "up",
  "experiment_family": "active_active_v1",
  "fault_applied": false,
  "fault_interface": "w2-eth0",
  "fault_interface_operstate_after": "up",
  "fault_observation_isolation": {
    "detector_location": "switch-facing peer interface counters",
    "detector_reads_injector_qdisc": false,
    "injector_location": "worker-side egress qdisc",
    "observed_counter": "rx_bytes",
    "same_interface": false
  },
  "fault_period_retention": 0.9999752102708412,
  "fault_to_restoration_window": {
    "baseline_median_bps": 377903250.651846,
    "interval_retention": 1.0000932110097436,
    "interval_throughput_bps": 377938475.3954246,
    "round_count": 3,
    "total_bytes_completed": 150994944,
    "total_duration_s": 3.196180412
  },
  "fault_window": {
    "baseline_median_bps": 377903250.651846,
    "bytes_completed": [
      50331648,
      50331648,
      50331648
    ],
    "duration_s": [
      1.065519191,
      1.065739283,
      1.064921938
    ],
    "fault_period_retention": 0.9999752102708412,
    "iqr_throughput_bps": 144989.91800785065,
    "median_throughput_bps": 377893882.5326141,
    "post_recovery_retention": 0.9999752102708412,
    "round_count": 3,
    "throughput_bps": [
      377893882.5326141,
      377815841.4753676,
      378105821.3113833
    ]
  },
  "host_refinement": {
    "action": null,
    "baseline_p95_s": 1.06577835285,
    "confidence": null,
    "decision_t_monotonic_ns": null,
    "enabled": false,
    "l_host_ms": null,
    "reasons": []
  },
  "interpretation_boundary": "CPU/Mininet framed AllReduce-like workload; not NCCL, RDMA, a real GPU cluster, or production switch hardware.",
  "latency": {
    "l_commit_to_recovered_round_ms": null,
    "l_coordination_ms": null,
    "l_detection_ms": null,
    "l_fault_to_commit_ms": null,
    "l_fault_to_recovered_round_complete_ms": null,
    "l_host_ms": null,
    "l_switch_ms": null,
    "latency_target": {
      "numeric_target_ms": null,
      "source": "Review feedback requests millisecond-level detection and recovery without a numeric threshold.",
      "status": "not_formally_specified",
      "unit": "ms"
    }
  },
  "post_fault": {
    "baseline_median_bps": 377903250.651846,
    "bytes_completed": [
      50331648,
      50331648,
      50331648
    ],
    "duration_s": [
      1.065519191,
      1.065739283,
      1.064921938
    ],
    "fault_period_retention": 0.9999752102708412,
    "iqr_throughput_bps": 144989.91800785065,
    "median_throughput_bps": 377893882.5326141,
    "post_recovery_retention": 0.9999752102708412,
    "round_count": 3,
    "throughput_bps": [
      377893882.5326141,
      377815841.4753676,
      378105821.3113833
    ]
  },
  "post_recovery": null,
  "post_recovery_retention": null,
  "recovery": {
    "commit_t_monotonic_ns": null,
    "committed": false,
    "decision": null,
    "enabled": false,
    "first_recovered_round_id": null,
    "l_commit_to_recovered_round_ms": null,
    "l_coordination_ms": null,
    "l_fault_to_commit_ms": null,
    "l_fault_to_recovered_round_complete_ms": null,
    "oracle": false
  },
  "routing": {
    "changed_slots": [],
    "initial_plan_fingerprint": "6b25bbb30fb02f988d2e6e22ba2dc06d94a582024c487c8e3e27c9bb1843c83e",
    "initial_policy": "balanced_active_active",
    "recovered_plan_fingerprint": null,
    "recovery_policy": "none"
  },
  "run_id": "aa0_healthy_rep02",
  "scenario_id": "AA0_HEALTHY",
  "status": "complete",
  "switch_detection": {
    "baseline_median_bps": null,
    "enabled": false,
    "execution_boundary": {
      "claim_boundary": "Demonstrates a switch-counter-first interface and closed-loop control scaffold; does not satisfy the final switch-hardware placement or ASIC resource-footprint requirement.",
      "data_source": "switch-facing Linux interface counters",
      "process_placement": "orchestrator/root namespace management-plane proxy",
      "resource_budget_enforced": false,
      "switch_resident": false
    },
    "fault_t_monotonic_ns": null,
    "first_suspect_t_monotonic_ns": null,
    "interface": "sA-eth3",
    "l_switch_ms": null,
    "rule_version": null,
    "state_proxy": {
      "calibration_rate_samples": 0,
      "max_consecutive_evidence_samples": 0,
      "monitored_ports": 1,
      "rss_isolated_or_budgeted": false
    },
    "suspect_count": 0,
    "triggered": false
  },
  "switch_sampling": {
    "max_actual_interval_ms": 20.068225,
    "median_actual_interval_ms": 19.999945,
    "sample_count": 325,
    "target_interval_ms": 20.0
  },
  "topology": "dual"
}
