{
  "baseline": {
    "baseline_median_bps": 377922242.71695113,
    "bytes_completed": [
      50331648,
      50331648
    ],
    "duration_s": [
      1.0653408,
      1.065537682
    ],
    "fault_period_retention": 1.0,
    "iqr_throughput_bps": 34918.03386217356,
    "median_throughput_bps": 377922242.71695113,
    "post_recovery_retention": 1.0,
    "round_count": 2,
    "throughput_bps": [
      377957160.75081325,
      377887324.68308896
    ]
  },
  "condition": "C1",
  "correctness_status": "pass",
  "detector_interface": "sA-eth3",
  "detector_interface_operstate_after": "up",
  "experiment_family": "active_active_v1",
  "fault_applied": true,
  "fault_interface": "w2-eth0",
  "fault_interface_operstate_after": "up",
  "fault_observation_isolation": {
    "detector_location": "switch-facing peer interface counters",
    "detector_reads_injector_qdisc": false,
    "injector_location": "worker-side egress qdisc",
    "observed_counter": "rx_bytes",
    "same_interface": false
  },
  "fault_period_retention": 0.370787806134515,
  "fault_to_restoration_window": {
    "baseline_median_bps": 377922242.71695113,
    "interval_retention": 0.371443131514902,
    "interval_throughput_bps": 140376621.3039192,
    "round_count": 3,
    "total_bytes_completed": 150994944,
    "total_duration_s": 8.605133396
  },
  "fault_window": {
    "baseline_median_bps": 377922242.71695113,
    "bytes_completed": [
      50331648,
      50331648,
      50331648
    ],
    "duration_s": [
      2.853745038,
      2.877941027,
      2.873447331
    ],
    "fault_period_retention": 0.370787806134515,
    "iqr_throughput_bps": 593126.6810000837,
    "median_throughput_bps": 140128959.266454,
    "post_recovery_retention": 0.370787806134515,
    "round_count": 3,
    "throughput_bps": [
      141096411.4307117,
      139910158.06871155,
      140128959.266454
    ]
  },
  "host_refinement": {
    "action": null,
    "baseline_p95_s": 1.0655278379,
    "confidence": null,
    "decision_t_monotonic_ns": null,
    "enabled": false,
    "l_host_ms": null,
    "reasons": []
  },
  "interpretation_boundary": "CPU/Mininet framed AllReduce-like workload; not NCCL, RDMA, a real GPU cluster, or production switch hardware.",
  "latency": {
    "l_commit_to_recovered_round_ms": null,
    "l_coordination_ms": null,
    "l_detection_ms": null,
    "l_fault_to_commit_ms": null,
    "l_fault_to_recovered_round_complete_ms": null,
    "l_host_ms": null,
    "l_switch_ms": null,
    "latency_target": {
      "numeric_target_ms": null,
      "source": "Review feedback requests millisecond-level detection and recovery without a numeric threshold.",
      "status": "not_formally_specified",
      "unit": "ms"
    }
  },
  "post_fault": {
    "baseline_median_bps": 377922242.71695113,
    "bytes_completed": [
      50331648,
      50331648,
      50331648
    ],
    "duration_s": [
      2.853745038,
      2.877941027,
      2.873447331
    ],
    "fault_period_retention": 0.370787806134515,
    "iqr_throughput_bps": 593126.6810000837,
    "median_throughput_bps": 140128959.266454,
    "post_recovery_retention": 0.370787806134515,
    "round_count": 3,
    "throughput_bps": [
      141096411.4307117,
      139910158.06871155,
      140128959.266454
    ]
  },
  "post_recovery": null,
  "post_recovery_retention": null,
  "recovery": {
    "commit_t_monotonic_ns": null,
    "committed": false,
    "decision": null,
    "enabled": false,
    "first_recovered_round_id": null,
    "l_commit_to_recovered_round_ms": null,
    "l_coordination_ms": null,
    "l_fault_to_commit_ms": null,
    "l_fault_to_recovered_round_complete_ms": null,
    "oracle": false
  },
  "routing": {
    "changed_slots": [],
    "initial_plan_fingerprint": "6b25bbb30fb02f988d2e6e22ba2dc06d94a582024c487c8e3e27c9bb1843c83e",
    "initial_policy": "balanced_active_active",
    "recovered_plan_fingerprint": null,
    "recovery_policy": "none"
  },
  "run_id": "aa1_fault_rep01",
  "scenario_id": "AA1_FAULT",
  "status": "complete",
  "switch_detection": {
    "baseline_median_bps": null,
    "enabled": false,
    "execution_boundary": {
      "claim_boundary": "Demonstrates a switch-counter-first interface and closed-loop control scaffold; does not satisfy the final switch-hardware placement or ASIC resource-footprint requirement.",
      "data_source": "switch-facing Linux interface counters",
      "process_placement": "orchestrator/root namespace management-plane proxy",
      "resource_budget_enforced": false,
      "switch_resident": false
    },
    "fault_t_monotonic_ns": 3008643336360106,
    "first_suspect_t_monotonic_ns": null,
    "interface": "sA-eth3",
    "l_switch_ms": null,
    "rule_version": null,
    "state_proxy": {
      "calibration_rate_samples": 0,
      "max_consecutive_evidence_samples": 0,
      "monitored_ports": 1,
      "rss_isolated_or_budgeted": false
    },
    "suspect_count": 0,
    "triggered": false
  },
  "switch_sampling": {
    "max_actual_interval_ms": 20.063625,
    "median_actual_interval_ms": 19.999795,
    "sample_count": 593,
    "target_interval_ms": 20.0
  },
  "topology": "dual"
}
