{
  "baseline": {
    "baseline_median_bps": 377897428.8695574,
    "bytes_completed": [
      50331648,
      50331648
    ],
    "duration_s": [
      1.065781873,
      1.06523665
    ],
    "fault_period_retention": 1.0,
    "iqr_throughput_bps": 96685.39603793621,
    "median_throughput_bps": 377897428.8695574,
    "post_recovery_retention": 1.0,
    "round_count": 2,
    "throughput_bps": [
      377800743.4735194,
      377994114.2655954
    ]
  },
  "condition": "C2",
  "correctness_status": "pass",
  "detector_interface": "sA-eth3",
  "detector_interface_operstate_after": "up",
  "experiment_family": "active_active_v1",
  "fault_applied": true,
  "fault_interface": "w2-eth0",
  "fault_interface_operstate_after": "up",
  "fault_observation_isolation": {
    "detector_location": "switch-facing peer interface counters",
    "detector_reads_injector_qdisc": false,
    "injector_location": "worker-side egress qdisc",
    "observed_counter": "rx_bytes",
    "same_interface": false
  },
  "fault_period_retention": 0.37081343330227257,
  "fault_to_restoration_window": {
    "baseline_median_bps": 377897428.8695574,
    "interval_retention": 0.37147267460552885,
    "interval_throughput_bps": 140378568.62872708,
    "round_count": 3,
    "total_bytes_completed": 150994944,
    "total_duration_s": 8.605014026
  },
  "fault_window": {
    "baseline_median_bps": 377897428.8695574,
    "bytes_completed": [
      50331648,
      50331648,
      50331648
    ],
    "duration_s": [
      2.853579087,
      2.877997528,
      2.873437411
    ],
    "fault_period_retention": 0.37081343330227257,
    "iqr_throughput_bps": 598602.8011201918,
    "median_throughput_bps": 140129443.0352219,
    "post_recovery_retention": 0.37081343330227257,
    "round_count": 3,
    "throughput_bps": [
      141104616.94731364,
      139907411.34507325,
      140129443.0352219
    ]
  },
  "host_refinement": {
    "action": null,
    "baseline_p95_s": 1.0657546118499999,
    "confidence": null,
    "decision_t_monotonic_ns": null,
    "enabled": false,
    "l_host_ms": null,
    "reasons": []
  },
  "interpretation_boundary": "CPU/Mininet framed AllReduce-like workload; not NCCL, RDMA, a real GPU cluster, or production switch hardware.",
  "latency": {
    "l_commit_to_recovered_round_ms": null,
    "l_coordination_ms": null,
    "l_detection_ms": null,
    "l_fault_to_commit_ms": null,
    "l_fault_to_recovered_round_complete_ms": null,
    "l_host_ms": null,
    "l_switch_ms": 2784.749392,
    "latency_target": {
      "numeric_target_ms": null,
      "source": "Review feedback requests millisecond-level detection and recovery without a numeric threshold.",
      "status": "not_formally_specified",
      "unit": "ms"
    }
  },
  "post_fault": {
    "baseline_median_bps": 377897428.8695574,
    "bytes_completed": [
      50331648,
      50331648,
      50331648
    ],
    "duration_s": [
      2.853579087,
      2.877997528,
      2.873437411
    ],
    "fault_period_retention": 0.37081343330227257,
    "iqr_throughput_bps": 598602.8011201918,
    "median_throughput_bps": 140129443.0352219,
    "post_recovery_retention": 0.37081343330227257,
    "round_count": 3,
    "throughput_bps": [
      141104616.94731364,
      139907411.34507325,
      140129443.0352219
    ]
  },
  "post_recovery": null,
  "post_recovery_retention": null,
  "recovery": {
    "commit_t_monotonic_ns": null,
    "committed": false,
    "decision": null,
    "enabled": false,
    "first_recovered_round_id": null,
    "l_commit_to_recovered_round_ms": null,
    "l_coordination_ms": null,
    "l_fault_to_commit_ms": null,
    "l_fault_to_recovered_round_complete_ms": null,
    "oracle": false
  },
  "routing": {
    "changed_slots": [],
    "initial_plan_fingerprint": "6b25bbb30fb02f988d2e6e22ba2dc06d94a582024c487c8e3e27c9bb1843c83e",
    "initial_policy": "balanced_active_active",
    "recovered_plan_fingerprint": null,
    "recovery_policy": "none"
  },
  "run_id": "aa2_detect_rep03",
  "scenario_id": "AA2_DETECT",
  "status": "complete",
  "switch_detection": {
    "baseline_median_bps": 422972.81092920084,
    "enabled": true,
    "execution_boundary": {
      "claim_boundary": "Demonstrates a switch-counter-first interface and closed-loop control scaffold; does not satisfy the final switch-hardware placement or ASIC resource-footprint requirement.",
      "data_source": "switch-facing Linux interface counters",
      "process_placement": "orchestrator/root namespace management-plane proxy",
      "resource_budget_enforced": false,
      "switch_resident": false
    },
    "fault_t_monotonic_ns": 3008720349807547,
    "first_suspect_t_monotonic_ns": 3008723134556939,
    "interface": "sA-eth3",
    "l_switch_ms": 2784.749392,
    "rule_version": "l1-v0.2-isolated-rx-rate",
    "state_proxy": {
      "calibration_rate_samples": 149,
      "max_consecutive_evidence_samples": 3,
      "monitored_ports": 1,
      "rss_isolated_or_budgeted": false
    },
    "suspect_count": 1,
    "triggered": true
  },
  "switch_sampling": {
    "max_actual_interval_ms": 20.060325,
    "median_actual_interval_ms": 19.999915,
    "sample_count": 596,
    "target_interval_ms": 20.0
  },
  "topology": "dual"
}
