{
  "baseline": {
    "baseline_median_bps": 377942365.94794416,
    "bytes_completed": [
      50331648,
      50331648
    ],
    "duration_s": [
      1.065519192,
      1.06524585
    ],
    "fault_period_retention": 1.0,
    "iqr_throughput_bps": 48483.76998716593,
    "median_throughput_bps": 377942365.94794416,
    "post_recovery_retention": 1.0,
    "round_count": 2,
    "throughput_bps": [
      377893882.17795706,
      377990849.71793133
    ]
  },
  "condition": "C3",
  "correctness_status": "pass",
  "detector_interface": "sA-eth3",
  "detector_interface_operstate_after": "up",
  "experiment_family": "active_active_v1",
  "fault_applied": true,
  "fault_interface": "w2-eth0",
  "fault_interface_operstate_after": "up",
  "fault_observation_isolation": {
    "detector_location": "switch-facing peer interface counters",
    "detector_reads_injector_qdisc": false,
    "injector_location": "worker-side egress qdisc",
    "observed_counter": "rx_bytes",
    "same_interface": false
  },
  "fault_period_retention": 0.3732994745689148,
  "fault_to_restoration_window": {
    "baseline_median_bps": 377942365.94794416,
    "interval_retention": 0.5268547173728009,
    "interval_throughput_bps": 199120718.39471182,
    "round_count": 2,
    "total_bytes_completed": 100663296,
    "total_duration_s": 4.044312287
  },
  "fault_window": {
    "baseline_median_bps": 377942365.94794416,
    "bytes_completed": [
      50331648
    ],
    "duration_s": [
      2.853961969
    ],
    "fault_period_retention": 0.3732994745689148,
    "iqr_throughput_bps": 0.0,
    "median_throughput_bps": 141085686.6257001,
    "post_recovery_retention": 0.3732994745689148,
    "round_count": 1,
    "throughput_bps": [
      141085686.6257001
    ]
  },
  "host_refinement": {
    "action": "confirm",
    "baseline_p95_s": 1.0655055249,
    "confidence": null,
    "decision_t_monotonic_ns": 3008777596244179,
    "enabled": true,
    "l_host_ms": 92.511371,
    "reasons": [
      "Switch-side direct symptoms persisted for the configured rule.",
      "Round duration 2.853962s exceeded 1.5x the fault-free p95 (1.598258s).",
      "The alternate fabric health probe passed."
    ]
  },
  "interpretation_boundary": "CPU/Mininet framed AllReduce-like workload; not NCCL, RDMA, a real GPU cluster, or production switch hardware.",
  "latency": {
    "l_commit_to_recovered_round_ms": 1191.206372,
    "l_coordination_ms": 0.543103,
    "l_detection_ms": 2868.530224,
    "l_fault_to_commit_ms": 2869.073327,
    "l_fault_to_recovered_round_complete_ms": 4060.279699,
    "l_host_ms": 92.511371,
    "l_switch_ms": 2776.018853,
    "latency_target": {
      "numeric_target_ms": null,
      "source": "Review feedback requests millisecond-level detection and recovery without a numeric threshold.",
      "status": "not_formally_specified",
      "unit": "ms"
    }
  },
  "post_fault": {
    "baseline_median_bps": 377942365.94794416,
    "bytes_completed": [
      50331648,
      50331648,
      50331648,
      50331648
    ],
    "duration_s": [
      2.853961969,
      1.190350318,
      1.108049826,
      1.071531746
    ],
    "fault_period_retention": 0.9282546266530327,
    "iqr_throughput_bps": 77515405.89727813,
    "median_throughput_bps": 350826749.7993728,
    "post_recovery_retention": 0.9282546266530327,
    "round_count": 4,
    "throughput_bps": [
      141085686.6257001,
      338264440.2334675,
      363389059.365278,
      375773452.81938106
    ]
  },
  "post_recovery": {
    "baseline_median_bps": 377942365.94794416,
    "bytes_completed": [
      50331648,
      50331648,
      50331648
    ],
    "duration_s": [
      1.190350318,
      1.108049826,
      1.071531746
    ],
    "fault_period_retention": 0.9614933177809691,
    "iqr_throughput_bps": 18754506.29295671,
    "median_throughput_bps": 363389059.365278,
    "post_recovery_retention": 0.9614933177809691,
    "round_count": 3,
    "throughput_bps": [
      338264440.2334675,
      363389059.365278,
      375773452.81938106
    ]
  },
  "post_recovery_retention": 0.9614933177809691,
  "recovery": {
    "commit_t_monotonic_ns": 3008777596787282,
    "committed": true,
    "decision": {
      "action": "commit",
      "changed_slots": [
        {
          "new_route": "B",
          "old_route": "A",
          "sender_rank": 0,
          "step_id": 0
        },
        {
          "new_route": "B",
          "old_route": "A",
          "sender_rank": 0,
          "step_id": 2
        },
        {
          "new_route": "B",
          "old_route": "A",
          "sender_rank": 0,
          "step_id": 4
        },
        {
          "new_route": "B",
          "old_route": "A",
          "sender_rank": 1,
          "step_id": 1
        },
        {
          "new_route": "B",
          "old_route": "A",
          "sender_rank": 1,
          "step_id": 3
        },
        {
          "new_route": "B",
          "old_route": "A",
          "sender_rank": 1,
          "step_id": 5
        },
        {
          "new_route": "B",
          "old_route": "A",
          "sender_rank": 2,
          "step_id": 0
        },
        {
          "new_route": "B",
          "old_route": "A",
          "sender_rank": 2,
          "step_id": 2
        },
        {
          "new_route": "B",
          "old_route": "A",
          "sender_rank": 2,
          "step_id": 4
        },
        {
          "new_route": "B",
          "old_route": "A",
          "sender_rank": 3,
          "step_id": 1
        },
        {
          "new_route": "B",
          "old_route": "A",
          "sender_rank": 3,
          "step_id": 3
        },
        {
          "new_route": "B",
          "old_route": "A",
          "sender_rank": 3,
          "step_id": 5
        }
      ],
      "effective_round": 4,
      "missing_ranks": [],
      "plan": {
        "policy": "global_fabric_B",
        "routes": [
          [
            "B",
            "B",
            "B",
            "B",
            "B",
            "B"
          ],
          [
            "B",
            "B",
            "B",
            "B",
            "B",
            "B"
          ],
          [
            "B",
            "B",
            "B",
            "B",
            "B",
            "B"
          ],
          [
            "B",
            "B",
            "B",
            "B",
            "B",
            "B"
          ]
        ],
        "world_size": 4
      },
      "plan_fingerprint": "8fccf6376740115486bead6298b589adf3977a91f512a526c5592672bb1df553",
      "policy": "global_fabric_B",
      "ready_ranks": [
        0,
        1,
        2,
        3
      ],
      "version": 1
    },
    "enabled": true,
    "first_recovered_round_id": 4,
    "l_commit_to_recovered_round_ms": 1191.206372,
    "l_coordination_ms": 0.543103,
    "l_fault_to_commit_ms": 2869.073327,
    "l_fault_to_recovered_round_complete_ms": 4060.279699,
    "oracle": false
  },
  "routing": {
    "changed_slots": [
      {
        "new_route": "B",
        "old_route": "A",
        "sender_rank": 0,
        "step_id": 0
      },
      {
        "new_route": "B",
        "old_route": "A",
        "sender_rank": 0,
        "step_id": 2
      },
      {
        "new_route": "B",
        "old_route": "A",
        "sender_rank": 0,
        "step_id": 4
      },
      {
        "new_route": "B",
        "old_route": "A",
        "sender_rank": 1,
        "step_id": 1
      },
      {
        "new_route": "B",
        "old_route": "A",
        "sender_rank": 1,
        "step_id": 3
      },
      {
        "new_route": "B",
        "old_route": "A",
        "sender_rank": 1,
        "step_id": 5
      },
      {
        "new_route": "B",
        "old_route": "A",
        "sender_rank": 2,
        "step_id": 0
      },
      {
        "new_route": "B",
        "old_route": "A",
        "sender_rank": 2,
        "step_id": 2
      },
      {
        "new_route": "B",
        "old_route": "A",
        "sender_rank": 2,
        "step_id": 4
      },
      {
        "new_route": "B",
        "old_route": "A",
        "sender_rank": 3,
        "step_id": 1
      },
      {
        "new_route": "B",
        "old_route": "A",
        "sender_rank": 3,
        "step_id": 3
      },
      {
        "new_route": "B",
        "old_route": "A",
        "sender_rank": 3,
        "step_id": 5
      }
    ],
    "initial_plan_fingerprint": "6b25bbb30fb02f988d2e6e22ba2dc06d94a582024c487c8e3e27c9bb1843c83e",
    "initial_policy": "balanced_active_active",
    "recovered_plan_fingerprint": "8fccf6376740115486bead6298b589adf3977a91f512a526c5592672bb1df553",
    "recovery_policy": "global_failover"
  },
  "run_id": "aa3_global_rep01",
  "scenario_id": "AA3_GLOBAL",
  "status": "complete",
  "switch_detection": {
    "baseline_median_bps": 422677.72853581747,
    "enabled": true,
    "execution_boundary": {
      "claim_boundary": "Demonstrates a switch-counter-first interface and closed-loop control scaffold; does not satisfy the final switch-hardware placement or ASIC resource-footprint requirement.",
      "data_source": "switch-facing Linux interface counters",
      "process_placement": "orchestrator/root namespace management-plane proxy",
      "resource_budget_enforced": false,
      "switch_resident": false
    },
    "fault_t_monotonic_ns": 3008774727713955,
    "first_suspect_t_monotonic_ns": 3008777503732808,
    "interface": "sA-eth3",
    "l_switch_ms": 2776.018853,
    "rule_version": "l1-v0.2-isolated-rx-rate",
    "state_proxy": {
      "calibration_rate_samples": 152,
      "max_consecutive_evidence_samples": 3,
      "monitored_ports": 1,
      "rss_isolated_or_budgeted": false
    },
    "suspect_count": 1,
    "triggered": true
  },
  "switch_sampling": {
    "max_actual_interval_ms": 20.059945,
    "median_actual_interval_ms": 19.9998295,
    "sample_count": 475,
    "target_interval_ms": 20.0
  },
  "topology": "dual"
}
