{
  "baseline": {
    "baseline_median_bps": 377945787.63669944,
    "bytes_completed": [
      50331648,
      50331648
    ],
    "duration_s": [
      1.065599868,
      1.065145945
    ],
    "fault_period_retention": 1.0,
    "iqr_throughput_bps": 80515.6038390994,
    "median_throughput_bps": 377945787.63669944,
    "post_recovery_retention": 1.0,
    "round_count": 2,
    "throughput_bps": [
      377865272.0328603,
      378026303.24053854
    ]
  },
  "condition": "C5",
  "correctness_status": "pass",
  "detector_interface": "sA-eth3",
  "detector_interface_operstate_after": "up",
  "experiment_family": "active_active_v1",
  "fault_applied": true,
  "fault_interface": "w2-eth0",
  "fault_interface_operstate_after": "up",
  "fault_observation_isolation": {
    "detector_location": "switch-facing peer interface counters",
    "detector_reads_injector_qdisc": false,
    "injector_location": "worker-side egress qdisc",
    "observed_counter": "rx_bytes",
    "same_interface": false
  },
  "fault_period_retention": 0.9933904018638565,
  "fault_to_restoration_window": {
    "baseline_median_bps": 377945787.63669944,
    "interval_retention": 0.8701877894870785,
    "interval_throughput_bps": 328883809.4895323,
    "round_count": 3,
    "total_bytes_completed": 150994944,
    "total_duration_s": 3.672906714
  },
  "fault_window": {
    "baseline_median_bps": 377945787.63669944,
    "bytes_completed": [
      50331648,
      50331648,
      50331648
    ],
    "duration_s": [
      1.530652005,
      1.072461397,
      1.069793312
    ],
    "fault_period_retention": 0.9933904018638565,
    "iqr_throughput_bps": 56662089.09057742,
    "median_throughput_bps": 375447717.86317265,
    "post_recovery_retention": 0.9933904018638565,
    "round_count": 3,
    "throughput_bps": [
      263059913.47785154,
      375447717.86317265,
      376384091.65900636
    ]
  },
  "host_refinement": {
    "action": "suppress",
    "baseline_p95_s": 1.06557717185,
    "confidence": null,
    "decision_t_monotonic_ns": 3008866923567875,
    "enabled": true,
    "l_host_ms": 667.872595,
    "reasons": [
      "Collective impact is not persistent: round duration 1.530652s did not exceed 1.5x the fault-free p95 (1.598366s)."
    ]
  },
  "interpretation_boundary": "CPU/Mininet framed AllReduce-like workload; not NCCL, RDMA, a real GPU cluster, or production switch hardware.",
  "latency": {
    "l_commit_to_recovered_round_ms": null,
    "l_coordination_ms": null,
    "l_detection_ms": null,
    "l_fault_to_commit_ms": null,
    "l_fault_to_recovered_round_complete_ms": null,
    "l_host_ms": 667.872595,
    "l_switch_ms": 877.121781,
    "latency_target": {
      "numeric_target_ms": null,
      "source": "Review feedback requests millisecond-level detection and recovery without a numeric threshold.",
      "status": "not_formally_specified",
      "unit": "ms"
    }
  },
  "post_fault": {
    "baseline_median_bps": 377945787.63669944,
    "bytes_completed": [
      50331648,
      50331648,
      50331648
    ],
    "duration_s": [
      1.530652005,
      1.072461397,
      1.069793312
    ],
    "fault_period_retention": 0.9933904018638565,
    "iqr_throughput_bps": 56662089.09057742,
    "median_throughput_bps": 375447717.86317265,
    "post_recovery_retention": 0.9933904018638565,
    "round_count": 3,
    "throughput_bps": [
      263059913.47785154,
      375447717.86317265,
      376384091.65900636
    ]
  },
  "post_recovery": null,
  "post_recovery_retention": null,
  "recovery": {
    "commit_t_monotonic_ns": null,
    "committed": false,
    "decision": null,
    "enabled": true,
    "first_recovered_round_id": null,
    "l_commit_to_recovered_round_ms": null,
    "l_coordination_ms": null,
    "l_fault_to_commit_ms": null,
    "l_fault_to_recovered_round_complete_ms": null,
    "oracle": false
  },
  "routing": {
    "changed_slots": [],
    "initial_plan_fingerprint": "6b25bbb30fb02f988d2e6e22ba2dc06d94a582024c487c8e3e27c9bb1843c83e",
    "initial_policy": "balanced_active_active",
    "recovered_plan_fingerprint": null,
    "recovery_policy": "localized"
  },
  "run_id": "aa5_transient_rep03",
  "scenario_id": "AA5_TRANSIENT",
  "status": "complete",
  "switch_detection": {
    "baseline_median_bps": 422650.81243563315,
    "enabled": true,
    "execution_boundary": {
      "claim_boundary": "Demonstrates a switch-counter-first interface and closed-loop control scaffold; does not satisfy the final switch-hardware placement or ASIC resource-footprint requirement.",
      "data_source": "switch-facing Linux interface counters",
      "process_placement": "orchestrator/root namespace management-plane proxy",
      "resource_budget_enforced": false,
      "switch_resident": false
    },
    "fault_t_monotonic_ns": 3008865378573499,
    "first_suspect_t_monotonic_ns": 3008866255695280,
    "interface": "sA-eth3",
    "l_switch_ms": 877.121781,
    "rule_version": "l1-v0.2-isolated-rx-rate",
    "state_proxy": {
      "calibration_rate_samples": 150,
      "max_consecutive_evidence_samples": 3,
      "monitored_ports": 1,
      "rss_isolated_or_budgeted": false
    },
    "suspect_count": 1,
    "triggered": true
  },
  "switch_sampling": {
    "max_actual_interval_ms": 20.070394,
    "median_actual_interval_ms": 19.999789999999997,
    "sample_count": 347,
    "target_interval_ms": 20.0
  },
  "topology": "dual"
}
