{
  "baseline": {
    "baseline_median_bps": 377827136.4697851,
    "bytes_completed": [
      50331648,
      50331648
    ],
    "duration_s": [
      1.066158021,
      1.065257206
    ],
    "fault_period_retention": 1.0,
    "iqr_throughput_bps": 159683.7385919094,
    "median_throughput_bps": 377827136.4697851,
    "post_recovery_retention": 1.0,
    "round_count": 2,
    "throughput_bps": [
      377667452.73119324,
      377986820.20837694
    ]
  },
  "condition": "C5",
  "correctness_status": "pass",
  "detector_interface": "sA-eth3",
  "detector_interface_operstate_after": "up",
  "experiment_family": "active_active_v1",
  "fault_applied": true,
  "fault_interface": "w2-eth0",
  "fault_interface_operstate_after": "up",
  "fault_observation_isolation": {
    "detector_location": "switch-facing peer interface counters",
    "detector_reads_injector_qdisc": false,
    "injector_location": "worker-side egress qdisc",
    "observed_counter": "rx_bytes",
    "same_interface": false
  },
  "fault_period_retention": 0.9934137362411837,
  "fault_to_restoration_window": {
    "baseline_median_bps": 377827136.4697851,
    "interval_retention": 0.8705466662198856,
    "interval_throughput_bps": 328916154.0611772,
    "round_count": 3,
    "total_bytes_completed": 150994944,
    "total_duration_s": 3.672545532
  },
  "fault_window": {
    "baseline_median_bps": 377827136.4697851,
    "bytes_completed": [
      50331648,
      50331648,
      50331648
    ],
    "duration_s": [
      1.530060412,
      1.072772989,
      1.069712131
    ],
    "fault_period_retention": 0.9934137362411837,
    "iqr_throughput_bps": 56625515.44092381,
    "median_throughput_bps": 375338667.2937568,
    "post_recovery_retention": 0.9934137362411837,
    "round_count": 3,
    "throughput_bps": [
      263161624.75812098,
      375338667.2937568,
      376412655.63996863
    ]
  },
  "host_refinement": {
    "action": "suppress",
    "baseline_p95_s": 1.06611298025,
    "confidence": null,
    "decision_t_monotonic_ns": 3008856471845915,
    "enabled": true,
    "l_host_ms": 669.221123,
    "reasons": [
      "Collective impact is not persistent: round duration 1.530060s did not exceed 1.5x the fault-free p95 (1.599169s)."
    ]
  },
  "interpretation_boundary": "CPU/Mininet framed AllReduce-like workload; not NCCL, RDMA, a real GPU cluster, or production switch hardware.",
  "latency": {
    "l_commit_to_recovered_round_ms": null,
    "l_coordination_ms": null,
    "l_detection_ms": null,
    "l_fault_to_commit_ms": null,
    "l_fault_to_recovered_round_complete_ms": null,
    "l_host_ms": 669.221123,
    "l_switch_ms": 875.836024,
    "latency_target": {
      "numeric_target_ms": null,
      "source": "Review feedback requests millisecond-level detection and recovery without a numeric threshold.",
      "status": "not_formally_specified",
      "unit": "ms"
    }
  },
  "post_fault": {
    "baseline_median_bps": 377827136.4697851,
    "bytes_completed": [
      50331648,
      50331648,
      50331648
    ],
    "duration_s": [
      1.530060412,
      1.072772989,
      1.069712131
    ],
    "fault_period_retention": 0.9934137362411837,
    "iqr_throughput_bps": 56625515.44092381,
    "median_throughput_bps": 375338667.2937568,
    "post_recovery_retention": 0.9934137362411837,
    "round_count": 3,
    "throughput_bps": [
      263161624.75812098,
      375338667.2937568,
      376412655.63996863
    ]
  },
  "post_recovery": null,
  "post_recovery_retention": null,
  "recovery": {
    "commit_t_monotonic_ns": null,
    "committed": false,
    "decision": null,
    "enabled": true,
    "first_recovered_round_id": null,
    "l_commit_to_recovered_round_ms": null,
    "l_coordination_ms": null,
    "l_fault_to_commit_ms": null,
    "l_fault_to_recovered_round_complete_ms": null,
    "oracle": false
  },
  "routing": {
    "changed_slots": [],
    "initial_plan_fingerprint": "6b25bbb30fb02f988d2e6e22ba2dc06d94a582024c487c8e3e27c9bb1843c83e",
    "initial_policy": "balanced_active_active",
    "recovered_plan_fingerprint": null,
    "recovery_policy": "localized"
  },
  "run_id": "aa5_transient_rep02",
  "scenario_id": "AA5_TRANSIENT",
  "status": "complete",
  "switch_detection": {
    "baseline_median_bps": 424750.9326998538,
    "enabled": true,
    "execution_boundary": {
      "claim_boundary": "Demonstrates a switch-counter-first interface and closed-loop control scaffold; does not satisfy the final switch-hardware placement or ASIC resource-footprint requirement.",
      "data_source": "switch-facing Linux interface counters",
      "process_placement": "orchestrator/root namespace management-plane proxy",
      "resource_budget_enforced": false,
      "switch_resident": false
    },
    "fault_t_monotonic_ns": 3008854926788768,
    "first_suspect_t_monotonic_ns": 3008855802624792,
    "interface": "sA-eth3",
    "l_switch_ms": 875.836024,
    "rule_version": "l1-v0.2-isolated-rx-rate",
    "state_proxy": {
      "calibration_rate_samples": 151,
      "max_consecutive_evidence_samples": 3,
      "monitored_ports": 1,
      "rss_isolated_or_budgeted": false
    },
    "suspect_count": 1,
    "triggered": true
  },
  "switch_sampling": {
    "max_actual_interval_ms": 20.073145,
    "median_actual_interval_ms": 19.999758999999997,
    "sample_count": 347,
    "target_interval_ms": 20.0
  },
  "topology": "dual"
}
