*** Error setting resource limits. Mininet's performance may be affected.
{
  "baseline": {
    "baseline_median_bps": 372040594.2291846,
    "bytes_completed": [
      50331648,
      50331648
    ],
    "duration_s": [
      1.082719024,
      1.081847185
    ],
    "fault_period_retention": 1.0,
    "iqr_throughput_bps": 149849.6549948454,
    "median_throughput_bps": 372040594.2291846,
    "post_recovery_retention": 1.0,
    "round_count": 2,
    "throughput_bps": [
      371890744.5741897,
      372190443.8841795
    ]
  },
  "condition": "C2",
  "correctness_status": "pass",
  "detector_interface": "sA-eth3",
  "detector_interface_operstate_after": "up",
  "experiment_family": "active_active_v1",
  "fault_applied": true,
  "fault_interface": "w2-eth0",
  "fault_interface_operstate_after": "up",
  "fault_kind": "rate_cap",
  "fault_observation_isolation": {
    "detector_location": "switch-facing peer interface counters",
    "detector_reads_injector_qdisc": false,
    "injector_location": "worker-side egress qdisc",
    "observed_counter": "rx_bytes",
    "same_interface": false
  },
  "fault_period_retention": 0.9904313310277846,
  "fault_to_restoration_window": {
    "baseline_median_bps": 372040594.2291846,
    "interval_retention": 0.9347390850174119,
    "interval_throughput_bps": 347760884.63912225,
    "round_count": 8,
    "total_bytes_completed": 402653184,
    "total_duration_s": 9.262759597999999
  },
  "fault_window": {
    "baseline_median_bps": 372040594.2291846,
    "bytes_completed": [
      50331648,
      50331648,
      50331648,
      50331648,
      50331648,
      50331648,
      50331648,
      50331648
    ],
    "duration_s": [
      1.088489949,
      1.088769141,
      1.092402881,
      1.09594715,
      1.093075299,
      1.092359571,
      1.610990464,
      1.100725143
    ],
    "fault_period_retention": 0.9904313310277846,
    "iqr_throughput_bps": 1909230.673419118,
    "median_throughput_bps": 368480660.93877923,
    "post_recovery_retention": 0.9904313310277846,
    "round_count": 8,
    "throughput_bps": [
      369919064.8199545,
      369824206.8379857,
      368594033.394901,
      367402008.3906418,
      368367288.48265743,
      368608647.45423645,
      249941382.6449565,
      365807201.33509296
    ]
  },
  "host_refinement": {
    "action": null,
    "baseline_p95_s": 1.08267543205,
    "confidence": null,
    "decision_t_monotonic_ns": null,
    "enabled": false,
    "gate_mode": "round",
    "l_host_ms": null,
    "reasons": []
  },
  "interpretation_boundary": "CPU/Mininet framed AllReduce-like workload; not NCCL, RDMA, a real GPU cluster, or production switch hardware.",
  "latency": {
    "l_commit_to_recovered_round_ms": null,
    "l_coordination_ms": null,
    "l_detection_ms": null,
    "l_fault_to_commit_ms": null,
    "l_fault_to_first_recovered_step_ms": null,
    "l_fault_to_recovered_round_complete_ms": null,
    "l_host_ms": null,
    "l_suspect_to_commit_ms": null,
    "l_suspect_to_first_recovered_step_ms": null,
    "l_switch_ms": 384.223357,
    "latency_target": {
      "numeric_target_ms": null,
      "source": "Review feedback requests millisecond-level detection and recovery without a numeric threshold.",
      "status": "not_formally_specified",
      "unit": "ms"
    }
  },
  "post_fault": {
    "baseline_median_bps": 372040594.2291846,
    "bytes_completed": [
      50331648,
      50331648,
      50331648,
      50331648,
      50331648,
      50331648,
      50331648,
      50331648
    ],
    "duration_s": [
      1.088489949,
      1.088769141,
      1.092402881,
      1.09594715,
      1.093075299,
      1.092359571,
      1.610990464,
      1.100725143
    ],
    "fault_period_retention": 0.9904313310277846,
    "iqr_throughput_bps": 1909230.673419118,
    "median_throughput_bps": 368480660.93877923,
    "post_recovery_retention": 0.9904313310277846,
    "round_count": 8,
    "throughput_bps": [
      369919064.8199545,
      369824206.8379857,
      368594033.394901,
      367402008.3906418,
      368367288.48265743,
      368608647.45423645,
      249941382.6449565,
      365807201.33509296
    ]
  },
  "post_recovery": null,
  "post_recovery_retention": null,
  "recovery": {
    "commit_t_monotonic_ns": null,
    "committed": false,
    "decision": null,
    "enabled": false,
    "first_recovered_round_id": null,
    "l_commit_to_recovered_round_ms": null,
    "l_coordination_ms": null,
    "l_fault_to_commit_ms": null,
    "l_fault_to_recovered_round_complete_ms": null,
    "oracle": false
  },
  "routing": {
    "changed_slots": [],
    "initial_plan_fingerprint": "6b25bbb30fb02f988d2e6e22ba2dc06d94a582024c487c8e3e27c9bb1843c83e",
    "initial_policy": "balanced_active_active",
    "recovered_plan_fingerprint": null,
    "recovery_policy": "none"
  },
  "run_id": "aa13_lossfast_rep01",
  "scenario_id": "AA13_LOSSFAST",
  "status": "complete",
  "switch_detection": {
    "baseline_median_bps": 95889456.07007763,
    "detector_rule": "burst",
    "enabled": true,
    "execution_boundary": {
      "claim_boundary": "Demonstrates a switch-counter-first interface and closed-loop control scaffold; does not satisfy the final switch-hardware placement or ASIC resource-footprint requirement.",
      "data_source": "switch-facing Linux interface counters",
      "process_placement": "orchestrator/root namespace management-plane proxy",
      "resource_budget_enforced": false,
      "switch_resident": false
    },
    "fault_t_monotonic_ns": 41846164508570,
    "first_suspect_t_monotonic_ns": 41846548731927,
    "interface": "sA-eth3",
    "l_switch_ms": 384.223357,
    "rule_version": "l1-v0.3-burst-aware-rx-rate",
    "state_proxy": {
      "calibration_rate_samples": 88,
      "max_consecutive_evidence_samples": 2,
      "monitored_ports": 1,
      "rss_isolated_or_budgeted": false
    },
    "suspect_count": 1,
    "triggered": true
  },
  "switch_sampling": {
    "max_actual_interval_ms": 23.414741,
    "median_actual_interval_ms": 20.000062,
    "sample_count": 634,
    "target_interval_ms": 20.0
  },
  "topology": "dual"
}
