*** Error setting resource limits. Mininet's performance may be affected.
{
  "baseline": {
    "baseline_median_bps": 71269860.55838072,
    "bytes_completed": [
      50331648,
      50331648
    ],
    "duration_s": [
      5.612519999,
      5.687371696
    ],
    "fault_period_retention": 1.0,
    "iqr_throughput_bps": 472099.2157923728,
    "median_throughput_bps": 71269860.55838072,
    "post_recovery_retention": 1.0,
    "round_count": 2,
    "throughput_bps": [
      71741959.7741731,
      70797761.34258837
    ]
  },
  "condition": "C3",
  "correctness_status": "pass",
  "detector_interface": "sA-eth3",
  "detector_interface_operstate_after": "up",
  "experiment_family": "active_active_v1",
  "fault_applied": true,
  "fault_interface": "w2-eth0",
  "fault_interface_operstate_after": "up",
  "fault_kind": "rate_cap",
  "fault_observation_isolation": {
    "detector_location": "switch-facing peer interface counters",
    "detector_reads_injector_qdisc": false,
    "injector_location": "worker-side egress qdisc",
    "observed_counter": "rx_bytes",
    "same_interface": false
  },
  "fault_period_retention": 0.8724927744336762,
  "fault_to_restoration_window": {
    "baseline_median_bps": 71269860.55838072,
    "interval_retention": 0.8611399572714254,
    "interval_throughput_bps": 61373324.67598443,
    "round_count": 8,
    "total_bytes_completed": 402653184,
    "total_duration_s": 52.485758088000004
  },
  "fault_window": {
    "baseline_median_bps": 71269860.55838072,
    "bytes_completed": [
      50331648,
      50331648,
      50331648,
      50331648,
      50331648,
      50331648,
      50331648,
      50331648
    ],
    "duration_s": [
      7.084670528,
      5.497718143,
      5.689948428,
      6.703286251,
      5.492731123,
      7.835466936,
      7.919527404,
      6.262409275
    ],
    "fault_period_retention": 0.8724927744336762,
    "iqr_throughput_bps": 15911335.122355692,
    "median_throughput_bps": 62182438.37208283,
    "post_recovery_retention": 0.8724927744336762,
    "round_count": 8,
    "throughput_bps": [
      56834426.161193535,
      73240055.87894322,
      70765700.09291479,
      60068027.66925431,
      73306552.78463373,
      51388537.184684254,
      50843082.35320048,
      64296849.07491134
    ]
  },
  "host_refinement": {
    "action": "suppress",
    "baseline_p95_s": 5.683629111149999,
    "confidence": null,
    "decision_t_monotonic_ns": 33441864569780,
    "enabled": true,
    "gate_mode": "policy",
    "l_host_ms": 6880.273747,
    "reasons": [
      "Step-level impact did not persist: 0 slow steps were observed but only 0 completed while the switch-side burst symptom was active (fewer than 2)."
    ]
  },
  "interpretation_boundary": "CPU/Mininet framed AllReduce-like workload; not NCCL, RDMA, a real GPU cluster, or production switch hardware.",
  "latency": {
    "l_commit_to_recovered_round_ms": null,
    "l_coordination_ms": null,
    "l_detection_ms": null,
    "l_fault_to_commit_ms": null,
    "l_fault_to_first_recovered_step_ms": null,
    "l_fault_to_recovered_round_complete_ms": null,
    "l_host_ms": 6880.273747,
    "l_suspect_to_commit_ms": null,
    "l_suspect_to_first_recovered_step_ms": null,
    "l_switch_ms": 216.88651,
    "latency_target": {
      "numeric_target_ms": null,
      "source": "Review feedback requests millisecond-level detection and recovery without a numeric threshold.",
      "status": "not_formally_specified",
      "unit": "ms"
    }
  },
  "post_fault": {
    "baseline_median_bps": 71269860.55838072,
    "bytes_completed": [
      50331648,
      50331648,
      50331648,
      50331648,
      50331648,
      50331648,
      50331648,
      50331648
    ],
    "duration_s": [
      7.084670528,
      5.497718143,
      5.689948428,
      6.703286251,
      5.492731123,
      7.835466936,
      7.919527404,
      6.262409275
    ],
    "fault_period_retention": 0.8724927744336762,
    "iqr_throughput_bps": 15911335.122355692,
    "median_throughput_bps": 62182438.37208283,
    "post_recovery_retention": 0.8724927744336762,
    "round_count": 8,
    "throughput_bps": [
      56834426.161193535,
      73240055.87894322,
      70765700.09291479,
      60068027.66925431,
      73306552.78463373,
      51388537.184684254,
      50843082.35320048,
      64296849.07491134
    ]
  },
  "post_recovery": null,
  "post_recovery_retention": null,
  "recovery": {
    "commit_t_monotonic_ns": null,
    "committed": false,
    "decision": null,
    "enabled": true,
    "first_recovered_round_id": null,
    "l_commit_to_recovered_round_ms": null,
    "l_coordination_ms": null,
    "l_fault_to_commit_ms": null,
    "l_fault_to_recovered_round_complete_ms": null,
    "oracle": false
  },
  "routing": {
    "changed_slots": [],
    "initial_plan_fingerprint": "6b25bbb30fb02f988d2e6e22ba2dc06d94a582024c487c8e3e27c9bb1843c83e",
    "initial_policy": "balanced_active_active",
    "recovered_plan_fingerprint": null,
    "recovery_policy": "localized"
  },
  "run_id": "aa12_policy_rep03",
  "scenario_id": "AA12_POLICY",
  "status": "complete",
  "switch_detection": {
    "baseline_median_bps": 91049579.50509758,
    "detector_rule": "burst",
    "enabled": true,
    "execution_boundary": {
      "claim_boundary": "Demonstrates a switch-counter-first interface and closed-loop control scaffold; does not satisfy the final switch-hardware placement or ASIC resource-footprint requirement.",
      "data_source": "switch-facing Linux interface counters",
      "process_placement": "orchestrator/root namespace management-plane proxy",
      "resource_budget_enforced": false,
      "switch_resident": false
    },
    "fault_t_monotonic_ns": 33434767409523,
    "first_suspect_t_monotonic_ns": 33434984296033,
    "interface": "sA-eth3",
    "l_switch_ms": 216.88651,
    "rule_version": "l1-v0.3-burst-aware-rx-rate",
    "state_proxy": {
      "calibration_rate_samples": 107,
      "max_consecutive_evidence_samples": 2,
      "monitored_ports": 1,
      "rss_isolated_or_budgeted": false
    },
    "suspect_count": 1,
    "triggered": true
  },
  "switch_sampling": {
    "max_actual_interval_ms": 21.925193,
    "median_actual_interval_ms": 19.999962,
    "sample_count": 6944,
    "target_interval_ms": 20.0
  },
  "topology": "dual"
}
