*** Error setting resource limits. Mininet's performance may be affected.
{
  "baseline": {
    "baseline_median_bps": 71455339.98531798,
    "bytes_completed": [
      50331648,
      50331648
    ],
    "duration_s": [
      5.591953824,
      5.678780652
    ],
    "fault_period_retention": 1.0,
    "iqr_throughput_bps": 550473.4875795394,
    "median_throughput_bps": 71455339.98531798,
    "post_recovery_retention": 1.0,
    "round_count": 2,
    "throughput_bps": [
      72005813.47289751,
      70904866.49773842
    ]
  },
  "condition": "C3",
  "correctness_status": "pass",
  "detector_interface": "sA-eth3",
  "detector_interface_operstate_after": "up",
  "experiment_family": "active_active_v1",
  "fault_applied": true,
  "fault_interface": "w2-eth0",
  "fault_interface_operstate_after": "up",
  "fault_kind": "rate_cap",
  "fault_observation_isolation": {
    "detector_location": "switch-facing peer interface counters",
    "detector_reads_injector_qdisc": false,
    "injector_location": "worker-side egress qdisc",
    "observed_counter": "rx_bytes",
    "same_interface": false
  },
  "fault_period_retention": 0.8580829546013538,
  "fault_to_restoration_window": {
    "baseline_median_bps": 71455339.98531798,
    "interval_retention": 0.8310559851059661,
    "interval_throughput_bps": 59383387.96258016,
    "round_count": 8,
    "total_bytes_completed": 402653184,
    "total_duration_s": 54.244555295999994
  },
  "fault_window": {
    "baseline_median_bps": 71455339.98531798,
    "bytes_completed": [
      50331648,
      50331648,
      50331648,
      50331648,
      50331648,
      50331648,
      50331648,
      50331648
    ],
    "duration_s": [
      5.567457189,
      5.523911694,
      7.061465206,
      6.149004831,
      8.087573758,
      5.65333708,
      9.155831388,
      7.04597415
    ],
    "fault_period_retention": 0.8580829546013538,
    "iqr_throughput_bps": 16286088.353650235,
    "median_throughput_bps": 61314609.2566459,
    "post_recovery_retention": 0.8580829546013538,
    "round_count": 8,
    "throughput_bps": [
      72322636.76774184,
      72892762.64813513,
      57021194.929612175,
      65482658.58729491,
      49786647.52228156,
      71223982.9859924,
      43977784.969667904,
      57146559.92599689
    ]
  },
  "host_refinement": {
    "action": "suppress",
    "baseline_p95_s": 5.6744393106,
    "confidence": null,
    "decision_t_monotonic_ns": 33365212675396,
    "enabled": true,
    "gate_mode": "policy",
    "l_host_ms": 5385.516995,
    "reasons": [
      "Step-level impact did not persist: 0 slow steps were observed but only 0 completed while the switch-side burst symptom was active (fewer than 2)."
    ]
  },
  "interpretation_boundary": "CPU/Mininet framed AllReduce-like workload; not NCCL, RDMA, a real GPU cluster, or production switch hardware.",
  "latency": {
    "l_commit_to_recovered_round_ms": null,
    "l_coordination_ms": null,
    "l_detection_ms": null,
    "l_fault_to_commit_ms": null,
    "l_fault_to_first_recovered_step_ms": null,
    "l_fault_to_recovered_round_complete_ms": null,
    "l_host_ms": 5385.516995,
    "l_suspect_to_commit_ms": null,
    "l_suspect_to_first_recovered_step_ms": null,
    "l_switch_ms": 195.433063,
    "latency_target": {
      "numeric_target_ms": null,
      "source": "Review feedback requests millisecond-level detection and recovery without a numeric threshold.",
      "status": "not_formally_specified",
      "unit": "ms"
    }
  },
  "post_fault": {
    "baseline_median_bps": 71455339.98531798,
    "bytes_completed": [
      50331648,
      50331648,
      50331648,
      50331648,
      50331648,
      50331648,
      50331648,
      50331648
    ],
    "duration_s": [
      5.567457189,
      5.523911694,
      7.061465206,
      6.149004831,
      8.087573758,
      5.65333708,
      9.155831388,
      7.04597415
    ],
    "fault_period_retention": 0.8580829546013538,
    "iqr_throughput_bps": 16286088.353650235,
    "median_throughput_bps": 61314609.2566459,
    "post_recovery_retention": 0.8580829546013538,
    "round_count": 8,
    "throughput_bps": [
      72322636.76774184,
      72892762.64813513,
      57021194.929612175,
      65482658.58729491,
      49786647.52228156,
      71223982.9859924,
      43977784.969667904,
      57146559.92599689
    ]
  },
  "post_recovery": null,
  "post_recovery_retention": null,
  "recovery": {
    "commit_t_monotonic_ns": null,
    "committed": false,
    "decision": null,
    "enabled": true,
    "first_recovered_round_id": null,
    "l_commit_to_recovered_round_ms": null,
    "l_coordination_ms": null,
    "l_fault_to_commit_ms": null,
    "l_fault_to_recovered_round_complete_ms": null,
    "oracle": false
  },
  "routing": {
    "changed_slots": [],
    "initial_plan_fingerprint": "6b25bbb30fb02f988d2e6e22ba2dc06d94a582024c487c8e3e27c9bb1843c83e",
    "initial_policy": "balanced_active_active",
    "recovered_plan_fingerprint": null,
    "recovery_policy": "localized"
  },
  "run_id": "aa12_policy_rep02",
  "scenario_id": "AA12_POLICY",
  "status": "complete",
  "switch_detection": {
    "baseline_median_bps": 93124446.46893668,
    "detector_rule": "burst",
    "enabled": true,
    "execution_boundary": {
      "claim_boundary": "Demonstrates a switch-counter-first interface and closed-loop control scaffold; does not satisfy the final switch-hardware placement or ASIC resource-footprint requirement.",
      "data_source": "switch-facing Linux interface counters",
      "process_placement": "orchestrator/root namespace management-plane proxy",
      "resource_budget_enforced": false,
      "switch_resident": false
    },
    "fault_t_monotonic_ns": 33359631725338,
    "first_suspect_t_monotonic_ns": 33359827158401,
    "interface": "sA-eth3",
    "l_switch_ms": 195.433063,
    "rule_version": "l1-v0.3-burst-aware-rx-rate",
    "state_proxy": {
      "calibration_rate_samples": 104,
      "max_consecutive_evidence_samples": 2,
      "monitored_ports": 1,
      "rss_isolated_or_budgeted": false
    },
    "suspect_count": 1,
    "triggered": true
  },
  "switch_sampling": {
    "max_actual_interval_ms": 24.575372,
    "median_actual_interval_ms": 19.9999115,
    "sample_count": 7118,
    "target_interval_ms": 20.0
  },
  "topology": "dual"
}
