*** Error setting resource limits. Mininet's performance may be affected.
{
  "baseline": {
    "baseline_median_bps": 370457594.357442,
    "bytes_completed": [
      50331648,
      50331648
    ],
    "duration_s": [
      1.087663278,
      1.086153021
    ],
    "fault_period_retention": 1.0,
    "iqr_throughput_bps": 257375.0943622589,
    "median_throughput_bps": 370457594.357442,
    "post_recovery_retention": 1.0,
    "round_count": 2,
    "throughput_bps": [
      370200219.2630797,
      370714969.4518043
    ]
  },
  "condition": "C2",
  "correctness_status": "pass",
  "detector_interface": "sA-eth3",
  "detector_interface_operstate_after": "up",
  "experiment_family": "active_active_v1",
  "fault_applied": true,
  "fault_interface": "w2-eth0",
  "fault_interface_operstate_after": "up",
  "fault_kind": "rate_cap",
  "fault_observation_isolation": {
    "detector_location": "switch-facing peer interface counters",
    "detector_reads_injector_qdisc": false,
    "injector_location": "worker-side egress qdisc",
    "observed_counter": "rx_bytes",
    "same_interface": false
  },
  "fault_period_retention": 0.945953082340564,
  "fault_to_restoration_window": {
    "baseline_median_bps": 370457594.357442,
    "interval_retention": 0.9162993873984282,
    "interval_throughput_bps": 339450066.76681954,
    "round_count": 8,
    "total_bytes_completed": 402653184,
    "total_duration_s": 9.48954143
  },
  "fault_window": {
    "baseline_median_bps": 370457594.357442,
    "bytes_completed": [
      50331648,
      50331648,
      50331648,
      50331648,
      50331648,
      50331648,
      50331648,
      50331648
    ],
    "duration_s": [
      1.121515923,
      1.14444803,
      1.156960938,
      1.151656018,
      1.15268767,
      1.146372059,
      1.489730137,
      1.126170655
    ],
    "fault_period_retention": 0.945953082340564,
    "iqr_throughput_bps": 4265044.350412726,
    "median_throughput_bps": 350435503.2588926,
    "post_recovery_retention": 0.945953082340564,
    "round_count": 8,
    "throughput_bps": [
      359025829.0073337,
      351831776.930928,
      348026602.0874077,
      349629731.19287777,
      349316813.6343473,
      351241275.3249074,
      270285989.3878887,
      357541889.5993166
    ]
  },
  "host_refinement": {
    "action": null,
    "baseline_p95_s": 1.0875877651499999,
    "confidence": null,
    "decision_t_monotonic_ns": null,
    "enabled": false,
    "gate_mode": "round",
    "l_host_ms": null,
    "reasons": []
  },
  "interpretation_boundary": "CPU/Mininet framed AllReduce-like workload; not NCCL, RDMA, a real GPU cluster, or production switch hardware.",
  "latency": {
    "l_commit_to_recovered_round_ms": null,
    "l_coordination_ms": null,
    "l_detection_ms": null,
    "l_fault_to_commit_ms": null,
    "l_fault_to_first_recovered_step_ms": null,
    "l_fault_to_recovered_round_complete_ms": null,
    "l_host_ms": null,
    "l_suspect_to_commit_ms": null,
    "l_suspect_to_first_recovered_step_ms": null,
    "l_switch_ms": 774.714317,
    "latency_target": {
      "numeric_target_ms": null,
      "source": "Review feedback requests millisecond-level detection and recovery without a numeric threshold.",
      "status": "not_formally_specified",
      "unit": "ms"
    }
  },
  "post_fault": {
    "baseline_median_bps": 370457594.357442,
    "bytes_completed": [
      50331648,
      50331648,
      50331648,
      50331648,
      50331648,
      50331648,
      50331648,
      50331648
    ],
    "duration_s": [
      1.121515923,
      1.14444803,
      1.156960938,
      1.151656018,
      1.15268767,
      1.146372059,
      1.489730137,
      1.126170655
    ],
    "fault_period_retention": 0.945953082340564,
    "iqr_throughput_bps": 4265044.350412726,
    "median_throughput_bps": 350435503.2588926,
    "post_recovery_retention": 0.945953082340564,
    "round_count": 8,
    "throughput_bps": [
      359025829.0073337,
      351831776.930928,
      348026602.0874077,
      349629731.19287777,
      349316813.6343473,
      351241275.3249074,
      270285989.3878887,
      357541889.5993166
    ]
  },
  "post_recovery": null,
  "post_recovery_retention": null,
  "recovery": {
    "commit_t_monotonic_ns": null,
    "committed": false,
    "decision": null,
    "enabled": false,
    "first_recovered_round_id": null,
    "l_commit_to_recovered_round_ms": null,
    "l_coordination_ms": null,
    "l_fault_to_commit_ms": null,
    "l_fault_to_recovered_round_complete_ms": null,
    "oracle": false
  },
  "routing": {
    "changed_slots": [],
    "initial_plan_fingerprint": "6b25bbb30fb02f988d2e6e22ba2dc06d94a582024c487c8e3e27c9bb1843c83e",
    "initial_policy": "balanced_active_active",
    "recovered_plan_fingerprint": null,
    "recovery_policy": "none"
  },
  "run_id": "aa11_lossdetect_rep02",
  "scenario_id": "AA11_LOSSDETECT",
  "status": "complete",
  "switch_detection": {
    "baseline_median_bps": 95654152.33239456,
    "detector_rule": "burst",
    "enabled": true,
    "execution_boundary": {
      "claim_boundary": "Demonstrates a switch-counter-first interface and closed-loop control scaffold; does not satisfy the final switch-hardware placement or ASIC resource-footprint requirement.",
      "data_source": "switch-facing Linux interface counters",
      "process_placement": "orchestrator/root namespace management-plane proxy",
      "resource_budget_enforced": false,
      "switch_resident": false
    },
    "fault_t_monotonic_ns": 32842793067880,
    "first_suspect_t_monotonic_ns": 32843567782197,
    "interface": "sA-eth3",
    "l_switch_ms": 774.714317,
    "rule_version": "l1-v0.3-burst-aware-rx-rate",
    "state_proxy": {
      "calibration_rate_samples": 87,
      "max_consecutive_evidence_samples": 2,
      "monitored_ports": 1,
      "rss_isolated_or_budgeted": false
    },
    "suspect_count": 1,
    "triggered": true
  },
  "switch_sampling": {
    "max_actual_interval_ms": 20.181225,
    "median_actual_interval_ms": 20.000002000000002,
    "sample_count": 645,
    "target_interval_ms": 20.0
  },
  "topology": "dual"
}
