*** Error setting resource limits. Mininet's performance may be affected.
{
  "baseline": {
    "baseline_median_bps": 370751016.1487227,
    "bytes_completed": [
      50331648,
      50331648
    ],
    "duration_s": [
      1.090172302,
      1.081953632
    ],
    "fault_period_retention": 1.0,
    "iqr_throughput_bps": 1402810.1254146695,
    "median_throughput_bps": 370751016.1487227,
    "post_recovery_retention": 1.0,
    "round_count": 2,
    "throughput_bps": [
      369348206.02330804,
      372153826.2741374
    ]
  },
  "condition": "C2",
  "correctness_status": "pass",
  "detector_interface": "sA-eth3",
  "detector_interface_operstate_after": "up",
  "experiment_family": "active_active_v1",
  "fault_applied": true,
  "fault_interface": "w2-eth0",
  "fault_interface_operstate_after": "up",
  "fault_kind": "rate_cap",
  "fault_observation_isolation": {
    "detector_location": "switch-facing peer interface counters",
    "detector_reads_injector_qdisc": false,
    "injector_location": "worker-side egress qdisc",
    "observed_counter": "rx_bytes",
    "same_interface": false
  },
  "fault_period_retention": 0.9313569393261383,
  "fault_to_restoration_window": {
    "baseline_median_bps": 370751016.1487227,
    "interval_retention": 0.9115417261995251,
    "interval_throughput_bps": 337955021.2504347,
    "round_count": 8,
    "total_bytes_completed": 402653184,
    "total_duration_s": 9.531521265999999
  },
  "fault_window": {
    "baseline_median_bps": 370751016.1487227,
    "bytes_completed": [
      50331648,
      50331648,
      50331648,
      50331648,
      50331648,
      50331648,
      50331648,
      50331648
    ],
    "duration_s": [
      1.126286025,
      1.165165326,
      1.207021052,
      1.162906241,
      1.192962645,
      1.377427297,
      1.132733515,
      1.167019165
    ],
    "fault_period_retention": 0.9313569393261383,
    "iqr_throughput_bps": 12012173.821891308,
    "median_throughput_bps": 345301531.65233004,
    "post_recovery_retention": 0.9313569393261383,
    "round_count": 8,
    "throughput_bps": [
      357505265.1479006,
      345576009.7001033,
      333592511.3591142,
      346247332.59127814,
      337523715.170478,
      292322640.09648126,
      355470354.384279,
      345027053.60455674
    ]
  },
  "host_refinement": {
    "action": null,
    "baseline_p95_s": 1.0897613685,
    "confidence": null,
    "decision_t_monotonic_ns": null,
    "enabled": false,
    "gate_mode": "round",
    "l_host_ms": null,
    "reasons": []
  },
  "interpretation_boundary": "CPU/Mininet framed AllReduce-like workload; not NCCL, RDMA, a real GPU cluster, or production switch hardware.",
  "latency": {
    "l_commit_to_recovered_round_ms": null,
    "l_coordination_ms": null,
    "l_detection_ms": null,
    "l_fault_to_commit_ms": null,
    "l_fault_to_first_recovered_step_ms": null,
    "l_fault_to_recovered_round_complete_ms": null,
    "l_host_ms": null,
    "l_suspect_to_commit_ms": null,
    "l_suspect_to_first_recovered_step_ms": null,
    "l_switch_ms": 606.857069,
    "latency_target": {
      "numeric_target_ms": null,
      "source": "Review feedback requests millisecond-level detection and recovery without a numeric threshold.",
      "status": "not_formally_specified",
      "unit": "ms"
    }
  },
  "post_fault": {
    "baseline_median_bps": 370751016.1487227,
    "bytes_completed": [
      50331648,
      50331648,
      50331648,
      50331648,
      50331648,
      50331648,
      50331648,
      50331648
    ],
    "duration_s": [
      1.126286025,
      1.165165326,
      1.207021052,
      1.162906241,
      1.192962645,
      1.377427297,
      1.132733515,
      1.167019165
    ],
    "fault_period_retention": 0.9313569393261383,
    "iqr_throughput_bps": 12012173.821891308,
    "median_throughput_bps": 345301531.65233004,
    "post_recovery_retention": 0.9313569393261383,
    "round_count": 8,
    "throughput_bps": [
      357505265.1479006,
      345576009.7001033,
      333592511.3591142,
      346247332.59127814,
      337523715.170478,
      292322640.09648126,
      355470354.384279,
      345027053.60455674
    ]
  },
  "post_recovery": null,
  "post_recovery_retention": null,
  "recovery": {
    "commit_t_monotonic_ns": null,
    "committed": false,
    "decision": null,
    "enabled": false,
    "first_recovered_round_id": null,
    "l_commit_to_recovered_round_ms": null,
    "l_coordination_ms": null,
    "l_fault_to_commit_ms": null,
    "l_fault_to_recovered_round_complete_ms": null,
    "oracle": false
  },
  "routing": {
    "changed_slots": [],
    "initial_plan_fingerprint": "6b25bbb30fb02f988d2e6e22ba2dc06d94a582024c487c8e3e27c9bb1843c83e",
    "initial_policy": "balanced_active_active",
    "recovered_plan_fingerprint": null,
    "recovery_policy": "none"
  },
  "run_id": "aa13_lossfast_rep01",
  "scenario_id": "AA13_LOSSFAST",
  "status": "complete",
  "switch_detection": {
    "baseline_median_bps": 95924319.35839273,
    "detector_rule": "burst",
    "enabled": true,
    "execution_boundary": {
      "claim_boundary": "Demonstrates a switch-counter-first interface and closed-loop control scaffold; does not satisfy the final switch-hardware placement or ASIC resource-footprint requirement.",
      "data_source": "switch-facing Linux interface counters",
      "process_placement": "orchestrator/root namespace management-plane proxy",
      "resource_budget_enforced": false,
      "switch_resident": false
    },
    "fault_t_monotonic_ns": 42055440967864,
    "first_suspect_t_monotonic_ns": 42056047824933,
    "interface": "sA-eth3",
    "l_switch_ms": 606.857069,
    "rule_version": "l1-v0.3-burst-aware-rx-rate",
    "state_proxy": {
      "calibration_rate_samples": 89,
      "max_consecutive_evidence_samples": 2,
      "monitored_ports": 1,
      "rss_isolated_or_budgeted": false
    },
    "suspect_count": 1,
    "triggered": true
  },
  "switch_sampling": {
    "max_actual_interval_ms": 23.371499,
    "median_actual_interval_ms": 20.0001475,
    "sample_count": 645,
    "target_interval_ms": 20.0
  },
  "topology": "dual"
}
