{
  "baseline": {
    "baseline_median_bps": 371824635.0314766,
    "bytes_completed": [
      50331648,
      50331648
    ],
    "duration_s": [
      1.082900495,
      1.082922563
    ],
    "fault_period_retention": 1.0,
    "iqr_throughput_bps": 3788.594832599163,
    "median_throughput_bps": 371824635.0314766,
    "post_recovery_retention": 1.0,
    "round_count": 2,
    "throughput_bps": [
      371828423.6263092,
      371820846.4366441
    ]
  },
  "condition": "C1",
  "correctness_status": "pass",
  "detector_interface": "sA-eth3",
  "detector_interface_operstate_after": "up",
  "experiment_family": "active_active_v1",
  "fault_applied": true,
  "fault_interface": "w2-eth0",
  "fault_interface_operstate_after": "up",
  "fault_kind": "rate_cap",
  "fault_observation_isolation": {
    "detector_location": "switch-facing peer interface counters",
    "detector_reads_injector_qdisc": false,
    "injector_location": "worker-side egress qdisc",
    "observed_counter": "rx_bytes",
    "same_interface": false
  },
  "fault_period_retention": 0.9848423385822436,
  "fault_to_restoration_window": {
    "baseline_median_bps": 371824635.0314766,
    "interval_retention": 0.9476012741564258,
    "interval_throughput_bps": 352341497.9185752,
    "round_count": 8,
    "total_bytes_completed": 402653184,
    "total_duration_s": 9.142339154
  },
  "fault_window": {
    "baseline_median_bps": 371824635.0314766,
    "bytes_completed": [
      50331648,
      50331648,
      50331648,
      50331648,
      50331648,
      50331648,
      50331648,
      50331648
    ],
    "duration_s": [
      1.095188661,
      1.100112453,
      1.099045202,
      1.098556941,
      1.100842412,
      1.101487494,
      1.452810164,
      1.094295827
    ],
    "fault_period_retention": 0.9848423385822436,
    "iqr_throughput_bps": 1096325.3747380972,
    "median_throughput_bps": 366188643.10688865,
    "post_recovery_retention": 0.9848423385822436,
    "round_count": 8,
    "throughput_bps": [
      367656458.0501989,
      366010931.7933519,
      366366354.42042536,
      366529188.403717,
      365768233.137442,
      365554022.3500713,
      277154712.96771574,
      367956428.29404664
    ]
  },
  "host_refinement": {
    "action": null,
    "baseline_p95_s": 1.0829214596,
    "confidence": null,
    "decision_t_monotonic_ns": null,
    "enabled": false,
    "gate_mode": "round",
    "l_host_ms": null,
    "reasons": []
  },
  "interpretation_boundary": "CPU/Mininet framed AllReduce-like workload; not NCCL, RDMA, a real GPU cluster, or production switch hardware.",
  "latency": {
    "l_commit_to_recovered_round_ms": null,
    "l_coordination_ms": null,
    "l_detection_ms": null,
    "l_fault_to_commit_ms": null,
    "l_fault_to_first_recovered_step_ms": null,
    "l_fault_to_recovered_round_complete_ms": null,
    "l_host_ms": null,
    "l_suspect_to_commit_ms": null,
    "l_suspect_to_first_recovered_step_ms": null,
    "l_switch_ms": null,
    "latency_target": {
      "numeric_target_ms": null,
      "source": "Review feedback requests millisecond-level detection and recovery without a numeric threshold.",
      "status": "not_formally_specified",
      "unit": "ms"
    }
  },
  "post_fault": {
    "baseline_median_bps": 371824635.0314766,
    "bytes_completed": [
      50331648,
      50331648,
      50331648,
      50331648,
      50331648,
      50331648,
      50331648,
      50331648
    ],
    "duration_s": [
      1.095188661,
      1.100112453,
      1.099045202,
      1.098556941,
      1.100842412,
      1.101487494,
      1.452810164,
      1.094295827
    ],
    "fault_period_retention": 0.9848423385822436,
    "iqr_throughput_bps": 1096325.3747380972,
    "median_throughput_bps": 366188643.10688865,
    "post_recovery_retention": 0.9848423385822436,
    "round_count": 8,
    "throughput_bps": [
      367656458.0501989,
      366010931.7933519,
      366366354.42042536,
      366529188.403717,
      365768233.137442,
      365554022.3500713,
      277154712.96771574,
      367956428.29404664
    ]
  },
  "post_recovery": null,
  "post_recovery_retention": null,
  "recovery": {
    "commit_t_monotonic_ns": null,
    "committed": false,
    "decision": null,
    "enabled": false,
    "first_recovered_round_id": null,
    "l_commit_to_recovered_round_ms": null,
    "l_coordination_ms": null,
    "l_fault_to_commit_ms": null,
    "l_fault_to_recovered_round_complete_ms": null,
    "oracle": false
  },
  "routing": {
    "changed_slots": [],
    "initial_plan_fingerprint": "6b25bbb30fb02f988d2e6e22ba2dc06d94a582024c487c8e3e27c9bb1843c83e",
    "initial_policy": "balanced_active_active",
    "recovered_plan_fingerprint": null,
    "recovery_policy": "none"
  },
  "run_id": "aa9_stay_rep01",
  "scenario_id": "AA9_STAY",
  "status": "complete",
  "switch_detection": {
    "baseline_median_bps": null,
    "detector_rule": "legacy",
    "enabled": false,
    "execution_boundary": {
      "claim_boundary": "Demonstrates a switch-counter-first interface and closed-loop control scaffold; does not satisfy the final switch-hardware placement or ASIC resource-footprint requirement.",
      "data_source": "switch-facing Linux interface counters",
      "process_placement": "orchestrator/root namespace management-plane proxy",
      "resource_budget_enforced": false,
      "switch_resident": false
    },
    "fault_t_monotonic_ns": 1051574711912,
    "first_suspect_t_monotonic_ns": null,
    "interface": "sA-eth3",
    "l_switch_ms": null,
    "rule_version": null,
    "state_proxy": {
      "calibration_rate_samples": 0,
      "max_consecutive_evidence_samples": 0,
      "monitored_ports": 1,
      "rss_isolated_or_budgeted": false
    },
    "suspect_count": 0,
    "triggered": false
  },
  "switch_sampling": {
    "max_actual_interval_ms": 20.126088,
    "median_actual_interval_ms": 19.999764,
    "sample_count": 628,
    "target_interval_ms": 20.0
  },
  "topology": "dual"
}
