*** Error setting resource limits. Mininet's performance may be affected.
{
  "baseline": {
    "baseline_median_bps": 372240092.93527687,
    "bytes_completed": [
      50331648,
      50331648
    ],
    "duration_s": [
      1.081051849,
      1.082354714
    ],
    "fault_period_retention": 1.0,
    "iqr_throughput_bps": 224173.57743871212,
    "median_throughput_bps": 372240092.93527687,
    "post_recovery_retention": 1.0,
    "round_count": 2,
    "throughput_bps": [
      372464266.5127156,
      372015919.35783815
    ]
  },
  "condition": "C2",
  "correctness_status": "pass",
  "detector_interface": "sA-eth3",
  "detector_interface_operstate_after": "up",
  "experiment_family": "active_active_v1",
  "fault_applied": true,
  "fault_interface": "w2-eth0",
  "fault_interface_operstate_after": "up",
  "fault_kind": "rate_cap",
  "fault_observation_isolation": {
    "detector_location": "switch-facing peer interface counters",
    "detector_reads_injector_qdisc": false,
    "injector_location": "worker-side egress qdisc",
    "observed_counter": "rx_bytes",
    "same_interface": false
  },
  "fault_period_retention": 0.986221146011445,
  "fault_to_restoration_window": {
    "baseline_median_bps": 372240092.93527687,
    "interval_retention": 0.9481195948164366,
    "interval_throughput_bps": 352928126.0882274,
    "round_count": 8,
    "total_bytes_completed": 402653184,
    "total_duration_s": 9.127142989999998
  },
  "fault_window": {
    "baseline_median_bps": 372240092.93527687,
    "bytes_completed": [
      50331648,
      50331648,
      50331648,
      50331648,
      50331648,
      50331648,
      50331648,
      50331648
    ],
    "duration_s": [
      1.089371972,
      1.09570621,
      1.090682295,
      1.087988387,
      1.120641757,
      1.11640321,
      1.428421613,
      1.097927546
    ],
    "fault_period_retention": 0.986221146011445,
    "iqr_throughput_bps": 8957517.287123084,
    "median_throughput_bps": 367111051.0460355,
    "post_recovery_retention": 0.986221146011445,
    "round_count": 8,
    "throughput_bps": [
      369619555.44051766,
      367482798.1489673,
      369175502.2024998,
      370089597.28905636,
      359305890.1159615,
      360670034.26118773,
      281886790.52142006,
      366739303.94310373
    ]
  },
  "host_refinement": {
    "action": null,
    "baseline_p95_s": 1.08228957075,
    "confidence": null,
    "decision_t_monotonic_ns": null,
    "enabled": false,
    "gate_mode": "round",
    "l_host_ms": null,
    "reasons": []
  },
  "interpretation_boundary": "CPU/Mininet framed AllReduce-like workload; not NCCL, RDMA, a real GPU cluster, or production switch hardware.",
  "latency": {
    "l_commit_to_recovered_round_ms": null,
    "l_coordination_ms": null,
    "l_detection_ms": null,
    "l_fault_to_commit_ms": null,
    "l_fault_to_first_recovered_step_ms": null,
    "l_fault_to_recovered_round_complete_ms": null,
    "l_host_ms": null,
    "l_suspect_to_commit_ms": null,
    "l_suspect_to_first_recovered_step_ms": null,
    "l_switch_ms": 385.511213,
    "latency_target": {
      "numeric_target_ms": null,
      "source": "Review feedback requests millisecond-level detection and recovery without a numeric threshold.",
      "status": "not_formally_specified",
      "unit": "ms"
    }
  },
  "post_fault": {
    "baseline_median_bps": 372240092.93527687,
    "bytes_completed": [
      50331648,
      50331648,
      50331648,
      50331648,
      50331648,
      50331648,
      50331648,
      50331648
    ],
    "duration_s": [
      1.089371972,
      1.09570621,
      1.090682295,
      1.087988387,
      1.120641757,
      1.11640321,
      1.428421613,
      1.097927546
    ],
    "fault_period_retention": 0.986221146011445,
    "iqr_throughput_bps": 8957517.287123084,
    "median_throughput_bps": 367111051.0460355,
    "post_recovery_retention": 0.986221146011445,
    "round_count": 8,
    "throughput_bps": [
      369619555.44051766,
      367482798.1489673,
      369175502.2024998,
      370089597.28905636,
      359305890.1159615,
      360670034.26118773,
      281886790.52142006,
      366739303.94310373
    ]
  },
  "post_recovery": null,
  "post_recovery_retention": null,
  "recovery": {
    "commit_t_monotonic_ns": null,
    "committed": false,
    "decision": null,
    "enabled": false,
    "first_recovered_round_id": null,
    "l_commit_to_recovered_round_ms": null,
    "l_coordination_ms": null,
    "l_fault_to_commit_ms": null,
    "l_fault_to_recovered_round_complete_ms": null,
    "oracle": false
  },
  "routing": {
    "changed_slots": [],
    "initial_plan_fingerprint": "6b25bbb30fb02f988d2e6e22ba2dc06d94a582024c487c8e3e27c9bb1843c83e",
    "initial_policy": "balanced_active_active",
    "recovered_plan_fingerprint": null,
    "recovery_policy": "none"
  },
  "run_id": "aa11_lossdetect_rep02",
  "scenario_id": "AA11_LOSSDETECT",
  "status": "complete",
  "switch_detection": {
    "baseline_median_bps": 95933224.47184724,
    "detector_rule": "burst",
    "enabled": true,
    "execution_boundary": {
      "claim_boundary": "Demonstrates a switch-counter-first interface and closed-loop control scaffold; does not satisfy the final switch-hardware placement or ASIC resource-footprint requirement.",
      "data_source": "switch-facing Linux interface counters",
      "process_placement": "orchestrator/root namespace management-plane proxy",
      "resource_budget_enforced": false,
      "switch_resident": false
    },
    "fault_t_monotonic_ns": 32633069645688,
    "first_suspect_t_monotonic_ns": 32633455156901,
    "interface": "sA-eth3",
    "l_switch_ms": 385.511213,
    "rule_version": "l1-v0.3-burst-aware-rx-rate",
    "state_proxy": {
      "calibration_rate_samples": 88,
      "max_consecutive_evidence_samples": 2,
      "monitored_ports": 1,
      "rss_isolated_or_budgeted": false
    },
    "suspect_count": 1,
    "triggered": true
  },
  "switch_sampling": {
    "max_actual_interval_ms": 20.131491,
    "median_actual_interval_ms": 20.000285499999997,
    "sample_count": 627,
    "target_interval_ms": 20.0
  },
  "topology": "dual"
}
