*** Error setting resource limits. Mininet's performance may be affected.
{
  "baseline": {
    "baseline_median_bps": 71435717.81090115,
    "bytes_completed": [
      50331648,
      50331648
    ],
    "duration_s": [
      5.593503923,
      5.680325991
    ],
    "fault_period_retention": 1.0,
    "iqr_throughput_bps": 550141.0609100163,
    "median_throughput_bps": 71435717.81090115,
    "post_recovery_retention": 1.0,
    "round_count": 2,
    "throughput_bps": [
      71985858.87181115,
      70885576.74999115
    ]
  },
  "condition": "C3",
  "correctness_status": "pass",
  "detector_interface": "sA-eth3",
  "detector_interface_operstate_after": "up",
  "experiment_family": "active_active_v1",
  "fault_applied": true,
  "fault_interface": "w2-eth0",
  "fault_interface_operstate_after": "up",
  "fault_kind": "rate_cap",
  "fault_observation_isolation": {
    "detector_location": "switch-facing peer interface counters",
    "detector_reads_injector_qdisc": false,
    "injector_location": "worker-side egress qdisc",
    "observed_counter": "rx_bytes",
    "same_interface": false
  },
  "fault_period_retention": 0.8691523791806354,
  "fault_to_restoration_window": {
    "baseline_median_bps": 71435717.81090115,
    "interval_retention": 0.7953441479673481,
    "interval_throughput_bps": 56815980.11674709,
    "round_count": 8,
    "total_bytes_completed": 402653184,
    "total_duration_s": 56.695765265
  },
  "fault_window": {
    "baseline_median_bps": 71435717.81090115,
    "bytes_completed": [
      50331648,
      50331648,
      50331648,
      50331648,
      50331648,
      50331648,
      50331648,
      50331648
    ],
    "duration_s": [
      8.929239792,
      6.506217239,
      6.456821671,
      9.158316192,
      5.558188666,
      6.464212095,
      7.499925126,
      6.122844484
    ],
    "fault_period_retention": 0.8691523791806354,
    "iqr_throughput_bps": 11672115.909254678,
    "median_throughput_bps": 62088524.09382123,
    "post_recovery_retention": 0.8691523791806354,
    "round_count": 8,
    "throughput_bps": [
      45093781.03618073,
      61887448.45259539,
      62360895.88914403,
      43965853.06278537,
      72443237.9316431,
      62289599.735047065,
      53687627.17431961,
      65762438.52872615
    ]
  },
  "host_refinement": {
    "action": "suppress",
    "baseline_p95_s": 5.6759848876,
    "confidence": null,
    "decision_t_monotonic_ns": 35432200861736,
    "enabled": true,
    "gate_mode": "policy",
    "l_host_ms": 604.099899,
    "reasons": [
      "Impact confirmed, but the surviving plane lacks the headroom to absorb the displaced traffic; staying on the degraded path is the lesser cost.",
      "{\"faulted_fabric\": {\"burst_rate_bps\": 61077506.53333537, \"busy_fraction\": 0.10546875, \"demand_bps\": 6441768.2671877155, \"interface\": \"sA-eth3\", \"sample_count\": 256, \"spare_bps\": 54635738.26614766}, \"reuse_factor\": 1.25, \"rule\": \"switch iff surviving spare x reuse_factor >= faulted pre-fault demand\", \"surviving_fabric\": {\"burst_rate_bps\": 9446858.265154077, \"busy_fraction\": 0.96484375, \"demand_bps\": 9114742.154269753, \"interface\": \"sB-eth3\", \"sample_count\": 256, \"spare_bps\": 332116.110884323}}"
    ]
  },
  "interpretation_boundary": "CPU/Mininet framed AllReduce-like workload; not NCCL, RDMA, a real GPU cluster, or production switch hardware.",
  "latency": {
    "l_commit_to_recovered_round_ms": null,
    "l_coordination_ms": null,
    "l_detection_ms": null,
    "l_fault_to_commit_ms": null,
    "l_fault_to_first_recovered_step_ms": null,
    "l_fault_to_recovered_round_complete_ms": null,
    "l_host_ms": 604.099899,
    "l_suspect_to_commit_ms": null,
    "l_suspect_to_first_recovered_step_ms": null,
    "l_switch_ms": 149.117479,
    "latency_target": {
      "numeric_target_ms": null,
      "source": "Review feedback requests millisecond-level detection and recovery without a numeric threshold.",
      "status": "not_formally_specified",
      "unit": "ms"
    }
  },
  "post_fault": {
    "baseline_median_bps": 71435717.81090115,
    "bytes_completed": [
      50331648,
      50331648,
      50331648,
      50331648,
      50331648,
      50331648,
      50331648,
      50331648
    ],
    "duration_s": [
      8.929239792,
      6.506217239,
      6.456821671,
      9.158316192,
      5.558188666,
      6.464212095,
      7.499925126,
      6.122844484
    ],
    "fault_period_retention": 0.8691523791806354,
    "iqr_throughput_bps": 11672115.909254678,
    "median_throughput_bps": 62088524.09382123,
    "post_recovery_retention": 0.8691523791806354,
    "round_count": 8,
    "throughput_bps": [
      45093781.03618073,
      61887448.45259539,
      62360895.88914403,
      43965853.06278537,
      72443237.9316431,
      62289599.735047065,
      53687627.17431961,
      65762438.52872615
    ]
  },
  "post_recovery": null,
  "post_recovery_retention": null,
  "recovery": {
    "commit_t_monotonic_ns": null,
    "committed": false,
    "decision": null,
    "enabled": true,
    "first_recovered_round_id": null,
    "l_commit_to_recovered_round_ms": null,
    "l_coordination_ms": null,
    "l_fault_to_commit_ms": null,
    "l_fault_to_recovered_round_complete_ms": null,
    "oracle": false
  },
  "routing": {
    "changed_slots": [],
    "initial_plan_fingerprint": "6b25bbb30fb02f988d2e6e22ba2dc06d94a582024c487c8e3e27c9bb1843c83e",
    "initial_policy": "balanced_active_active",
    "recovered_plan_fingerprint": null,
    "recovery_policy": "localized"
  },
  "run_id": "aa12_policy_rep01",
  "scenario_id": "AA12_POLICY",
  "status": "complete",
  "switch_detection": {
    "baseline_median_bps": 89346248.85836267,
    "detector_rule": "burst",
    "enabled": true,
    "execution_boundary": {
      "claim_boundary": "Demonstrates a switch-counter-first interface and closed-loop control scaffold; does not satisfy the final switch-hardware placement or ASIC resource-footprint requirement.",
      "data_source": "switch-facing Linux interface counters",
      "process_placement": "orchestrator/root namespace management-plane proxy",
      "resource_budget_enforced": false,
      "switch_resident": false
    },
    "fault_t_monotonic_ns": 35431447644358,
    "first_suspect_t_monotonic_ns": 35431596761837,
    "interface": "sA-eth3",
    "l_switch_ms": 149.117479,
    "rule_version": "l1-v0.3-burst-aware-rx-rate",
    "state_proxy": {
      "calibration_rate_samples": 112,
      "max_consecutive_evidence_samples": 2,
      "monitored_ports": 1,
      "rss_isolated_or_budgeted": false
    },
    "suspect_count": 1,
    "triggered": true
  },
  "switch_sampling": {
    "max_actual_interval_ms": 20.374219,
    "median_actual_interval_ms": 20.0000305,
    "sample_count": 7366,
    "target_interval_ms": 20.0
  },
  "topology": "dual"
}
