*** Error setting resource limits. Mininet's performance may be affected.
{
  "baseline": {
    "baseline_median_bps": 372151181.8095193,
    "bytes_completed": [
      50331648,
      50331648
    ],
    "duration_s": [
      1.08110819,
      1.082815798
    ],
    "fault_period_retention": 1.0,
    "iqr_throughput_bps": 293674.0563861728,
    "median_throughput_bps": 372151181.8095193,
    "post_recovery_retention": 1.0,
    "round_count": 2,
    "throughput_bps": [
      372444855.8659055,
      371857507.7531331
    ]
  },
  "condition": "C2",
  "correctness_status": "pass",
  "detector_interface": "sA-eth3",
  "detector_interface_operstate_after": "up",
  "experiment_family": "active_active_v1",
  "fault_applied": true,
  "fault_interface": "w2-eth0",
  "fault_interface_operstate_after": "up",
  "fault_kind": "rate_cap",
  "fault_observation_isolation": {
    "detector_location": "switch-facing peer interface counters",
    "detector_reads_injector_qdisc": false,
    "injector_location": "worker-side egress qdisc",
    "observed_counter": "rx_bytes",
    "same_interface": false
  },
  "fault_period_retention": 0.19782230452339053,
  "fault_to_restoration_window": {
    "baseline_median_bps": 372151181.8095193,
    "interval_retention": 0.1914223207033606,
    "interval_throughput_bps": 71238042.87447646,
    "round_count": 8,
    "total_bytes_completed": 402653184,
    "total_duration_s": 45.217770478
  },
  "fault_window": {
    "baseline_median_bps": 372151181.8095193,
    "bytes_completed": [
      50331648,
      50331648,
      50331648,
      50331648,
      50331648,
      50331648,
      50331648,
      50331648
    ],
    "duration_s": [
      5.653897956,
      7.35626011,
      1.885771983,
      4.25484208,
      9.443015191,
      6.988346982,
      5.296486834,
      4.339149342
    ],
    "fault_period_retention": 0.19782230452339053,
    "iqr_throughput_bps": 36357709.47214544,
    "median_throughput_bps": 73619804.4166624,
    "post_recovery_retention": 0.19782230452339053,
    "round_count": 8,
    "throughput_bps": [
      71216917.44943832,
      54736126.507087305,
      213521670.5041057,
      94634107.78338452,
      42640319.416595116,
      57617800.75275604,
      76022691.38388647,
      92795419.62351754
    ]
  },
  "host_refinement": {
    "action": null,
    "baseline_p95_s": 1.0827304175999999,
    "confidence": null,
    "decision_t_monotonic_ns": null,
    "enabled": false,
    "gate_mode": "round",
    "l_host_ms": null,
    "reasons": []
  },
  "interpretation_boundary": "CPU/Mininet framed AllReduce-like workload; not NCCL, RDMA, a real GPU cluster, or production switch hardware.",
  "latency": {
    "l_commit_to_recovered_round_ms": null,
    "l_coordination_ms": null,
    "l_detection_ms": null,
    "l_fault_to_commit_ms": null,
    "l_fault_to_first_recovered_step_ms": null,
    "l_fault_to_recovered_round_complete_ms": null,
    "l_host_ms": null,
    "l_suspect_to_commit_ms": null,
    "l_suspect_to_first_recovered_step_ms": null,
    "l_switch_ms": 22.968056,
    "latency_target": {
      "numeric_target_ms": null,
      "source": "Review feedback requests millisecond-level detection and recovery without a numeric threshold.",
      "status": "not_formally_specified",
      "unit": "ms"
    }
  },
  "post_fault": {
    "baseline_median_bps": 372151181.8095193,
    "bytes_completed": [
      50331648,
      50331648,
      50331648,
      50331648,
      50331648,
      50331648,
      50331648,
      50331648
    ],
    "duration_s": [
      5.653897956,
      7.35626011,
      1.885771983,
      4.25484208,
      9.443015191,
      6.988346982,
      5.296486834,
      4.339149342
    ],
    "fault_period_retention": 0.19782230452339053,
    "iqr_throughput_bps": 36357709.47214544,
    "median_throughput_bps": 73619804.4166624,
    "post_recovery_retention": 0.19782230452339053,
    "round_count": 8,
    "throughput_bps": [
      71216917.44943832,
      54736126.507087305,
      213521670.5041057,
      94634107.78338452,
      42640319.416595116,
      57617800.75275604,
      76022691.38388647,
      92795419.62351754
    ]
  },
  "post_recovery": null,
  "post_recovery_retention": null,
  "recovery": {
    "commit_t_monotonic_ns": null,
    "committed": false,
    "decision": null,
    "enabled": false,
    "first_recovered_round_id": null,
    "l_commit_to_recovered_round_ms": null,
    "l_coordination_ms": null,
    "l_fault_to_commit_ms": null,
    "l_fault_to_recovered_round_complete_ms": null,
    "oracle": false
  },
  "routing": {
    "changed_slots": [],
    "initial_plan_fingerprint": "6b25bbb30fb02f988d2e6e22ba2dc06d94a582024c487c8e3e27c9bb1843c83e",
    "initial_policy": "balanced_active_active",
    "recovered_plan_fingerprint": null,
    "recovery_policy": "none"
  },
  "run_id": "aa13_lossfast_rep01",
  "scenario_id": "AA13_LOSSFAST",
  "status": "complete",
  "switch_detection": {
    "baseline_median_bps": 95605595.82463723,
    "detector_rule": "burst",
    "enabled": true,
    "execution_boundary": {
      "claim_boundary": "Demonstrates a switch-counter-first interface and closed-loop control scaffold; does not satisfy the final switch-hardware placement or ASIC resource-footprint requirement.",
      "data_source": "switch-facing Linux interface counters",
      "process_placement": "orchestrator/root namespace management-plane proxy",
      "resource_budget_enforced": false,
      "switch_resident": false
    },
    "fault_t_monotonic_ns": 42109127120723,
    "first_suspect_t_monotonic_ns": 42109150088779,
    "interface": "sA-eth3",
    "l_switch_ms": 22.968056,
    "rule_version": "l1-v0.3-burst-aware-rx-rate",
    "state_proxy": {
      "calibration_rate_samples": 87,
      "max_consecutive_evidence_samples": 2,
      "monitored_ports": 1,
      "rss_isolated_or_budgeted": false
    },
    "suspect_count": 1,
    "triggered": true
  },
  "switch_sampling": {
    "max_actual_interval_ms": 20.415177,
    "median_actual_interval_ms": 19.999671499999998,
    "sample_count": 2431,
    "target_interval_ms": 20.0
  },
  "topology": "dual"
}
