{
  "baseline": {
    "baseline_median_bps": 276762595.47508883,
    "bytes_completed": [
      50331648,
      50331648
    ],
    "duration_s": [
      1.454585017,
      1.455152107
    ],
    "fault_period_retention": 1.0,
    "iqr_throughput_bps": 53939.340077638626,
    "median_throughput_bps": 276762595.47508883,
    "post_recovery_retention": 1.0,
    "round_count": 2,
    "throughput_bps": [
      276816534.8151665,
      276708656.1350112
    ]
  },
  "condition": "C1",
  "correctness_status": "pass",
  "detector_interface": "sA-eth3",
  "detector_interface_operstate_after": "up",
  "experiment_family": "active_active_v1",
  "fault_applied": true,
  "fault_interface": "w2-eth0",
  "fault_interface_operstate_after": "up",
  "fault_kind": "rate_cap",
  "fault_observation_isolation": {
    "detector_location": "switch-facing peer interface counters",
    "detector_reads_injector_qdisc": false,
    "injector_location": "worker-side egress qdisc",
    "observed_counter": "rx_bytes",
    "same_interface": false
  },
  "fault_period_retention": 0.9636839130351805,
  "fault_to_restoration_window": {
    "baseline_median_bps": 276762595.47508883,
    "interval_retention": 0.9509289110875417,
    "interval_throughput_bps": 263181553.54488802,
    "round_count": 8,
    "total_bytes_completed": 402653184,
    "total_duration_s": 12.239556415
  },
  "fault_window": {
    "baseline_median_bps": 276762595.47508883,
    "bytes_completed": [
      50331648,
      50331648,
      50331648,
      50331648,
      50331648,
      50331648,
      50331648,
      50331648
    ],
    "duration_s": [
      1.457519493,
      1.491608148,
      1.528225277,
      1.604185644,
      1.650885097,
      1.609222979,
      1.447506398,
      1.450403379
    ],
    "fault_period_retention": 0.9636839130351805,
    "iqr_throughput_bps": 25792876.941967964,
    "median_throughput_bps": 266711660.98920634,
    "post_recovery_retention": 0.9636839130351805,
    "round_count": 8,
    "throughput_bps": [
      276259210.20872414,
      269945685.49380165,
      263477636.48461103,
      251001612.87816638,
      243901398.5477876,
      250215904.9768329,
      278170227.47280455,
      277614620.75303125
    ]
  },
  "host_refinement": {
    "action": null,
    "baseline_p95_s": 1.4551237525,
    "confidence": null,
    "decision_t_monotonic_ns": null,
    "enabled": false,
    "gate_mode": "round",
    "l_host_ms": null,
    "reasons": []
  },
  "interpretation_boundary": "CPU/Mininet framed AllReduce-like workload; not NCCL, RDMA, a real GPU cluster, or production switch hardware.",
  "latency": {
    "l_commit_to_recovered_round_ms": null,
    "l_coordination_ms": null,
    "l_detection_ms": null,
    "l_fault_to_commit_ms": null,
    "l_fault_to_first_recovered_step_ms": null,
    "l_fault_to_recovered_round_complete_ms": null,
    "l_host_ms": null,
    "l_suspect_to_commit_ms": null,
    "l_suspect_to_first_recovered_step_ms": null,
    "l_switch_ms": null,
    "latency_target": {
      "numeric_target_ms": null,
      "source": "Review feedback requests millisecond-level detection and recovery without a numeric threshold.",
      "status": "not_formally_specified",
      "unit": "ms"
    }
  },
  "post_fault": {
    "baseline_median_bps": 276762595.47508883,
    "bytes_completed": [
      50331648,
      50331648,
      50331648,
      50331648,
      50331648,
      50331648,
      50331648,
      50331648
    ],
    "duration_s": [
      1.457519493,
      1.491608148,
      1.528225277,
      1.604185644,
      1.650885097,
      1.609222979,
      1.447506398,
      1.450403379
    ],
    "fault_period_retention": 0.9636839130351805,
    "iqr_throughput_bps": 25792876.941967964,
    "median_throughput_bps": 266711660.98920634,
    "post_recovery_retention": 0.9636839130351805,
    "round_count": 8,
    "throughput_bps": [
      276259210.20872414,
      269945685.49380165,
      263477636.48461103,
      251001612.87816638,
      243901398.5477876,
      250215904.9768329,
      278170227.47280455,
      277614620.75303125
    ]
  },
  "post_recovery": null,
  "post_recovery_retention": null,
  "recovery": {
    "commit_t_monotonic_ns": null,
    "committed": false,
    "decision": null,
    "enabled": false,
    "first_recovered_round_id": null,
    "l_commit_to_recovered_round_ms": null,
    "l_coordination_ms": null,
    "l_fault_to_commit_ms": null,
    "l_fault_to_recovered_round_complete_ms": null,
    "oracle": false
  },
  "routing": {
    "changed_slots": [],
    "initial_plan_fingerprint": "6b25bbb30fb02f988d2e6e22ba2dc06d94a582024c487c8e3e27c9bb1843c83e",
    "initial_policy": "balanced_active_active",
    "recovered_plan_fingerprint": null,
    "recovery_policy": "none"
  },
  "run_id": "aa9_stay_rep03",
  "scenario_id": "AA9_STAY",
  "status": "complete",
  "switch_detection": {
    "baseline_median_bps": null,
    "detector_rule": "legacy",
    "enabled": false,
    "execution_boundary": {
      "claim_boundary": "Demonstrates a switch-counter-first interface and closed-loop control scaffold; does not satisfy the final switch-hardware placement or ASIC resource-footprint requirement.",
      "data_source": "switch-facing Linux interface counters",
      "process_placement": "orchestrator/root namespace management-plane proxy",
      "resource_budget_enforced": false,
      "switch_resident": false
    },
    "fault_t_monotonic_ns": 643496954566,
    "first_suspect_t_monotonic_ns": null,
    "interface": "sA-eth3",
    "l_switch_ms": null,
    "rule_version": null,
    "state_proxy": {
      "calibration_rate_samples": 0,
      "max_consecutive_evidence_samples": 0,
      "monitored_ports": 1,
      "rss_isolated_or_budgeted": false
    },
    "suspect_count": 0,
    "triggered": false
  },
  "switch_sampling": {
    "max_actual_interval_ms": 28.316953,
    "median_actual_interval_ms": 20.000005,
    "sample_count": 842,
    "target_interval_ms": 20.0
  },
  "topology": "dual"
}
