*** Error setting resource limits. Mininet's performance may be affected.
{
  "baseline": {
    "baseline_median_bps": 71453183.19180073,
    "bytes_completed": [
      50331648,
      50331648
    ],
    "duration_s": [
      5.591211629,
      5.679891869
    ],
    "fault_period_retention": 1.0,
    "iqr_throughput_bps": 562188.5590294898,
    "median_throughput_bps": 71453183.19180073,
    "post_recovery_retention": 1.0,
    "round_count": 2,
    "throughput_bps": [
      72015371.75083022,
      70890994.63277124
    ]
  },
  "condition": "C3",
  "correctness_status": "pass",
  "detector_interface": "sA-eth3",
  "detector_interface_operstate_after": "up",
  "experiment_family": "active_active_v1",
  "fault_applied": true,
  "fault_interface": "w2-eth0",
  "fault_interface_operstate_after": "up",
  "fault_kind": "rate_cap",
  "fault_observation_isolation": {
    "detector_location": "switch-facing peer interface counters",
    "detector_reads_injector_qdisc": false,
    "injector_location": "worker-side egress qdisc",
    "observed_counter": "rx_bytes",
    "same_interface": false
  },
  "fault_period_retention": 0.9482887064904328,
  "fault_to_restoration_window": {
    "baseline_median_bps": 71453183.19180073,
    "interval_retention": 0.7612882798881164,
    "interval_throughput_bps": 54396470.92461645,
    "round_count": 8,
    "total_bytes_completed": 402653184,
    "total_duration_s": 59.217545132
  },
  "fault_window": {
    "baseline_median_bps": 71453183.19180073,
    "bytes_completed": [
      50331648,
      50331648,
      50331648,
      50331648,
      50331648,
      50331648,
      50331648,
      50331648
    ],
    "duration_s": [
      5.714856316,
      5.517612436,
      6.141468346,
      11.902353693,
      9.678436155,
      5.511776972,
      5.756013799,
      8.995027415
    ],
    "fault_period_retention": 0.9482887064904328,
    "iqr_throughput_bps": 27113186.66289205,
    "median_throughput_bps": 67758246.66357665,
    "post_recovery_retention": 0.9482887064904328,
    "round_count": 8,
    "throughput_bps": [
      70457271.66800041,
      72975981.67150426,
      65563015.441128515,
      33829710.86103818,
      41603124.46675431,
      73053243.27263074,
      69953477.88602479,
      44763975.18572766
    ]
  },
  "host_refinement": {
    "action": "suppress",
    "baseline_p95_s": 5.6754578570000005,
    "confidence": null,
    "decision_t_monotonic_ns": 34426621799342,
    "enabled": true,
    "gate_mode": "policy",
    "l_host_ms": 5487.02626,
    "reasons": [
      "Step-level impact did not persist: 0 slow steps were observed but only 0 completed while the switch-side burst symptom was active (fewer than 2)."
    ]
  },
  "interpretation_boundary": "CPU/Mininet framed AllReduce-like workload; not NCCL, RDMA, a real GPU cluster, or production switch hardware.",
  "latency": {
    "l_commit_to_recovered_round_ms": null,
    "l_coordination_ms": null,
    "l_detection_ms": null,
    "l_fault_to_commit_ms": null,
    "l_fault_to_first_recovered_step_ms": null,
    "l_fault_to_recovered_round_complete_ms": null,
    "l_host_ms": 5487.02626,
    "l_suspect_to_commit_ms": null,
    "l_suspect_to_first_recovered_step_ms": null,
    "l_switch_ms": 240.93729,
    "latency_target": {
      "numeric_target_ms": null,
      "source": "Review feedback requests millisecond-level detection and recovery without a numeric threshold.",
      "status": "not_formally_specified",
      "unit": "ms"
    }
  },
  "post_fault": {
    "baseline_median_bps": 71453183.19180073,
    "bytes_completed": [
      50331648,
      50331648,
      50331648,
      50331648,
      50331648,
      50331648,
      50331648,
      50331648
    ],
    "duration_s": [
      5.714856316,
      5.517612436,
      6.141468346,
      11.902353693,
      9.678436155,
      5.511776972,
      5.756013799,
      8.995027415
    ],
    "fault_period_retention": 0.9482887064904328,
    "iqr_throughput_bps": 27113186.66289205,
    "median_throughput_bps": 67758246.66357665,
    "post_recovery_retention": 0.9482887064904328,
    "round_count": 8,
    "throughput_bps": [
      70457271.66800041,
      72975981.67150426,
      65563015.441128515,
      33829710.86103818,
      41603124.46675431,
      73053243.27263074,
      69953477.88602479,
      44763975.18572766
    ]
  },
  "post_recovery": null,
  "post_recovery_retention": null,
  "recovery": {
    "commit_t_monotonic_ns": null,
    "committed": false,
    "decision": null,
    "enabled": true,
    "first_recovered_round_id": null,
    "l_commit_to_recovered_round_ms": null,
    "l_coordination_ms": null,
    "l_fault_to_commit_ms": null,
    "l_fault_to_recovered_round_complete_ms": null,
    "oracle": false
  },
  "routing": {
    "changed_slots": [],
    "initial_plan_fingerprint": "6b25bbb30fb02f988d2e6e22ba2dc06d94a582024c487c8e3e27c9bb1843c83e",
    "initial_policy": "balanced_active_active",
    "recovered_plan_fingerprint": null,
    "recovery_policy": "localized"
  },
  "run_id": "aa12_policy_rep02",
  "scenario_id": "AA12_POLICY",
  "status": "complete",
  "switch_detection": {
    "baseline_median_bps": 92193855.6070173,
    "detector_rule": "burst",
    "enabled": true,
    "execution_boundary": {
      "claim_boundary": "Demonstrates a switch-counter-first interface and closed-loop control scaffold; does not satisfy the final switch-hardware placement or ASIC resource-footprint requirement.",
      "data_source": "switch-facing Linux interface counters",
      "process_placement": "orchestrator/root namespace management-plane proxy",
      "resource_budget_enforced": false,
      "switch_resident": false
    },
    "fault_t_monotonic_ns": 34420893835792,
    "first_suspect_t_monotonic_ns": 34421134773082,
    "interface": "sA-eth3",
    "l_switch_ms": 240.93729,
    "rule_version": "l1-v0.3-burst-aware-rx-rate",
    "state_proxy": {
      "calibration_rate_samples": 109,
      "max_consecutive_evidence_samples": 2,
      "monitored_ports": 1,
      "rss_isolated_or_budgeted": false
    },
    "suspect_count": 1,
    "triggered": true
  },
  "switch_sampling": {
    "max_actual_interval_ms": 20.076551,
    "median_actual_interval_ms": 19.999861,
    "sample_count": 7622,
    "target_interval_ms": 20.0
  },
  "topology": "dual"
}
